Component: ARM Compiler 5.06 update 4 (build 422) Tool: armlink [4d35d2]

==============================================================================

Section Cross References

    startup_stm32f767xx.o(RESET) refers to startup_stm32f767xx.o(STACK) for __initial_sp
    startup_stm32f767xx.o(RESET) refers to startup_stm32f767xx.o(.text) for Reset_Handler
    startup_stm32f767xx.o(RESET) refers to stm32f7xx_it.o(i.NMI_Handler) for NMI_Handler
    startup_stm32f767xx.o(RESET) refers to stm32f7xx_it.o(i.HardFault_Handler) for HardFault_Handler
    startup_stm32f767xx.o(RESET) refers to stm32f7xx_it.o(i.MemManage_Handler) for MemManage_Handler
    startup_stm32f767xx.o(RESET) refers to stm32f7xx_it.o(i.BusFault_Handler) for BusFault_Handler
    startup_stm32f767xx.o(RESET) refers to stm32f7xx_it.o(i.UsageFault_Handler) for UsageFault_Handler
    startup_stm32f767xx.o(RESET) refers to stm32f7xx_it.o(i.SVC_Handler) for SVC_Handler
    startup_stm32f767xx.o(RESET) refers to stm32f7xx_it.o(i.DebugMon_Handler) for DebugMon_Handler
    startup_stm32f767xx.o(RESET) refers to stm32f7xx_it.o(i.PendSV_Handler) for PendSV_Handler
    startup_stm32f767xx.o(RESET) refers to stm32f7xx_it.o(i.SysTick_Handler) for SysTick_Handler
    startup_stm32f767xx.o(RESET) refers to stm32f7xx_it.o(i.TIM3_IRQHandler) for TIM3_IRQHandler
    startup_stm32f767xx.o(RESET) refers to stm32f7xx_it.o(i.USART1_IRQHandler) for USART1_IRQHandler
    startup_stm32f767xx.o(RESET) refers to stm32f7xx_it.o(i.SDMMC1_IRQHandler) for SDMMC1_IRQHandler
    startup_stm32f767xx.o(RESET) refers to stm32f7xx_it.o(i.DMA2_Stream2_IRQHandler) for DMA2_Stream2_IRQHandler
    startup_stm32f767xx.o(RESET) refers to stm32f7xx_it.o(i.DMA2_Stream3_IRQHandler) for DMA2_Stream3_IRQHandler
    startup_stm32f767xx.o(RESET) refers to stm32f7xx_it.o(i.DMA2_Stream6_IRQHandler) for DMA2_Stream6_IRQHandler
    startup_stm32f767xx.o(RESET) refers to stm32f7xx_it.o(i.DMA2_Stream7_IRQHandler) for DMA2_Stream7_IRQHandler
    startup_stm32f767xx.o(.text) refers to system_stm32f7xx.o(i.SystemInit) for SystemInit
    startup_stm32f767xx.o(.text) refers to entry.o(.ARM.Collect$$$$00000000) for __main
    key.o(i.Get_KeyVul) refers to key.o(i.Key_Scan) for Key_Scan
    key.o(i.Get_KeyVul) refers to printf1.o(i.__0printf$1) for __2printf
    key.o(i.Key_Scan) refers to stm32f7xx_hal_gpio.o(i.HAL_GPIO_ReadPin) for HAL_GPIO_ReadPin
    key.o(i.Key_Scan) refers to stm32f7xx_hal.o(i.HAL_Delay) for HAL_Delay
    key.o(i.Key_Scan) refers to key.o(.data) for .data
    sdram.o(i.SDRAM_Init) refers to sdram.o(i.SDRAM_Initialization_Sequence) for SDRAM_Initialization_Sequence
    sdram.o(i.SDRAM_Initialization_Sequence) refers to sdram.o(i.SDRAM_Send_Cmd) for SDRAM_Send_Cmd
    sdram.o(i.SDRAM_Initialization_Sequence) refers to stm32f7xx_hal.o(i.HAL_Delay) for HAL_Delay
    sdram.o(i.SDRAM_Initialization_Sequence) refers to stm32f7xx_hal_sdram.o(i.HAL_SDRAM_ProgramRefreshRate) for HAL_SDRAM_ProgramRefreshRate
    sdram.o(i.SDRAM_Initialization_Sequence) refers to fmc.o(.bss) for hsdram1
    sdram.o(i.SDRAM_Send_Cmd) refers to stm32f7xx_hal_sdram.o(i.HAL_SDRAM_SendCommand) for HAL_SDRAM_SendCommand
    sdram.o(i.SDRAM_Send_Cmd) refers to fmc.o(.bss) for hsdram1
    lcd.o(i.LTDC_DrawLine) refers to ltdc.o(i.LTDC_Draw_Point) for LTDC_Draw_Point
    lcd.o(i.LTDC_DrawLine) refers to lcd.o(.data) for .data
    lcd.o(i.LTDC_DrawRectangle) refers to lcd.o(i.LTDC_DrawLine) for LTDC_DrawLine
    lcd.o(i.LTDC_Draw_Circle) refers to ltdc.o(i.LTDC_Draw_Point) for LTDC_Draw_Point
    lcd.o(i.LTDC_Draw_Circle) refers to lcd.o(.data) for .data
    lcd.o(i.LTDC_ShowChar) refers to ltdc.o(i.LTDC_Draw_Point) for LTDC_Draw_Point
    lcd.o(i.LTDC_ShowChar) refers to ltdc.o(.bss) for lcdltdc
    lcd.o(i.LTDC_ShowChar) refers to lcd.o(.constdata) for .constdata
    lcd.o(i.LTDC_ShowChar) refers to lcd.o(.data) for .data
    lcd.o(i.LTDC_ShowNum) refers to lcd.o(i.LCD_Pow) for LCD_Pow
    lcd.o(i.LTDC_ShowNum) refers to lcd.o(i.LTDC_ShowChar) for LTDC_ShowChar
    lcd.o(i.LTDC_ShowStr) refers to lcd.o(i.LTDC_ShowChar) for LTDC_ShowChar
    lcd.o(i.LTDC_ShowxNum) refers to lcd.o(i.LCD_Pow) for LCD_Pow
    lcd.o(i.LTDC_ShowxNum) refers to lcd.o(i.LTDC_ShowChar) for LTDC_ShowChar
    w25q256.o(i.W25QXX_Erase_Chip) refers to w25q256.o(i.W25QXX_Write_Enable) for W25QXX_Write_Enable
    w25q256.o(i.W25QXX_Erase_Chip) refers to w25q256.o(i.W25QXX_Wait_Busy) for W25QXX_Wait_Busy
    w25q256.o(i.W25QXX_Erase_Chip) refers to quadspi.o(i.QSPI_Send_CMD) for QSPI_Send_CMD
    w25q256.o(i.W25QXX_Erase_Sector) refers to w25q256.o(i.W25QXX_Write_Enable) for W25QXX_Write_Enable
    w25q256.o(i.W25QXX_Erase_Sector) refers to w25q256.o(i.W25QXX_Wait_Busy) for W25QXX_Wait_Busy
    w25q256.o(i.W25QXX_Erase_Sector) refers to quadspi.o(i.QSPI_Send_CMD) for QSPI_Send_CMD
    w25q256.o(i.W25QXX_Init) refers to w25q256.o(i.W25QXX_Qspi_Enable) for W25QXX_Qspi_Enable
[...]
    i.HAL_SD_AbortCallback                   0x08001e28   Section        0  stm32f7xx_hal_sd.o(i.HAL_SD_AbortCallback)
    i.HAL_SD_ConfigWideBusOperation          0x08001e2a   Section        0  stm32f7xx_hal_sd.o(i.HAL_SD_ConfigWideBusOperation)
    i.HAL_SD_ErrorCallback                   0x08001ea2   Section        0  stm32f7xx_hal_sd.o(i.HAL_SD_ErrorCallback)
    i.HAL_SD_GetCardCSD                      0x08001ea4   Section        0  stm32f7xx_hal_sd.o(i.HAL_SD_GetCardCSD)
    i.HAL_SD_GetCardState                    0x0800209e   Section        0  stm32f7xx_hal_sd.o(i.HAL_SD_GetCardState)
    i.HAL_SD_IRQHandler                      0x080020cc   Section        0  stm32f7xx_hal_sd.o(i.HAL_SD_IRQHandler)
    i.HAL_SD_Init                            0x08002274   Section        0  stm32f7xx_hal_sd.o(i.HAL_SD_Init)
    i.HAL_SD_InitCard                        0x080022aa   Section        0  stm32f7xx_hal_sd.o(i.HAL_SD_InitCard)
    i.HAL_SD_MspInit                         0x08002308   Section        0  sdmmc.o(i.HAL_SD_MspInit)
    i.HAL_SD_RxCpltCallback                  0x08002478   Section        0  stm32f7xx_hal_sd.o(i.HAL_SD_RxCpltCallback)
    i.HAL_SD_TxCpltCallback                  0x0800247a   Section        0  stm32f7xx_hal_sd.o(i.HAL_SD_TxCpltCallback)
    i.HAL_SYSTICK_Config                     0x0800247c   Section        0  stm32f7xx_hal_cortex.o(i.HAL_SYSTICK_Config)
    i.HAL_TIMEx_Break2Callback               0x080024a2   Section        0  stm32f7xx_hal_tim_ex.o(i.HAL_TIMEx_Break2Callback)
    i.HAL_TIMEx_BreakCallback                0x080024a4   Section        0  stm32f7xx_hal_tim_ex.o(i.HAL_TIMEx_BreakCallback)
    i.HAL_TIMEx_CommutCallback               0x080024a6   Section        0  stm32f7xx_hal_tim_ex.o(i.HAL_TIMEx_CommutCallback)
    i.HAL_TIMEx_MasterConfigSynchronization  0x080024a8   Section        0  stm32f7xx_hal_tim_ex.o(i.HAL_TIMEx_MasterConfigSynchronization)
    i.HAL_TIM_Base_Init                      0x08002508   Section        0  stm32f7xx_hal_tim.o(i.HAL_TIM_Base_Init)
    i.HAL_TIM_Base_MspInit                   0x08002540   Section        0  tim.o(i.HAL_TIM_Base_MspInit)
    i.HAL_TIM_Base_Start_IT                  0x0800257c   Section        0  stm32f7xx_hal_tim.o(i.HAL_TIM_Base_Start_IT)
    i.HAL_TIM_ConfigClockSource              0x080025a8   Section        0  stm32f7xx_hal_tim.o(i.HAL_TIM_ConfigClockSource)
    i.HAL_TIM_IC_CaptureCallback             0x08002684   Section        0  stm32f7xx_hal_tim.o(i.HAL_TIM_IC_CaptureCallback)
    i.HAL_TIM_IRQHandler                     0x08002686   Section        0  stm32f7xx_hal_tim.o(i.HAL_TIM_IRQHandler)
    i.HAL_TIM_OC_DelayElapsedCallback        0x08002808   Section        0  stm32f7xx_hal_tim.o(i.HAL_TIM_OC_DelayElapsedCallback)
    i.HAL_TIM_PWM_PulseFinishedCallback      0x0800280a   Section        0  stm32f7xx_hal_tim.o(i.HAL_TIM_PWM_PulseFinishedCallback)
    i.HAL_TIM_PeriodElapsedCallback          0x0800280c   Section        0  tim.o(i.HAL_TIM_PeriodElapsedCallback)
    i.HAL_TIM_TriggerCallback                0x08002838   Section        0  stm32f7xx_hal_tim.o(i.HAL_TIM_TriggerCallback)
    i.HAL_UART_ErrorCallback                 0x0800283a   Section        0  stm32f7xx_hal_uart.o(i.HAL_UART_ErrorCallback)
    i.HAL_UART_IRQHandler                    0x0800283c   Section        0  stm32f7xx_hal_uart.o(i.HAL_UART_IRQHandler)
    i.HAL_UART_Init                          0x08002964   Section        0  stm32f7xx_hal_uart.o(i.HAL_UART_Init)
    i.HAL_UART_MspInit                       0x080029cc   Section        0  usart.o(i.HAL_UART_MspInit)
    i.HAL_UART_Receive_IT                    0x08002ab0   Section        0  stm32f7xx_hal_uart.o(i.HAL_UART_Receive_IT)
    i.HAL_UART_RxCpltCallback                0x08002b5c   Section        0  usart.o(i.HAL_UART_RxCpltCallback)
    i.HAL_UART_Transmit                      0x08002bb4   Section        0  stm32f7xx_hal_uart.o(i.HAL_UART_Transmit)
    i.HAL_UART_TxCpltCallback                0x08002c6a   Section        0  stm32f7xx_hal_uart.o(i.HAL_UART_TxCpltCallback)
    i.HardFault_Handler                      0x08002c6c   Section        0  stm32f7xx_it.o(i.HardFault_Handler)
    i.Key_Scan                               0x08002c70   Section        0  key.o(i.Key_Scan)
    i.LTDC_Display_Dir                       0x08002d4c   Section        0  ltdc.o(i.LTDC_Display_Dir)
    i.LTDC_Draw_Point                        0x08002d70   Section        0  ltdc.o(i.LTDC_Draw_Point)
    i.LTDC_LCD_Clear                         0x08002dac   Section        0  ltdc.o(i.LTDC_LCD_Clear)
    i.LTDC_LCD_Fill                          0x08002dd8   Section        0  ltdc.o(i.LTDC_LCD_Fill)
    i.LTDC_LCD_Init                          0x08002e88   Section        0  ltdc.o(i.LTDC_LCD_Init)
    i.LTDC_Layer_Window_Config               0x08002ef0   Section        0  ltdc.o(i.LTDC_Layer_Window_Config)
    i.LTDC_SetConfig                         0x08002f14   Section        0  stm32f7xx_hal_ltdc.o(i.LTDC_SetConfig)
    LTDC_SetConfig                           0x08002f15   Thumb Code   464  stm32f7xx_hal_ltdc.o(i.LTDC_SetConfig)
    i.LTDC_ShowChar                          0x080030e4   Section        0  lcd.o(i.LTDC_ShowChar)
    i.LTDC_ShowStr                           0x080031c8   Section        0  lcd.o(i.LTDC_ShowStr)
    i.MX_DMA_Init                            0x080031fc   Section        0  dma.o(i.MX_DMA_Init)
    i.MX_FMC_Init                            0x08003258   Section        0  fmc.o(i.MX_FMC_Init)
    i.MX_GFXSIMULATOR_Init                   0x08003320   Section        0  gfxsimulator.o(i.MX_GFXSIMULATOR_Init)
    i.MX_GPIO_Init                           0x08003324   Section        0  gpio.o(i.MX_GPIO_Init)
    i.MX_LTDC_Init                           0x0800345c   Section        0  ltdc.o(i.MX_LTDC_Init)
    i.MX_QUADSPI_Init                        0x08003500   Section        0  quadspi.o(i.MX_QUADSPI_Init)
    i.MX_SDMMC1_SD_Init                      0x0800353c   Section        0  sdmmc.o(i.MX_SDMMC1_SD_Init)
    i.MX_TIM3_Init                           0x0800357c   Section        0  tim.o(i.MX_TIM3_Init)
    i.MX_USART1_UART_Init                    0x080035e4   Section        0  usart.o(i.MX_USART1_UART_Init)
    i.MemManage_Handler                      0x08003620   Section        0  stm32f7xx_it.o(i.MemManage_Handler)
    i.NMI_Handler                            0x08003622   Section        0  stm32f7xx_it.o(i.NMI_Handler)
    i.PendSV_Handler                         0x08003624   Section        0  stm32f7xx_it.o(i.PendSV_Handler)
    i.QSPI_Config                            0x08003626   Section        0  stm32f7xx_hal_qspi.o(i.QSPI_Config)
    QSPI_Config                              0x08003627   Thumb Code   424  stm32f7xx_hal_qspi.o(i.QSPI_Config)
    i.QSPI_Receive                           0x080037d0   Section        0  quadspi.o(i.QSPI_Receive)
    i.QSPI_Send_CMD                          0x080037f4   Section        0  quadspi.o(i.QSPI_Send_CMD)
    i.QSPI_Transmit                          0x0800382c   Section        0  quadspi.o(i.QSPI_Transmit)
    i.QSPI_WaitFlagStateUntilTimeout         0x08003850   Section        0  stm32f7xx_hal_qspi.o(i.QSPI_WaitFlagStateUntilTimeout)
    QSPI_WaitFlagStateUntilTimeout           0x08003851   Thumb Code    72  stm32f7xx_hal_qspi.o(i.QSPI_WaitFlagStateUntilTimeout)
    i.SDMMC1_IRQHandler                      0x08003898   Section        0  stm32f7xx_it.o(i.SDMMC1_IRQHandler)
    i.SDMMC_CmdAppCommand                    0x080038a4   Section        0  stm32f7xx_ll_sdmmc.o(i.SDMMC_CmdAppCommand)
    i.SDMMC_CmdAppOperCommand                0x080038d8   Section        0  stm32f7xx_ll_sdmmc.o(i.SDMMC_CmdAppOperCommand)
    i.SDMMC_CmdBlockLength                   0x0800390c   Section        0  stm32f7xx_ll_sdmmc.o(i.SDMMC_CmdBlockLength)
    i.SDMMC_CmdBusWidth                      0x0800393e   Section        0  stm32f7xx_ll_sdmmc.o(i.SDMMC_CmdBusWidth)
    i.SDMMC_CmdGoIdleState                   0x08003970   Section        0  stm32f7xx_ll_sdmmc.o(i.SDMMC_CmdGoIdleState)
    i.SDMMC_CmdOperCond                      0x080039c0   Section        0  stm32f7xx_ll_sdmmc.o(i.SDMMC_CmdOperCond)
    i.SDMMC_CmdSelDesel                      0x08003a24   Section        0  stm32f7xx_ll_sdmmc.o(i.SDMMC_CmdSelDesel)
    i.SDMMC_CmdSendCID                       0x08003a54   Section        0  stm32f7xx_ll_sdmmc.o(i.SDMMC_CmdSendCID)
    i.SDMMC_CmdSendCSD                       0x08003a7e   Section        0  stm32f7xx_ll_sdmmc.o(i.SDMMC_CmdSendCSD)
    i.SDMMC_CmdSendSCR                       0x08003aac   Section        0  stm32f7xx_ll_sdmmc.o(i.SDMMC_CmdSendSCR)
    i.SDMMC_CmdSendStatus                    0x08003adc   Section        0  stm32f7xx_ll_sdmmc.o(i.SDMMC_CmdSendStatus)
    i.SDMMC_CmdSetRelAdd                     0x08003b0e   Section        0  stm32f7xx_ll_sdmmc.o(i.SDMMC_CmdSetRelAdd)
    i.SDMMC_CmdStopTransfer                  0x08003b40   Section        0  stm32f7xx_ll_sdmmc.o(i.SDMMC_CmdStopTransfer)
    i.SDMMC_ConfigData                       0x08003b74   Section        0  stm32f7xx_ll_sdmmc.o(i.SDMMC_ConfigData)
    i.SDMMC_GetCmdResp1                      0x08003b9c   Section        0  stm32f7xx_ll_sdmmc.o(i.SDMMC_GetCmdResp1)
    SDMMC_GetCmdResp1                        0x08003b9d   Thumb Code   276  stm32f7xx_ll_sdmmc.o(i.SDMMC_GetCmdResp1)
    i.SDMMC_GetCmdResp2                      0x08003cb8   Section        0  stm32f7xx_ll_sdmmc.o(i.SDMMC_GetCmdResp2)
    SDMMC_GetCmdResp2                        0x08003cb9   Thumb Code    74  stm32f7xx_ll_sdmmc.o(i.SDMMC_GetCmdResp2)
    i.SDMMC_GetCmdResp3                      0x08003d08   Section        0  stm32f7xx_ll_sdmmc.o(i.SDMMC_GetCmdResp3)
    SDMMC_GetCmdResp3                        0x08003d09   Thumb Code    60  stm32f7xx_ll_sdmmc.o(i.SDMMC_GetCmdResp3)
    i.SDMMC_GetCmdResp6                      0x08003d48   Section        0  stm32f7xx_ll_sdmmc.o(i.SDMMC_GetCmdResp6)
    SDMMC_GetCmdResp6                        0x08003d49   Thumb Code   128  stm32f7xx_ll_sdmmc.o(i.SDMMC_GetCmdResp6)
    i.SDMMC_GetPowerState                    0x08003dcc   Section        0  stm32f7xx_ll_sdmmc.o(i.SDMMC_GetPowerState)
    i.SDMMC_GetResponse                      0x08003dd4   Section        0  stm32f7xx_ll_sdmmc.o(i.SDMMC_GetResponse)
    i.SDMMC_Init                             0x08003de0   Section        0  stm32f7xx_ll_sdmmc.o(i.SDMMC_Init)
    i.SDMMC_PowerState_ON                    0x08003e02   Section        0  stm32f7xx_ll_sdmmc.o(i.SDMMC_PowerState_ON)
    i.SDMMC_ReadFIFO                         0x08003e0a   Section        0  stm32f7xx_ll_sdmmc.o(i.SDMMC_ReadFIFO)
    i.SDMMC_SendCommand                      0x08003e10   Section        0  stm32f7xx_ll_sdmmc.o(i.SDMMC_SendCommand)
    i.SDMMC_WriteFIFO                        0x08003e32   Section        0  stm32f7xx_ll_sdmmc.o(i.SDMMC_WriteFIFO)
    i.SDRAM_Init                             0x08003e3c   Section        0  sdram.o(i.SDRAM_Init)
    i.SDRAM_Initialization_Sequence          0x08003e40   Section        0  sdram.o(i.SDRAM_Initialization_Sequence)
    i.SDRAM_Send_Cmd                         0x08003e8c   Section        0  sdram.o(i.SDRAM_Send_Cmd)
    i.SD_DMARxAbort                          0x08003ec4   Section        0  stm32f7xx_hal_sd.o(i.SD_DMARxAbort)
    SD_DMARxAbort                            0x08003ec5   Thumb Code    72  stm32f7xx_hal_sd.o(i.SD_DMARxAbort)
    i.SD_DMATxAbort                          0x08003f0c   Section        0  stm32f7xx_hal_sd.o(i.SD_DMATxAbort)
    SD_DMATxAbort                            0x08003f0d   Thumb Code    72  stm32f7xx_hal_sd.o(i.SD_DMATxAbort)
    i.SD_FindSCR                             0x08003f54   Section        0  stm32f7xx_hal_sd.o(i.SD_FindSCR)
    SD_FindSCR                               0x08003f55   Thumb Code   214  stm32f7xx_hal_sd.o(i.SD_FindSCR)
    i.SD_InitCard                            0x0800402a   Section        0  stm32f7xx_hal_sd.o(i.SD_InitCard)
    SD_InitCard                              0x0800402b   Thumb Code   230  stm32f7xx_hal_sd.o(i.SD_InitCard)
    i.SD_PowerON                             0x08004110   Section        0  stm32f7xx_hal_sd.o(i.SD_PowerON)
    SD_PowerON                               0x08004111   Thumb Code   166  stm32f7xx_hal_sd.o(i.SD_PowerON)
    i.SD_WideBus_Disable                     0x080041b6   Section        0  stm32f7xx_hal_sd.o(i.SD_WideBus_Disable)
    SD_WideBus_Disable                       0x080041b7   Thumb Code    78  stm32f7xx_hal_sd.o(i.SD_WideBus_Disable)
    i.SD_WideBus_Enable                      0x08004204   Section        0  stm32f7xx_hal_sd.o(i.SD_WideBus_Enable)
    SD_WideBus_Enable                        0x08004205   Thumb Code    78  stm32f7xx_hal_sd.o(i.SD_WideBus_Enable)
    i.SVC_Handler                            0x08004252   Section        0  stm32f7xx_it.o(i.SVC_Handler)
    i.SysTick_Handler                        0x08004254   Section        0  stm32f7xx_it.o(i.SysTick_Handler)
    i.SystemClock_Config                     0x08004258   Section        0  main.o(i.SystemClock_Config)
    i.SystemInit                             0x08004310   Section        0  system_stm32f7xx.o(i.SystemInit)
    i.TIM3_IRQHandler                        0x08004364   Section        0  stm32f7xx_it.o(i.TIM3_IRQHandler)
    i.TIM_Base_SetConfig                     0x08004370   Section        0  stm32f7xx_hal_tim.o(i.TIM_Base_SetConfig)
    i.TIM_ETR_SetConfig                      0x0800443c   Section        0  stm32f7xx_hal_tim.o(i.TIM_ETR_SetConfig)
    i.TIM_ITRx_SetConfig                     0x0800444e   Section        0  stm32f7xx_hal_tim.o(i.TIM_ITRx_SetConfig)
    TIM_ITRx_SetConfig                       0x0800444f   Thumb Code    16  stm32f7xx_hal_tim.o(i.TIM_ITRx_SetConfig)
    i.TIM_TI1_ConfigInputStage               0x0800445e   Section        0  stm32f7xx_hal_tim.o(i.TIM_TI1_ConfigInputStage)
    TIM_TI1_ConfigInputStage                 0x0800445f   Thumb Code    34  stm32f7xx_hal_tim.o(i.TIM_TI1_ConfigInputStage)
    i.TIM_TI2_ConfigInputStage               0x08004480   Section        0  stm32f7xx_hal_tim.o(i.TIM_TI2_ConfigInputStage)
    TIM_TI2_ConfigInputStage                 0x08004481   Thumb Code    36  stm32f7xx_hal_tim.o(i.TIM_TI2_ConfigInputStage)
    i.UART_AdvFeatureConfig                  0x080044a4   Section        0  stm32f7xx_hal_uart.o(i.UART_AdvFeatureConfig)
    i.UART_CheckIdleState                    0x0800456c   Section        0  stm32f7xx_hal_uart.o(i.UART_CheckIdleState)
    i.UART_DMAAbortOnError                   0x080045a8   Section        0  stm32f7xx_hal_uart.o(i.UART_DMAAbortOnError)
    UART_DMAAbortOnError                     0x080045a9   Thumb Code    20  stm32f7xx_hal_uart.o(i.UART_DMAAbortOnError)
    i.UART_EndRxTransfer                     0x080045bc   Section        0  stm32f7xx_hal_uart.o(i.UART_EndRxTransfer)
    UART_EndRxTransfer                       0x080045bd   Thumb Code    32  stm32f7xx_hal_uart.o(i.UART_EndRxTransfer)
    i.UART_RxISR_16BIT                       0x080045dc   Section        0  stm32f7xx_hal_uart.o(i.UART_RxISR_16BIT)
    UART_RxISR_16BIT                         0x080045dd   Thumb Code    90  stm32f7xx_hal_uart.o(i.UART_RxISR_16BIT)
    i.UART_RxISR_8BIT                        0x08004636   Section        0  stm32f7xx_hal_uart.o(i.UART_RxISR_8BIT)
    UART_RxISR_8BIT                          0x08004637   Thumb Code    90  stm32f7xx_hal_uart.o(i.UART_RxISR_8BIT)
    i.UART_SetConfig                         0x08004690   Section        0  stm32f7xx_hal_uart.o(i.UART_SetConfig)
    i.UART_WaitOnFlagUntilTimeout            0x080048e4   Section        0  stm32f7xx_hal_uart.o(i.UART_WaitOnFlagUntilTimeout)
    i.USART1_IRQHandler                      0x08004944   Section        0  stm32f7xx_it.o(i.USART1_IRQHandler)
    i.UsageFault_Handler                     0x08004964   Section        0  stm32f7xx_it.o(i.UsageFault_Handler)
    i.W25QXX_Init                            0x08004968   Section        0  w25q256.o(i.W25QXX_Init)
    i.W25QXX_Qspi_Enable                     0x080049d8   Section        0  w25q256.o(i.W25QXX_Qspi_Enable)
    i.W25QXX_ReadID                          0x08004a18   Section        0  w25q256.o(i.W25QXX_ReadID)
    i.W25QXX_ReadSR                          0x08004a60   Section        0  w25q256.o(i.W25QXX_ReadSR)
    i.W25QXX_Write_Enable                    0x08004ab8   Section        0  w25q256.o(i.W25QXX_Write_Enable)
    i.W25QXX_Write_SR                        0x08004ae4   Section        0  w25q256.o(i.W25QXX_Write_SR)
    i.__0printf$1                            0x08004b34   Section        0  printf1.o(i.__0printf$1)
    i.__NVIC_SetPriority                     0x08004b54   Section        0  stm32f7xx_hal_cortex.o(i.__NVIC_SetPriority)
    __NVIC_SetPriority                       0x08004b55   Thumb Code    34  stm32f7xx_hal_cortex.o(i.__NVIC_SetPriority)
    i.__scatterload_copy                     0x08004b76   Section       14  handlers.o(i.__scatterload_copy)
    i.__scatterload_null                     0x08004b84   Section        2  handlers.o(i.__scatterload_null)
    i.__scatterload_zeroinit                 0x08004b86   Section       14  handlers.o(i.__scatterload_zeroinit)
    i._printf_core                           0x08004b94   Section        0  printf1.o(i._printf_core)
    _printf_core                             0x08004b95   Thumb Code   336  printf1.o(i._printf_core)
    i.fputc                                  0x08004ce8   Section        0  usart.o(i.fputc)
    i.main                                   0x08004d00   Section        0  main.o(i.main)
    i.my_mem_init                            0x08004e64   Section        0  malloc.o(i.my_mem_init)
    i.my_mem_perused                         0x08004e90   Section        0  malloc.o(i.my_mem_perused)
    i.mymemset                               0x08004ecc   Section        0  malloc.o(i.mymemset)
    .constdata                               0x08004eda   Section    18240  lcd.o(.constdata)
    .constdata                               0x0800961c   Section       36  malloc.o(.constdata)
    .constdata                               0x08009640   Section        8  stm32f7xx_hal_dma.o(.constdata)
    flagBitshiftOffset                       0x08009640   Data           8  stm32f7xx_hal_dma.o(.constdata)
    .constdata                               0x08009648   Section       16  system_stm32f7xx.o(.constdata)
    .constdata                               0x08009658   Section        8  system_stm32f7xx.o(.constdata)
    .ARM.__AT_0x20000000                     0x20000000   Section    61440  malloc.o(.ARM.__AT_0x20000000)
    .ARM.__AT_0x2000F000                     0x2000f000   Section     3840  malloc.o(.ARM.__AT_0x2000F000)
    .data                                    0x20020000   Section        1  key.o(.data)
    key_up                                   0x20020000   Data           1  key.o(.data)
    .data                                    0x20020004   Section        8  lcd.o(.data)
    .data                                    0x2002000c   Section        4  w25q256.o(.data)
    .data                                    0x20020010   Section       36  malloc.o(.data)
    .data                                    0x20020034   Section        8  fmc.o(.data)
    FMC_Initialized                          0x20020034   Data           4  fmc.o(.data)
    FMC_DeInitialized                        0x20020038   Data           4  fmc.o(.data)
    .data                                    0x2002003c   Section        8  ltdc.o(.data)
    .data                                    0x20020044   Section        4  usart.o(.data)
    .data                                    0x20020048   Section       12  stm32f7xx_hal.o(.data)
    .data                                    0x20020054   Section        4  system_stm32f7xx.o(.data)
    .data                                    0x20020058   Section        4  stdout.o(.data)
    .bss                                     0x20020080   Section    163840  malloc.o(.bss)
    .bss                                     0x20048080   Section    10240  malloc.o(.bss)
    .bss                                     0x2004a880   Section      116  fmc.o(.bss)
    .bss                                     0x2004a8f4   Section      200  ltdc.o(.bss)
    .bss                                     0x2004a9bc   Section       76  quadspi.o(.bss)
    .bss                                     0x2004aa08   Section      868  sdmmc.o(.bss)
    .bss                                     0x2004ad6c   Section       64  tim.o(.bss)
    .bss                                     0x2004adac   Section      420  usart.o(.bss)
    STACK                                    0x2004af50   Section     2048  startup_stm32f767xx.o(STACK)
    .ARM.__AT_0xC0000000                     0xc0000000   Section    2048000  ltdc.o(.ARM.__AT_0xC0000000)
    .ARM.__AT_0xC01F4000                     0xc01f4000   Section    29605888  malloc.o(.ARM.__AT_0xC01F4000)
    .ARM.__AT_0xC1E30000                     0xc1e30000   Section    1850368  malloc.o(.ARM.__AT_0xC1E30000)

    Global Symbols

    Symbol Name                              Value     Ov Type        Size  Object(Section)

    BuildAttributes$$THM_ISAv4$E$P$D$K$B$S$7EM$VFPv5_D16$PE$PLD8$A:L22UL41UL21$X:L11$S22US41US21$IEEE1$IW$USESV6$~STKCKD$USESV7$~SHL$OSPACE$ROPI$EBA8$MICROLIB$REQ8$PRES8$EABIv2 0x00000000   Number         0  anon$$obj.o ABSOLUTE
    __ARM_use_no_argv                        0x00000000   Number         0  main.o ABSOLUTE
    _printf_a                                0x00000000   Number         0  stubs.o ABSOLUTE
    _printf_c                                0x00000000   Number         0  stubs.o ABSOLUTE
    _printf_charcount                        0x00000000   Number         0  stubs.o ABSOLUTE
    _printf_d                                0x00000000   Number         0  stubs.o ABSOLUTE
    _printf_e                                0x00000000   Number         0  stubs.o ABSOLUTE
    _printf_f                                0x00000000   Number         0  stubs.o ABSOLUTE
    _printf_flags                            0x00000000   Number         0  stubs.o ABSOLUTE
    _printf_fp_dec                           0x00000000   Number         0  stubs.o ABSOLUTE
    _printf_fp_hex                           0x00000000   Number         0  stubs.o ABSOLUTE
    _printf_g                                0x00000000   Number         0  stubs.o ABSOLUTE
    _printf_i                                0x00000000   Number         0  stubs.o ABSOLUTE
    _printf_int_dec                          0x00000000   Number         0  stubs.o ABSOLUTE
    _printf_l                                0x00000000   Number         0  stubs.o ABSOLUTE
    _printf_lc                               0x00000000   Number         0  stubs.o ABSOLUTE
    _printf_ll                               0x00000000   Number         0  stubs.o ABSOLUTE
    _printf_lld                              0x00000000   Number         0  stubs.o ABSOLUTE
    _printf_lli                              0x00000000   Number         0  stubs.o ABSOLUTE
    _printf_llo                              0x00000000   Number         0  stubs.o ABSOLUTE
    _printf_llu                              0x00000000   Number         0  stubs.o ABSOLUTE
    _printf_llx                              0x00000000   Number         0  stubs.o ABSOLUTE
    _printf_longlong_dec                     0x00000000   Number         0  stubs.o ABSOLUTE
    _printf_longlong_hex                     0x00000000   Number         0  stubs.o ABSOLUTE
    _printf_longlong_oct                     0x00000000   Number         0  stubs.o ABSOLUTE
    _printf_ls                               0x00000000   Number         0  stubs.o ABSOLUTE
    _printf_mbtowc                           0x00000000   Number         0  stubs.o ABSOLUTE
    _printf_n                                0x00000000   Number         0  stubs.o ABSOLUTE
    _printf_o                                0x00000000   Number         0  stubs.o ABSOLUTE
    _printf_p                                0x00000000   Number         0  stubs.o ABSOLUTE
    _printf_percent                          0x00000000   Number         0  stubs.o ABSOLUTE
    _printf_pre_padding                      0x00000000   Number         0  stubs.o ABSOLUTE
    _printf_return_value                     0x00000000   Number         0  stubs.o ABSOLUTE
    _printf_s                                0x00000000   Number         0  stubs.o ABSOLUTE
    _printf_sizespec                         0x00000000   Number         0  stubs.o ABSOLUTE
    _printf_str                              0x00000000   Number         0  stubs.o ABSOLUTE
    _printf_truncate_signed                  0x00000000   Number         0  stubs.o ABSOLUTE
    _printf_truncate_unsigned                0x00000000   Number         0  stubs.o ABSOLUTE
    _printf_u                                0x00000000   Number         0  stubs.o ABSOLUTE
    _printf_wc                               0x00000000   Number         0  stubs.o ABSOLUTE
    _printf_wctomb                           0x00000000   Number         0  stubs.o ABSOLUTE
    _printf_widthprec                        0x00000000   Number         0  stubs.o ABSOLUTE
    _printf_x                                0x00000000   Number         0  stubs.o ABSOLUTE
    __cpp_initialize__aeabi_                  - Undefined Weak Reference
    __cxa_finalize                            - Undefined Weak Reference
    __decompress                              - Undefined Weak Reference
    _clock_init                               - Undefined Weak Reference
    _microlib_exit                            - Undefined Weak Reference
    __Vectors_Size                           0x000001f8   Number         0  startup_stm32f767xx.o ABSOLUTE
    __Vectors                                0x08000000   Data           4  startup_stm32f767xx.o(RESET)
    __Vectors_End                            0x080001f8   Data           0  startup_stm32f767xx.o(RESET)
    __main                                   0x080001f9   Thumb Code     0  entry.o(.ARM.Collect$$$$00000000)
    _main_stk                                0x080001f9   Thumb Code     0  entry2.o(.ARM.Collect$$$$00000001)
    _main_scatterload                        0x080001fd   Thumb Code     0  entry5.o(.ARM.Collect$$$$00000004)
    __main_after_scatterload                 0x08000201   Thumb Code     0  entry5.o(.ARM.Collect$$$$00000004)
    _main_clock                              0x08000201   Thumb Code     0  entry7b.o(.ARM.Collect$$$$00000008)
    _main_cpp_init                           0x08000201   Thumb Code     0  entry8b.o(.ARM.Collect$$$$0000000A)
    _main_init                               0x08000201   Thumb Code     0  entry9a.o(.ARM.Collect$$$$0000000B)
    __rt_final_cpp                           0x08000209   Thumb Code     0  entry10a.o(.ARM.Collect$$$$0000000D)
    __rt_final_exit                          0x08000209   Thumb Code     0  entry11a.o(.ARM.Collect$$$$0000000F)
    Reset_Handler                            0x0800020d   Thumb Code     8  startup_stm32f767xx.o(.text)
    ADC_IRQHandler                           0x08000227   Thumb Code     0  startup_stm32f767xx.o(.text)
    CAN1_RX0_IRQHandler                      0x08000227   Thumb Code     0  startup_stm32f767xx.o(.text)
    CAN1_RX1_IRQHandler                      0x08000227   Thumb Code     0  startup_stm32f767xx.o(.text)
    CAN1_SCE_IRQHandler                      0x08000227   Thumb Code     0  startup_stm32f767xx.o(.text)
    CAN1_TX_IRQHandler                       0x08000227   Thumb Code     0  startup_stm32f767xx.o(.text)
    CAN2_RX0_IRQHandler                      0x08000227   Thumb Code     0  startup_stm32f767xx.o(.text)
    CAN2_RX1_IRQHandler                      0x08000227   Thumb Code     0  startup_stm32f767xx.o(.text)
    CAN2_SCE_IRQHandler                      0x08000227   Thumb Code     0  startup_stm32f767xx.o(.text)
    CAN2_TX_IRQHandler                       0x08000227   Thumb Code     0  startup_stm32f767xx.o(.text)
    CAN3_RX0_IRQHandler                      0x08000227   Thumb Code     0  startup_stm32f767xx.o(.text)
    CAN3_RX1_IRQHandler                      0x08000227   Thumb Code     0  startup_stm32f767xx.o(.text)
    CAN3_SCE_IRQHandler                      0x08000227   Thumb Code     0  startup_stm32f767xx.o(.text)
    CAN3_TX_IRQHandler                       0x08000227   Thumb Code     0  startup_stm32f767xx.o(.text)
    CEC_IRQHandler                           0x08000227   Thumb Code     0  startup_stm32f767xx.o(.text)
    DCMI_IRQHandler                          0x08000227   Thumb Code     0  startup_stm32f767xx.o(.text)
    DFSDM1_FLT0_IRQHandler                   0x08000227   Thumb Code     0  startup_stm32f767xx.o(.text)
    DFSDM1_FLT1_IRQHandler                   0x08000227   Thumb Code     0  startup_stm32f767xx.o(.text)
    DFSDM1_FLT2_IRQHandler                   0x08000227   Thumb Code     0  startup_stm32f767xx.o(.text)
    DFSDM1_FLT3_IRQHandler                   0x08000227   Thumb Code     0  startup_stm32f767xx.o(.text)
    DMA1_Stream0_IRQHandler                  0x08000227   Thumb Code     0  startup_stm32f767xx.o(.text)
    DMA1_Stream1_IRQHandler                  0x08000227   Thumb Code     0  startup_stm32f767xx.o(.text)
    DMA1_Stream2_IRQHandler                  0x08000227   Thumb Code     0  startup_stm32f767xx.o(.text)
    DMA1_Stream3_IRQHandler                  0x08000227   Thumb Code     0  startup_stm32f767xx.o(.text)
    DMA1_Stream4_IRQHandler                  0x08000227   Thumb Code     0  startup_stm32f767xx.o(.text)
    DMA1_Stream5_IRQHandler                  0x08000227   Thumb Code     0  startup_stm32f767xx.o(.text)
    DMA1_Stream6_IRQHandler                  0x08000227   Thumb Code     0  startup_stm32f767xx.o(.text)
    DMA1_Stream7_IRQHandler                  0x08000227   Thumb Code     0  startup_stm32f767xx.o(.text)
    DMA2D_IRQHandler                         0x08000227   Thumb Code     0  startup_stm32f767xx.o(.text)
    DMA2_Stream0_IRQHandler                  0x08000227   Thumb Code     0  startup_stm32f767xx.o(.text)
    DMA2_Stream1_IRQHandler                  0x08000227   Thumb Code     0  startup_stm32f767xx.o(.text)
    DMA2_Stream4_IRQHandler                  0x08000227   Thumb Code     0  startup_stm32f767xx.o(.text)
    DMA2_Stream5_IRQHandler                  0x08000227   Thumb Code     0  startup_stm32f767xx.o(.text)
    ETH_IRQHandler                           0x08000227   Thumb Code     0  startup_stm32f767xx.o(.text)
    ETH_WKUP_IRQHandler                      0x08000227   Thumb Code     0  startup_stm32f767xx.o(.text)
    EXTI0_IRQHandler                         0x08000227   Thumb Code     0  startup_stm32f767xx.o(.text)
    EXTI15_10_IRQHandler                     0x08000227   Thumb Code     0  startup_stm32f767xx.o(.text)
    EXTI1_IRQHandler                         0x08000227   Thumb Code     0  startup_stm32f767xx.o(.text)
    EXTI2_IRQHandler                         0x08000227   Thumb Code     0  startup_stm32f767xx.o(.text)
    EXTI3_IRQHandler                         0x08000227   Thumb Code     0  startup_stm32f767xx.o(.text)
    EXTI4_IRQHandler                         0x08000227   Thumb Code     0  startup_stm32f767xx.o(.text)
    EXTI9_5_IRQHandler                       0x08000227   Thumb Code     0  startup_stm32f767xx.o(.text)
    FLASH_IRQHandler                         0x08000227   Thumb Code     0  startup_stm32f767xx.o(.text)
    FMC_IRQHandler                           0x08000227   Thumb Code     0  startup_stm32f767xx.o(.text)
    FPU_IRQHandler                           0x08000227   Thumb Code     0  startup_stm32f767xx.o(.text)
    I2C1_ER_IRQHandler                       0x08000227   Thumb Code     0  startup_stm32f767xx.o(.text)
    I2C1_EV_IRQHandler                       0x08000227   Thumb Code     0  startup_stm32f767xx.o(.text)
    I2C2_ER_IRQHandler                       0x08000227   Thumb Code     0  startup_stm32f767xx.o(.text)
    I2C2_EV_IRQHandler                       0x08000227   Thumb Code     0  startup_stm32f767xx.o(.text)
    I2C3_ER_IRQHandler                       0x08000227   Thumb Code     0  startup_stm32f767xx.o(.text)
    I2C3_EV_IRQHandler                       0x08000227   Thumb Code     0  startup_stm32f767xx.o(.text)
    I2C4_ER_IRQHandler                       0x08000227   Thumb Code     0  startup_stm32f767xx.o(.text)
    I2C4_EV_IRQHandler                       0x08000227   Thumb Code     0  startup_stm32f767xx.o(.text)
    JPEG_IRQHandler                          0x08000227   Thumb Code     0  startup_stm32f767xx.o(.text)
    LPTIM1_IRQHandler                        0x08000227   Thumb Code     0  startup_stm32f767xx.o(.text)
    LTDC_ER_IRQHandler                       0x08000227   Thumb Code     0  startup_stm32f767xx.o(.text)
    LTDC_IRQHandler                          0x08000227   Thumb Code     0  startup_stm32f767xx.o(.text)
    MDIOS_IRQHandler                         0x08000227   Thumb Code     0  startup_stm32f767xx.o(.text)
    OTG_FS_IRQHandler                        0x08000227   Thumb Code     0  startup_stm32f767xx.o(.text)
    OTG_FS_WKUP_IRQHandler                   0x08000227   Thumb Code     0  startup_stm32f767xx.o(.text)
    OTG_HS_EP1_IN_IRQHandler                 0x08000227   Thumb Code     0  startup_stm32f767xx.o(.text)
    OTG_HS_EP1_OUT_IRQHandler                0x08000227   Thumb Code     0  startup_stm32f767xx.o(.text)
    OTG_HS_IRQHandler                        0x08000227   Thumb Code     0  startup_stm32f767xx.o(.text)
    OTG_HS_WKUP_IRQHandler                   0x08000227   Thumb Code     0  startup_stm32f767xx.o(.text)
    PVD_IRQHandler                           0x08000227   Thumb Code     0  startup_stm32f767xx.o(.text)
    QUADSPI_IRQHandler                       0x08000227   Thumb Code     0  startup_stm32f767xx.o(.text)
    RCC_IRQHandler                           0x08000227   Thumb Code     0  startup_stm32f767xx.o(.text)
    RNG_IRQHandler                           0x08000227   Thumb Code     0  startup_stm32f767xx.o(.text)
    RTC_Alarm_IRQHandler                     0x08000227   Thumb Code     0  startup_stm32f767xx.o(.text)
    RTC_WKUP_IRQHandler                      0x08000227   Thumb Code     0  startup_stm32f767xx.o(.text)
    SAI1_IRQHandler                          0x08000227   Thumb Code     0  startup_stm32f767xx.o(.text)
    SAI2_IRQHandler                          0x08000227   Thumb Code     0  startup_stm32f767xx.o(.text)
    SDMMC2_IRQHandler                        0x08000227   Thumb Code     0  startup_stm32f767xx.o(.text)
    SPDIF_RX_IRQHandler                      0x08000227   Thumb Code     0  startup_stm32f767xx.o(.text)
    SPI1_IRQHandler                          0x08000227   Thumb Code     0  startup_stm32f767xx.o(.text)
    SPI2_IRQHandler                          0x08000227   Thumb Code     0  startup_stm32f767xx.o(.text)
    SPI3_IRQHandler                          0x08000227   Thumb Code     0  startup_stm32f767xx.o(.text)
    SPI4_IRQHandler                          0x08000227   Thumb Code     0  startup_stm32f767xx.o(.text)
    SPI5_IRQHandler                          0x08000227   Thumb Code     0  startup_stm32f767xx.o(.text)
    SPI6_IRQHandler                          0x08000227   Thumb Code     0  startup_stm32f767xx.o(.text)
    TAMP_STAMP_IRQHandler                    0x08000227   Thumb Code     0  startup_stm32f767xx.o(.text)
    TIM1_BRK_TIM9_IRQHandler                 0x08000227   Thumb Code     0  startup_stm32f767xx.o(.text)
    TIM1_CC_IRQHandler                       0x08000227   Thumb Code     0  startup_stm32f767xx.o(.text)
    TIM1_TRG_COM_TIM11_IRQHandler            0x08000227   Thumb Code     0  startup_stm32f767xx.o(.text)
    TIM1_UP_TIM10_IRQHandler                 0x08000227   Thumb Code     0  startup_stm32f767xx.o(.text)
    TIM2_IRQHandler                          0x08000227   Thumb Code     0  startup_stm32f767xx.o(.text)
    TIM4_IRQHandler                          0x08000227   Thumb Code     0  startup_stm32f767xx.o(.text)
    TIM5_IRQHandler                          0x08000227   Thumb Code     0  startup_stm32f767xx.o(.text)
    TIM6_DAC_IRQHandler                      0x08000227   Thumb Code     0  startup_stm32f767xx.o(.text)
    TIM7_IRQHandler                          0x08000227   Thumb Code     0  startup_stm32f767xx.o(.text)
    TIM8_BRK_TIM12_IRQHandler                0x08000227   Thumb Code     0  startup_stm32f767xx.o(.text)
    TIM8_CC_IRQHandler                       0x08000227   Thumb Code     0  startup_stm32f767xx.o(.text)
    TIM8_TRG_COM_TIM14_IRQHandler            0x08000227   Thumb Code     0  startup_stm32f767xx.o(.text)
    TIM8_UP_TIM13_IRQHandler                 0x08000227   Thumb Code     0  startup_stm32f767xx.o(.text)
    UART4_IRQHandler                         0x08000227   Thumb Code     0  startup_stm32f767xx.o(.text)
    UART5_IRQHandler                         0x08000227   Thumb Code     0  startup_stm32f767xx.o(.text)
    UART7_IRQHandler                         0x08000227   Thumb Code     0  startup_stm32f767xx.o(.text)
    UART8_IRQHandler                         0x08000227   Thumb Code     0  startup_stm32f767xx.o(.text)
    USART2_IRQHandler                        0x08000227   Thumb Code     0  startup_stm32f767xx.o(.text)
    USART3_IRQHandler                        0x08000227   Thumb Code     0  startup_stm32f767xx.o(.text)
    USART6_IRQHandler                        0x08000227   Thumb Code     0  startup_stm32f767xx.o(.text)
    WWDG_IRQHandler                          0x08000227   Thumb Code     0  startup_stm32f767xx.o(.text)
    __aeabi_uldivmod                         0x08000231   Thumb Code    98  uldiv.o(.text)
    __aeabi_memcpy                           0x08000293   Thumb Code    36  memcpya.o(.text)
    __aeabi_memcpy4                          0x08000293   Thumb Code     0  memcpya.o(.text)
    __aeabi_memcpy8                          0x08000293   Thumb Code     0  memcpya.o(.text)
    __aeabi_memset                           0x080002b7   Thumb Code    14  memseta.o(.text)
    __aeabi_memset4                          0x080002b7   Thumb Code     0  memseta.o(.text)
    __aeabi_memset8                          0x080002b7   Thumb Code     0  memseta.o(.text)
    __aeabi_memclr                           0x080002c5   Thumb Code     4  memseta.o(.text)
    __aeabi_memclr4                          0x080002c5   Thumb Code     0  memseta.o(.text)
    __aeabi_memclr8                          0x080002c5   Thumb Code     0  memseta.o(.text)
    _memset$wrapper                          0x080002c9   Thumb Code    18  memseta.o(.text)
    __aeabi_uidiv                            0x080002db   Thumb Code     0  uidiv.o(.text)
    __aeabi_uidivmod                         0x080002db   Thumb Code    44  uidiv.o(.text)
    __aeabi_llsl                             0x08000307   Thumb Code    30  llshl.o(.text)
    _ll_shift_l                              0x08000307   Thumb Code     0  llshl.o(.text)
    __aeabi_llsr                             0x08000325   Thumb Code    32  llushr.o(.text)
    _ll_ushift_r                             0x08000325   Thumb Code     0  llushr.o(.text)
    __scatterload                            0x08000345   Thumb Code    28  init.o(.text)
    __scatterload_rt2                        0x08000345   Thumb Code     0  init.o(.text)
    BusFault_Handler                         0x08000369   Thumb Code     2  stm32f7xx_it.o(i.BusFault_Handler)
    DMA2_Stream2_IRQHandler                  0x0800036d   Thumb Code     6  stm32f7xx_it.o(i.DMA2_Stream2_IRQHandler)
    DMA2_Stream3_IRQHandler                  0x08000379   Thumb Code     6  stm32f7xx_it.o(i.DMA2_Stream3_IRQHandler)
    DMA2_Stream6_IRQHandler                  0x08000385   Thumb Code     6  stm32f7xx_it.o(i.DMA2_Stream6_IRQHandler)
    DMA2_Stream7_IRQHandler                  0x08000391   Thumb Code     6  stm32f7xx_it.o(i.DMA2_Stream7_IRQHandler)
    DebugMon_Handler                         0x08000419   Thumb Code     2  stm32f7xx_it.o(i.DebugMon_Handler)
    Error_Handler                            0x0800041b   Thumb Code     2  main.o(i.Error_Handler)
    FMC_NAND_AttributeSpace_Timing_Init      0x0800041d   Thumb Code    30  stm32f7xx_ll_fmc.o(i.FMC_NAND_AttributeSpace_Timing_Init)
    FMC_NAND_CommonSpace_Timing_Init         0x0800043b   Thumb Code    30  stm32f7xx_ll_fmc.o(i.FMC_NAND_CommonSpace_Timing_Init)
    FMC_NAND_Init                            0x08000459   Thumb Code    46  stm32f7xx_ll_fmc.o(i.FMC_NAND_Init)
    FMC_SDRAM_Init                           0x0800048d   Thumb Code    94  stm32f7xx_ll_fmc.o(i.FMC_SDRAM_Init)
    FMC_SDRAM_ProgramRefreshRate             0x080004eb   Thumb Code    12  stm32f7xx_ll_fmc.o(i.FMC_SDRAM_ProgramRefreshRate)
    FMC_SDRAM_SendCommand                    0x080004f7   Thumb Code    32  stm32f7xx_ll_fmc.o(i.FMC_SDRAM_SendCommand)
    FMC_SDRAM_Timing_Init                    0x08000519   Thumb Code   134  stm32f7xx_ll_fmc.o(i.FMC_SDRAM_Timing_Init)
    HAL_DMA_Abort_IT                         0x080005a5   Thumb Code    36  stm32f7xx_hal_dma.o(i.HAL_DMA_Abort_IT)
    HAL_DMA_IRQHandler                       0x080005c9   Thumb Code   412  stm32f7xx_hal_dma.o(i.HAL_DMA_IRQHandler)
    HAL_DMA_Init                             0x08000769   Thumb Code   222  stm32f7xx_hal_dma.o(i.HAL_DMA_Init)
    HAL_Delay                                0x0800084d   Thumb Code    32  stm32f7xx_hal.o(i.HAL_Delay)
    HAL_GPIO_Init                            0x08000909   Thumb Code   418  stm32f7xx_hal_gpio.o(i.HAL_GPIO_Init)
    HAL_GPIO_ReadPin                         0x08000ae1   Thumb Code    10  stm32f7xx_hal_gpio.o(i.HAL_GPIO_ReadPin)
    HAL_GPIO_TogglePin                       0x08000aeb   Thumb Code    14  stm32f7xx_hal_gpio.o(i.HAL_GPIO_TogglePin)
    HAL_GPIO_WritePin                        0x08000af9   Thumb Code    10  stm32f7xx_hal_gpio.o(i.HAL_GPIO_WritePin)
    HAL_GetTick                              0x08000b05   Thumb Code     6  stm32f7xx_hal.o(i.HAL_GetTick)
    HAL_IncTick                              0x08000b11   Thumb Code    12  stm32f7xx_hal.o(i.HAL_IncTick)
    HAL_Init                                 0x08000b21   Thumb Code    40  stm32f7xx_hal.o(i.HAL_Init)
    HAL_InitTick                             0x08000b4d   Thumb Code    54  stm32f7xx_hal.o(i.HAL_InitTick)
    HAL_LTDC_ConfigLayer                     0x08000b8d   Thumb Code    82  stm32f7xx_hal_ltdc.o(i.HAL_LTDC_ConfigLayer)
    HAL_LTDC_Init                            0x08000be1   Thumb Code   242  stm32f7xx_hal_ltdc.o(i.HAL_LTDC_Init)
    HAL_LTDC_MspInit                         0x08000cd9   Thumb Code   212  ltdc.o(i.HAL_LTDC_MspInit)
    HAL_LTDC_SetWindowPosition               0x08000dc9   Thumb Code    84  stm32f7xx_hal_ltdc.o(i.HAL_LTDC_SetWindowPosition)
    HAL_LTDC_SetWindowSize                   0x08000e1d   Thumb Code    84  stm32f7xx_hal_ltdc.o(i.HAL_LTDC_SetWindowSize)
    HAL_MspInit                              0x08000e71   Thumb Code    42  stm32f7xx_hal_msp.o(i.HAL_MspInit)
    HAL_NAND_Init                            0x08000ea1   Thumb Code    82  stm32f7xx_hal_nand.o(i.HAL_NAND_Init)
    HAL_NAND_MspInit                         0x08000ef3   Thumb Code     4  fmc.o(i.HAL_NAND_MspInit)
    HAL_NVIC_EnableIRQ                       0x08000ef7   Thumb Code    26  stm32f7xx_hal_cortex.o(i.HAL_NVIC_EnableIRQ)
    HAL_NVIC_SetPriority                     0x08000f11   Thumb Code    60  stm32f7xx_hal_cortex.o(i.HAL_NVIC_SetPriority)
    HAL_NVIC_SetPriorityGrouping             0x08000f51   Thumb Code    28  stm32f7xx_hal_cortex.o(i.HAL_NVIC_SetPriorityGrouping)
    HAL_PWREx_EnableOverDrive                0x08000f75   Thumb Code   100  stm32f7xx_hal_pwr_ex.o(i.HAL_PWREx_EnableOverDrive)
    HAL_QSPI_Command                         0x08000fe1   Thumb Code   134  stm32f7xx_hal_qspi.o(i.HAL_QSPI_Command)
    HAL_QSPI_Init                            0x08001069   Thumb Code   184  stm32f7xx_hal_qspi.o(i.HAL_QSPI_Init)
    HAL_QSPI_MspInit                         0x08001129   Thumb Code   158  quadspi.o(i.HAL_QSPI_MspInit)
    HAL_QSPI_Receive                         0x080011d9   Thumb Code   188  stm32f7xx_hal_qspi.o(i.HAL_QSPI_Receive)
    HAL_QSPI_Transmit                        0x08001295   Thumb Code   180  stm32f7xx_hal_qspi.o(i.HAL_QSPI_Transmit)
    HAL_RCCEx_PeriphCLKConfig                0x08001349   Thumb Code  1336  stm32f7xx_hal_rcc_ex.o(i.HAL_RCCEx_PeriphCLKConfig)
    HAL_RCC_ClockConfig                      0x08001885   Thumb Code   282  stm32f7xx_hal_rcc.o(i.HAL_RCC_ClockConfig)
    HAL_RCC_GetPCLK1Freq                     0x080019b1   Thumb Code    20  stm32f7xx_hal_rcc.o(i.HAL_RCC_GetPCLK1Freq)
    HAL_RCC_GetPCLK2Freq                     0x080019d1   Thumb Code    20  stm32f7xx_hal_rcc.o(i.HAL_RCC_GetPCLK2Freq)
    HAL_RCC_GetSysClockFreq                  0x080019f1   Thumb Code    88  stm32f7xx_hal_rcc.o(i.HAL_RCC_GetSysClockFreq)
    HAL_RCC_OscConfig                        0x08001a55   Thumb Code   814  stm32f7xx_hal_rcc.o(i.HAL_RCC_OscConfig)
    HAL_SDRAM_Init                           0x08001d91   Thumb Code    66  stm32f7xx_hal_sdram.o(i.HAL_SDRAM_Init)
    HAL_SDRAM_MspInit                        0x08001dd3   Thumb Code     4  fmc.o(i.HAL_SDRAM_MspInit)
    HAL_SDRAM_ProgramRefreshRate             0x08001dd7   Thumb Code    34  stm32f7xx_hal_sdram.o(i.HAL_SDRAM_ProgramRefreshRate)
    HAL_SDRAM_SendCommand                    0x08001df9   Thumb Code    48  stm32f7xx_hal_sdram.o(i.HAL_SDRAM_SendCommand)
    HAL_SD_AbortCallback                     0x08001e29   Thumb Code     2  stm32f7xx_hal_sd.o(i.HAL_SD_AbortCallback)
    HAL_SD_ConfigWideBusOperation            0x08001e2b   Thumb Code   120  stm32f7xx_hal_sd.o(i.HAL_SD_ConfigWideBusOperation)
    HAL_SD_ErrorCallback                     0x08001ea3   Thumb Code     2  stm32f7xx_hal_sd.o(i.HAL_SD_ErrorCallback)
    HAL_SD_GetCardCSD                        0x08001ea5   Thumb Code   506  stm32f7xx_hal_sd.o(i.HAL_SD_GetCardCSD)
    HAL_SD_GetCardState                      0x0800209f   Thumb Code    44  stm32f7xx_hal_sd.o(i.HAL_SD_GetCardState)
    HAL_SD_IRQHandler                        0x080020cd   Thumb Code   416  stm32f7xx_hal_sd.o(i.HAL_SD_IRQHandler)
    HAL_SD_Init                              0x08002275   Thumb Code    54  stm32f7xx_hal_sd.o(i.HAL_SD_Init)
    HAL_SD_InitCard                          0x080022ab   Thumb Code    92  stm32f7xx_hal_sd.o(i.HAL_SD_InitCard)
    HAL_SD_MspInit                           0x08002309   Thumb Code   344  sdmmc.o(i.HAL_SD_MspInit)
    HAL_SD_RxCpltCallback                    0x08002479   Thumb Code     2  stm32f7xx_hal_sd.o(i.HAL_SD_RxCpltCallback)
    HAL_SD_TxCpltCallback                    0x0800247b   Thumb Code     2  stm32f7xx_hal_sd.o(i.HAL_SD_TxCpltCallback)
    HAL_SYSTICK_Config                       0x0800247d   Thumb Code    38  stm32f7xx_hal_cortex.o(i.HAL_SYSTICK_Config)
    HAL_TIMEx_Break2Callback                 0x080024a3   Thumb Code     2  stm32f7xx_hal_tim_ex.o(i.HAL_TIMEx_Break2Callback)
    HAL_TIMEx_BreakCallback                  0x080024a5   Thumb Code     2  stm32f7xx_hal_tim_ex.o(i.HAL_TIMEx_BreakCallback)
    HAL_TIMEx_CommutCallback                 0x080024a7   Thumb Code     2  stm32f7xx_hal_tim_ex.o(i.HAL_TIMEx_CommutCallback)
    HAL_TIMEx_MasterConfigSynchronization    0x080024a9   Thumb Code    88  stm32f7xx_hal_tim_ex.o(i.HAL_TIMEx_MasterConfigSynchronization)
    HAL_TIM_Base_Init                        0x08002509   Thumb Code    54  stm32f7xx_hal_tim.o(i.HAL_TIM_Base_Init)
    HAL_TIM_Base_MspInit                     0x08002541   Thumb Code    50  tim.o(i.HAL_TIM_Base_MspInit)
    HAL_TIM_Base_Start_IT                    0x0800257d   Thumb Code    40  stm32f7xx_hal_tim.o(i.HAL_TIM_Base_Start_IT)
    HAL_TIM_ConfigClockSource                0x080025a9   Thumb Code   214  stm32f7xx_hal_tim.o(i.HAL_TIM_ConfigClockSource)
    HAL_TIM_IC_CaptureCallback               0x08002685   Thumb Code     2  stm32f7xx_hal_tim.o(i.HAL_TIM_IC_CaptureCallback)
    HAL_TIM_IRQHandler                       0x08002687   Thumb Code   386  stm32f7xx_hal_tim.o(i.HAL_TIM_IRQHandler)
    HAL_TIM_OC_DelayElapsedCallback          0x08002809   Thumb Code     2  stm32f7xx_hal_tim.o(i.HAL_TIM_OC_DelayElapsedCallback)
    HAL_TIM_PWM_PulseFinishedCallback        0x0800280b   Thumb Code     2  stm32f7xx_hal_tim.o(i.HAL_TIM_PWM_PulseFinishedCallback)
    HAL_TIM_PeriodElapsedCallback            0x0800280d   Thumb Code    34  tim.o(i.HAL_TIM_PeriodElapsedCallback)
    HAL_TIM_TriggerCallback                  0x08002839   Thumb Code     2  stm32f7xx_hal_tim.o(i.HAL_TIM_TriggerCallback)
    HAL_UART_ErrorCallback                   0x0800283b   Thumb Code     2  stm32f7xx_hal_uart.o(i.HAL_UART_ErrorCallback)
    HAL_UART_IRQHandler                      0x0800283d   Thumb Code   292  stm32f7xx_hal_uart.o(i.HAL_UART_IRQHandler)
    HAL_UART_Init                            0x08002965   Thumb Code   102  stm32f7xx_hal_uart.o(i.HAL_UART_Init)
    HAL_UART_MspInit                         0x080029cd   Thumb Code   208  usart.o(i.HAL_UART_MspInit)
    HAL_UART_Receive_IT                      0x08002ab1   Thumb Code   164  stm32f7xx_hal_uart.o(i.HAL_UART_Receive_IT)
    HAL_UART_RxCpltCallback                  0x08002b5d   Thumb Code    76  usart.o(i.HAL_UART_RxCpltCallback)
    HAL_UART_Transmit                        0x08002bb5   Thumb Code   182  stm32f7xx_hal_uart.o(i.HAL_UART_Transmit)
    HAL_UART_TxCpltCallback                  0x08002c6b   Thumb Code     2  stm32f7xx_hal_uart.o(i.HAL_UART_TxCpltCallback)
    HardFault_Handler                        0x08002c6d   Thumb Code     2  stm32f7xx_it.o(i.HardFault_Handler)
    Key_Scan                                 0x08002c71   Thumb Code   204  key.o(i.Key_Scan)
    LTDC_Display_Dir                         0x08002d4d   Thumb Code    32  ltdc.o(i.LTDC_Display_Dir)
    LTDC_Draw_Point                          0x08002d71   Thumb Code    50  ltdc.o(i.LTDC_Draw_Point)
    LTDC_LCD_Clear                           0x08002dad   Thumb Code    34  ltdc.o(i.LTDC_LCD_Clear)
    LTDC_LCD_Fill                            0x08002dd9   Thumb Code   160  ltdc.o(i.LTDC_LCD_Fill)
    LTDC_LCD_Init                            0x08002e89   Thumb Code    88  ltdc.o(i.LTDC_LCD_Init)
    LTDC_Layer_Window_Config                 0x08002ef1   Thumb Code    32  ltdc.o(i.LTDC_Layer_Window_Config)
    LTDC_ShowChar                            0x080030e5   Thumb Code   204  lcd.o(i.LTDC_ShowChar)
    LTDC_ShowStr                             0x080031c9   Thumb Code    50  lcd.o(i.LTDC_ShowStr)
    MX_DMA_Init                              0x080031fd   Thumb Code    88  dma.o(i.MX_DMA_Init)
    MX_FMC_Init                              0x08003259   Thumb Code   192  fmc.o(i.MX_FMC_Init)
    MX_GFXSIMULATOR_Init                     0x08003321   Thumb Code     2  gfxsimulator.o(i.MX_GFXSIMULATOR_Init)
    MX_GPIO_Init                             0x08003325   Thumb Code   292  gpio.o(i.MX_GPIO_Init)
    MX_LTDC_Init                             0x0800345d   Thumb Code   156  ltdc.o(i.MX_LTDC_Init)
    MX_QUADSPI_Init                          0x08003501   Thumb Code    52  quadspi.o(i.MX_QUADSPI_Init)
    MX_SDMMC1_SD_Init                        0x0800353d   Thumb Code    56  sdmmc.o(i.MX_SDMMC1_SD_Init)
    MX_TIM3_Init                             0x0800357d   Thumb Code    96  tim.o(i.MX_TIM3_Init)
    MX_USART1_UART_Init                      0x080035e5   Thumb Code    52  usart.o(i.MX_USART1_UART_Init)
    MemManage_Handler                        0x08003621   Thumb Code     2  stm32f7xx_it.o(i.MemManage_Handler)
    NMI_Handler                              0x08003623   Thumb Code     2  stm32f7xx_it.o(i.NMI_Handler)
    PendSV_Handler                           0x08003625   Thumb Code     2  stm32f7xx_it.o(i.PendSV_Handler)
    QSPI_Receive                             0x080037d1   Thumb Code    30  quadspi.o(i.QSPI_Receive)
    QSPI_Send_CMD                            0x080037f5   Thumb Code    50  quadspi.o(i.QSPI_Send_CMD)
    QSPI_Transmit                            0x0800382d   Thumb Code    30  quadspi.o(i.QSPI_Transmit)
    SDMMC1_IRQHandler                        0x08003899   Thumb Code     6  stm32f7xx_it.o(i.SDMMC1_IRQHandler)
    SDMMC_CmdAppCommand                      0x080038a5   Thumb Code    50  stm32f7xx_ll_sdmmc.o(i.SDMMC_CmdAppCommand)
    SDMMC_CmdAppOperCommand                  0x080038d9   Thumb Code    48  stm32f7xx_ll_sdmmc.o(i.SDMMC_CmdAppOperCommand)
    SDMMC_CmdBlockLength                     0x0800390d   Thumb Code    50  stm32f7xx_ll_sdmmc.o(i.SDMMC_CmdBlockLength)
    SDMMC_CmdBusWidth                        0x0800393f   Thumb Code    50  stm32f7xx_ll_sdmmc.o(i.SDMMC_CmdBusWidth)
    SDMMC_CmdGoIdleState                     0x08003971   Thumb Code    76  stm32f7xx_ll_sdmmc.o(i.SDMMC_CmdGoIdleState)
    SDMMC_CmdOperCond                        0x080039c1   Thumb Code    94  stm32f7xx_ll_sdmmc.o(i.SDMMC_CmdOperCond)
    SDMMC_CmdSelDesel                        0x08003a25   Thumb Code    48  stm32f7xx_ll_sdmmc.o(i.SDMMC_CmdSelDesel)
    SDMMC_CmdSendCID                         0x08003a55   Thumb Code    42  stm32f7xx_ll_sdmmc.o(i.SDMMC_CmdSendCID)
    SDMMC_CmdSendCSD                         0x08003a7f   Thumb Code    46  stm32f7xx_ll_sdmmc.o(i.SDMMC_CmdSendCSD)
    SDMMC_CmdSendSCR                         0x08003aad   Thumb Code    48  stm32f7xx_ll_sdmmc.o(i.SDMMC_CmdSendSCR)
    SDMMC_CmdSendStatus                      0x08003add   Thumb Code    50  stm32f7xx_ll_sdmmc.o(i.SDMMC_CmdSendStatus)
    SDMMC_CmdSetRelAdd                       0x08003b0f   Thumb Code    48  stm32f7xx_ll_sdmmc.o(i.SDMMC_CmdSetRelAdd)
    SDMMC_CmdStopTransfer                    0x08003b41   Thumb Code    46  stm32f7xx_ll_sdmmc.o(i.SDMMC_CmdStopTransfer)
    SDMMC_ConfigData                         0x08003b75   Thumb Code    38  stm32f7xx_ll_sdmmc.o(i.SDMMC_ConfigData)
    SDMMC_GetPowerState                      0x08003dcd   Thumb Code     8  stm32f7xx_ll_sdmmc.o(i.SDMMC_GetPowerState)
    SDMMC_GetResponse                        0x08003dd5   Thumb Code    12  stm32f7xx_ll_sdmmc.o(i.SDMMC_GetResponse)
    SDMMC_Init                               0x08003de1   Thumb Code    34  stm32f7xx_ll_sdmmc.o(i.SDMMC_Init)
    SDMMC_PowerState_ON                      0x08003e03   Thumb Code     8  stm32f7xx_ll_sdmmc.o(i.SDMMC_PowerState_ON)
    SDMMC_ReadFIFO                           0x08003e0b   Thumb Code     6  stm32f7xx_ll_sdmmc.o(i.SDMMC_ReadFIFO)
    SDMMC_SendCommand                        0x08003e11   Thumb Code    34  stm32f7xx_ll_sdmmc.o(i.SDMMC_SendCommand)
    SDMMC_WriteFIFO                          0x08003e33   Thumb Code    10  stm32f7xx_ll_sdmmc.o(i.SDMMC_WriteFIFO)
    SDRAM_Init                               0x08003e3d   Thumb Code     4  sdram.o(i.SDRAM_Init)
    SDRAM_Initialization_Sequence            0x08003e41   Thumb Code    72  sdram.o(i.SDRAM_Initialization_Sequence)
    SDRAM_Send_Cmd                           0x08003e8d   Thumb Code    50  sdram.o(i.SDRAM_Send_Cmd)
    SVC_Handler                              0x08004253   Thumb Code     2  stm32f7xx_it.o(i.SVC_Handler)
    SysTick_Handler                          0x08004255   Thumb Code     4  stm32f7xx_it.o(i.SysTick_Handler)
    SystemClock_Config                       0x08004259   Thumb Code   172  main.o(i.SystemClock_Config)
    SystemInit                               0x08004311   Thumb Code    68  system_stm32f7xx.o(i.SystemInit)
    TIM3_IRQHandler                          0x08004365   Thumb Code     6  stm32f7xx_it.o(i.TIM3_IRQHandler)
    TIM_Base_SetConfig                       0x08004371   Thumb Code   158  stm32f7xx_hal_tim.o(i.TIM_Base_SetConfig)
    TIM_ETR_SetConfig                        0x0800443d   Thumb Code    18  stm32f7xx_hal_tim.o(i.TIM_ETR_SetConfig)
    UART_AdvFeatureConfig                    0x080044a5   Thumb Code   200  stm32f7xx_hal_uart.o(i.UART_AdvFeatureConfig)
    UART_CheckIdleState                      0x0800456d   Thumb Code    60  stm32f7xx_hal_uart.o(i.UART_CheckIdleState)
    UART_SetConfig                           0x08004691   Thumb Code   546  stm32f7xx_hal_uart.o(i.UART_SetConfig)
    UART_WaitOnFlagUntilTimeout              0x080048e5   Thumb Code    96  stm32f7xx_hal_uart.o(i.UART_WaitOnFlagUntilTimeout)
    USART1_IRQHandler                        0x08004945   Thumb Code    22  stm32f7xx_it.o(i.USART1_IRQHandler)
    UsageFault_Handler                       0x08004965   Thumb Code     2  stm32f7xx_it.o(i.UsageFault_Handler)
    W25QXX_Init                              0x08004969   Thumb Code   106  w25q256.o(i.W25QXX_Init)
    W25QXX_Qspi_Enable                       0x080049d9   Thumb Code    58  w25q256.o(i.W25QXX_Qspi_Enable)
    W25QXX_ReadID                            0x08004a19   Thumb Code    66  w25q256.o(i.W25QXX_ReadID)
    W25QXX_ReadSR                            0x08004a61   Thumb Code    82  w25q256.o(i.W25QXX_ReadSR)
    W25QXX_Write_Enable                      0x08004ab9   Thumb Code    38  w25q256.o(i.W25QXX_Write_Enable)
    W25QXX_Write_SR                          0x08004ae5   Thumb Code    76  w25q256.o(i.W25QXX_Write_SR)
    __0printf$1                              0x08004b35   Thumb Code    22  printf1.o(i.__0printf$1)
    __1printf$1                              0x08004b35   Thumb Code     0  printf1.o(i.__0printf$1)
    __2printf                                0x08004b35   Thumb Code     0  printf1.o(i.__0printf$1)
    __scatterload_copy                       0x08004b77   Thumb Code    14  handlers.o(i.__scatterload_copy)
    __scatterload_null                       0x08004b85   Thumb Code     2  handlers.o(i.__scatterload_null)
    __scatterload_zeroinit                   0x08004b87   Thumb Code    14  handlers.o(i.__scatterload_zeroinit)
    fputc                                    0x08004ce9   Thumb Code    20  usart.o(i.fputc)
    main                                     0x08004d01   Thumb Code   262  main.o(i.main)
    my_mem_init                              0x08004e65   Thumb Code    36  malloc.o(i.my_mem_init)
    my_mem_perused                           0x08004e91   Thumb Code    50  malloc.o(i.my_mem_perused)
    mymemset                                 0x08004ecd   Thumb Code    14  malloc.o(i.mymemset)
    asc2_1206                                0x08004eda   Data        1140  lcd.o(.constdata)
    asc2_1608                                0x0800534e   Data        1520  lcd.o(.constdata)
    asc2_2412                                0x0800593e   Data        3420  lcd.o(.constdata)
    asc2_3216                                0x0800669a   Data       12160  lcd.o(.constdata)
    memtblsize                               0x0800961c   Data          12  malloc.o(.constdata)
    memblksize                               0x08009628   Data          12  malloc.o(.constdata)
    memsize                                  0x08009634   Data          12  malloc.o(.constdata)
    AHBPrescTable                            0x08009648   Data          16  system_stm32f7xx.o(.constdata)
    APBPrescTable                            0x08009658   Data           8  system_stm32f7xx.o(.constdata)
    Region$$Table$$Base                      0x08009660   Number         0  anon$$obj.o(Region$$Table)
    Region$$Table$$Limit                     0x08009680   Number         0  anon$$obj.o(Region$$Table)
    mem3base                                 0x20000000   Data       61440  malloc.o(.ARM.__AT_0x20000000)
    mem3mapbase                              0x2000f000   Data        3840  malloc.o(.ARM.__AT_0x2000F000)
    POINT_COLOR                              0x20020004   Data           4  lcd.o(.data)
    BACK_COLOR                               0x20020008   Data           4  lcd.o(.data)
    W25QXX_QPI_MODE                          0x2002000c   Data           1  w25q256.o(.data)
    W25QXX_TYPE                              0x2002000e   Data           2  w25q256.o(.data)
    mallco_dev                               0x20020010   Data          36  malloc.o(.data)
    ltdc_framebuf                            0x2002003c   Data           8  ltdc.o(.data)
    aRecBuff                                 0x20020044   Data           1  usart.o(.data)
    USART_RX_STA                             0x20020046   Data           2  usart.o(.data)
    uwTickFreq                               0x20020048   Data           1  stm32f7xx_hal.o(.data)
    uwTickPrio                               0x2002004c   Data           4  stm32f7xx_hal.o(.data)
    uwTick                                   0x20020050   Data           4  stm32f7xx_hal.o(.data)
    SystemCoreClock                          0x20020054   Data           4  system_stm32f7xx.o(.data)
    __stdout                                 0x20020058   Data           4  stdout.o(.data)
    mem1base                                 0x20020080   Data       163840  malloc.o(.bss)
    mem1mapbase                              0x20048080   Data       10240  malloc.o(.bss)
    hnand1                                   0x2004a880   Data          64  fmc.o(.bss)
    hsdram1                                  0x2004a8c0   Data          52  fmc.o(.bss)
    lcdltdc                                  0x2004a8f4   Data          32  ltdc.o(.bss)
    hltdc                                    0x2004a914   Data         168  ltdc.o(.bss)
    hqspi                                    0x2004a9bc   Data          76  quadspi.o(.bss)
    SDIO_DATA_BUFFER                         0x2004aa08   Data         512  sdmmc.o(.bss)
    SDCardInfo                               0x2004ac08   Data          32  sdmmc.o(.bss)
    hsd1                                     0x2004ac28   Data         132  sdmmc.o(.bss)
    hdma_sdmmc1_rx                           0x2004acac   Data          96  sdmmc.o(.bss)
    hdma_sdmmc1_tx                           0x2004ad0c   Data          96  sdmmc.o(.bss)
    htim3                                    0x2004ad6c   Data          64  tim.o(.bss)
    Uart1Buff                                0x2004adac   Data         100  usart.o(.bss)
    huart1                                   0x2004ae10   Data         128  usart.o(.bss)
    hdma_usart1_rx                           0x2004ae90   Data          96  usart.o(.bss)
    hdma_usart1_tx                           0x2004aef0   Data          96  usart.o(.bss)
    __initial_sp                             0x2004b750   Data           0  startup_stm32f767xx.o(STACK)
    ltdc_lcd_framebuf                        0xc0000000   Data       2048000  ltdc.o(.ARM.__AT_0xC0000000)
    mem2base                                 0xc01f4000   Data       29605888  malloc.o(.ARM.__AT_0xC01F4000)
    mem2mapbase                              0xc1e30000   Data       1850368  malloc.o(.ARM.__AT_0xC1E30000)



==============================================================================

Memory Map of the image

  Image Entry point : 0x080001f9

  Load Region LR_IROM1 (Base: 0x08000000, Size: 0x000096dc, Max: 0x00100000, ABSOLUTE)

    Execution Region ER_IROM1 (Base: 0x08000000, Size: 0x00009680, Max: 0x00100000, ABSOLUTE)

    Base Addr    Size         Type   Attr      Idx    E Section Name        Object

    0x08000000   0x000001f8   Data   RO            3    RESET               startup_stm32f767xx.o
    0x080001f8   0x00000000   Code   RO         6355  * .ARM.Collect$$$$00000000  mc_w.l(entry.o)
    0x080001f8   0x00000004   Code   RO         6627    .ARM.Collect$$$$00000001  mc_w.l(entry2.o)
    0x080001fc   0x00000004   Code   RO         6630    .ARM.Collect$$$$00000004  mc_w.l(entry5.o)
    0x08000200   0x00000000   Code   RO         6632    .ARM.Collect$$$$00000008  mc_w.l(entry7b.o)
    0x08000200   0x00000000   Code   RO         6634    .ARM.Collect$$$$0000000A  mc_w.l(entry8b.o)
    0x08000200   0x00000008   Code   RO         6635    .ARM.Collect$$$$0000000B  mc_w.l(entry9a.o)
    0x08000208   0x00000000   Code   RO         6637    .ARM.Collect$$$$0000000D  mc_w.l(entry10a.o)
    0x08000208   0x00000000   Code   RO         6639    .ARM.Collect$$$$0000000F  mc_w.l(entry11a.o)
    0x08000208   0x00000004   Code   RO         6628    .ARM.Collect$$$$00002712  mc_w.l(entry2.o)
    0x0800020c   0x00000024   Code   RO            4    .text               startup_stm32f767xx.o
    0x08000230   0x00000062   Code   RO         6358    .text               mc_w.l(uldiv.o)
    0x08000292   0x00000024   Code   RO         6360    .text               mc_w.l(memcpya.o)
    0x080002b6   0x00000024   Code   RO         6362    .text               mc_w.l(memseta.o)
    0x080002da   0x0000002c   Code   RO         6642    .text               mc_w.l(uidiv.o)
    0x08000306   0x0000001e   Code   RO         6644    .text               mc_w.l(llshl.o)
    0x08000324   0x00000020   Code   RO         6646    .text               mc_w.l(llushr.o)
    0x08000344   0x00000024   Code   RO         6659    .text               mc_w.l(init.o)
    0x08000368   0x00000002   Code   RO         1081    i.BusFault_Handler  stm32f7xx_it.o
    0x0800036a   0x00000002   PAD
    0x0800036c   0x0000000c   Code   RO         1082    i.DMA2_Stream2_IRQHandler  stm32f7xx_it.o
    0x08000378   0x0000000c   Code   RO         1083    i.DMA2_Stream3_IRQHandler  stm32f7xx_it.o
    0x08000384   0x0000000c   Code   RO         1084    i.DMA2_Stream6_IRQHandler  stm32f7xx_it.o
    0x08000390   0x0000000c   Code   RO         1085    i.DMA2_Stream7_IRQHandler  stm32f7xx_it.o
    0x0800039c   0x00000028   Code   RO         4596    i.DMA_CalcBaseAndBitshift  stm32f7xx_hal_dma.o
    0x080003c4   0x00000054   Code   RO         4597    i.DMA_CheckFifoParam  stm32f7xx_hal_dma.o
    0x08000418   0x00000002   Code   RO         1086    i.DebugMon_Handler  stm32f7xx_it.o
    0x0800041a   0x00000002   Code   RO          531    i.Error_Handler     main.o
    0x0800041c   0x0000001e   Code   RO         1358    i.FMC_NAND_AttributeSpace_Timing_Init  stm32f7xx_ll_fmc.o
    0x0800043a   0x0000001e   Code   RO         1359    i.FMC_NAND_CommonSpace_Timing_Init  stm32f7xx_ll_fmc.o
    0x08000458   0x00000034   Code   RO         1364    i.FMC_NAND_Init     stm32f7xx_ll_fmc.o
    0x0800048c   0x0000005e   Code   RO         1373    i.FMC_SDRAM_Init    stm32f7xx_ll_fmc.o
    0x080004ea   0x0000000c   Code   RO         1374    i.FMC_SDRAM_ProgramRefreshRate  stm32f7xx_ll_fmc.o
    0x080004f6   0x00000020   Code   RO         1375    i.FMC_SDRAM_SendCommand  stm32f7xx_ll_fmc.o
    0x08000516   0x00000002   PAD
    0x08000518   0x0000008c   Code   RO         1377    i.FMC_SDRAM_Timing_Init  stm32f7xx_ll_fmc.o
    0x080005a4   0x00000024   Code   RO         4600    i.HAL_DMA_Abort_IT  stm32f7xx_hal_dma.o
    0x080005c8   0x000001a0   Code   RO         4604    i.HAL_DMA_IRQHandler  stm32f7xx_hal_dma.o
    0x08000768   0x000000e4   Code   RO         4605    i.HAL_DMA_Init      stm32f7xx_hal_dma.o
    0x0800084c   0x00000024   Code   RO         4966    i.HAL_Delay         stm32f7xx_hal.o
    0x08000870   0x00000098   Code   RO          641    i.HAL_FMC_MspInit   fmc.o
    0x08000908   0x000001d8   Code   RO         4533    i.HAL_GPIO_Init     stm32f7xx_hal_gpio.o
    0x08000ae0   0x0000000a   Code   RO         4535    i.HAL_GPIO_ReadPin  stm32f7xx_hal_gpio.o
    0x08000aea   0x0000000e   Code   RO         4536    i.HAL_GPIO_TogglePin  stm32f7xx_hal_gpio.o
    0x08000af8   0x0000000a   Code   RO         4537    i.HAL_GPIO_WritePin  stm32f7xx_hal_gpio.o
    0x08000b02   0x00000002   PAD
    0x08000b04   0x0000000c   Code   RO         4976    i.HAL_GetTick       stm32f7xx_hal.o
    0x08000b10   0x00000010   Code   RO         4982    i.HAL_IncTick       stm32f7xx_hal.o
    0x08000b20   0x0000002c   Code   RO         4983    i.HAL_Init          stm32f7xx_hal.o
    0x08000b4c   0x00000040   Code   RO         4984    i.HAL_InitTick      stm32f7xx_hal.o
    0x08000b8c   0x00000052   Code   RO         1829    i.HAL_LTDC_ConfigLayer  stm32f7xx_hal_ltdc.o
    0x08000bde   0x00000002   PAD
    0x08000be0   0x000000f8   Code   RO         1846    i.HAL_LTDC_Init     stm32f7xx_hal_ltdc.o
    0x08000cd8   0x000000f0   Code   RO          730    i.HAL_LTDC_MspInit  ltdc.o
    0x08000dc8   0x00000054   Code   RO         1861    i.HAL_LTDC_SetWindowPosition  stm32f7xx_hal_ltdc.o
    0x08000e1c   0x00000054   Code   RO         1863    i.HAL_LTDC_SetWindowSize  stm32f7xx_hal_ltdc.o
    0x08000e70   0x00000030   Code   RO         1199    i.HAL_MspInit       stm32f7xx_hal_msp.o
    0x08000ea0   0x00000052   Code   RO         1518    i.HAL_NAND_Init     stm32f7xx_hal_nand.o
    0x08000ef2   0x00000004   Code   RO          643    i.HAL_NAND_MspInit  fmc.o
    0x08000ef6   0x0000001a   Code   RO         1228    i.HAL_NVIC_EnableIRQ  stm32f7xx_hal_cortex.o
    0x08000f10   0x00000040   Code   RO         1234    i.HAL_NVIC_SetPriority  stm32f7xx_hal_cortex.o
    0x08000f50   0x00000024   Code   RO         1235    i.HAL_NVIC_SetPriorityGrouping  stm32f7xx_hal_cortex.o
    0x08000f74   0x0000006c   Code   RO         4873    i.HAL_PWREx_EnableOverDrive  stm32f7xx_hal_pwr_ex.o
    0x08000fe0   0x00000086   Code   RO         2125    i.HAL_QSPI_Command  stm32f7xx_hal_qspi.o
    0x08001066   0x00000002   PAD
    0x08001068   0x000000c0   Code   RO         2134    i.HAL_QSPI_Init     stm32f7xx_hal_qspi.o
    0x08001128   0x000000b0   Code   RO          827    i.HAL_QSPI_MspInit  quadspi.o
    0x080011d8   0x000000bc   Code   RO         2138    i.HAL_QSPI_Receive  stm32f7xx_hal_qspi.o
    0x08001294   0x000000b4   Code   RO         2147    i.HAL_QSPI_Transmit  stm32f7xx_hal_qspi.o
    0x08001348   0x0000053c   Code   RO         4294    i.HAL_RCCEx_PeriphCLKConfig  stm32f7xx_hal_rcc_ex.o
    0x08001884   0x0000012c   Code   RO         4187    i.HAL_RCC_ClockConfig  stm32f7xx_hal_rcc.o
    0x080019b0   0x00000020   Code   RO         4194    i.HAL_RCC_GetPCLK1Freq  stm32f7xx_hal_rcc.o
    0x080019d0   0x00000020   Code   RO         4195    i.HAL_RCC_GetPCLK2Freq  stm32f7xx_hal_rcc.o
    0x080019f0   0x00000064   Code   RO         4196    i.HAL_RCC_GetSysClockFreq  stm32f7xx_hal_rcc.o
    0x08001a54   0x0000033c   Code   RO         4199    i.HAL_RCC_OscConfig  stm32f7xx_hal_rcc.o
    0x08001d90   0x00000042   Code   RO         1676    i.HAL_SDRAM_Init    stm32f7xx_hal_sdram.o
    0x08001dd2   0x00000004   Code   RO          645    i.HAL_SDRAM_MspInit  fmc.o
    0x08001dd6   0x00000022   Code   RO         1679    i.HAL_SDRAM_ProgramRefreshRate  stm32f7xx_hal_sdram.o
    0x08001df8   0x00000030   Code   RO         1685    i.HAL_SDRAM_SendCommand  stm32f7xx_hal_sdram.o
    0x08001e28   0x00000002   Code   RO         2640    i.HAL_SD_AbortCallback  stm32f7xx_hal_sd.o
    0x08001e2a   0x00000078   Code   RO         2642    i.HAL_SD_ConfigWideBusOperation  stm32f7xx_hal_sd.o
    0x08001ea2   0x00000002   Code   RO         2645    i.HAL_SD_ErrorCallback  stm32f7xx_hal_sd.o
    0x08001ea4   0x000001fa   Code   RO         2647    i.HAL_SD_GetCardCSD  stm32f7xx_hal_sd.o
    0x0800209e   0x0000002c   Code   RO         2649    i.HAL_SD_GetCardState  stm32f7xx_hal_sd.o
    0x080020ca   0x00000002   PAD
    0x080020cc   0x000001a8   Code   RO         2653    i.HAL_SD_IRQHandler  stm32f7xx_hal_sd.o
    0x08002274   0x00000036   Code   RO         2654    i.HAL_SD_Init       stm32f7xx_hal_sd.o
    0x080022aa   0x0000005c   Code   RO         2655    i.HAL_SD_InitCard   stm32f7xx_hal_sd.o
    0x08002306   0x00000002   PAD
    0x08002308   0x00000170   Code   RO          888    i.HAL_SD_MspInit    sdmmc.o
    0x08002478   0x00000002   Code   RO         2661    i.HAL_SD_RxCpltCallback  stm32f7xx_hal_sd.o
    0x0800247a   0x00000002   Code   RO         2662    i.HAL_SD_TxCpltCallback  stm32f7xx_hal_sd.o
    0x0800247c   0x00000026   Code   RO         1239    i.HAL_SYSTICK_Config  stm32f7xx_hal_cortex.o
    0x080024a2   0x00000002   Code   RO         3561    i.HAL_TIMEx_Break2Callback  stm32f7xx_hal_tim_ex.o
    0x080024a4   0x00000002   Code   RO         3562    i.HAL_TIMEx_BreakCallback  stm32f7xx_hal_tim_ex.o
    0x080024a6   0x00000002   Code   RO         3563    i.HAL_TIMEx_CommutCallback  stm32f7xx_hal_tim_ex.o
    0x080024a8   0x00000060   Code   RO         3582    i.HAL_TIMEx_MasterConfigSynchronization  stm32f7xx_hal_tim_ex.o
    0x08002508   0x00000036   Code   RO         2876    i.HAL_TIM_Base_Init  stm32f7xx_hal_tim.o
    0x0800253e   0x00000002   PAD
    0x08002540   0x0000003c   Code   RO          979    i.HAL_TIM_Base_MspInit  tim.o
    0x0800257c   0x0000002c   Code   RO         2881    i.HAL_TIM_Base_Start_IT  stm32f7xx_hal_tim.o
    0x080025a8   0x000000dc   Code   RO         2885    i.HAL_TIM_ConfigClockSource  stm32f7xx_hal_tim.o
    0x08002684   0x00000002   Code   RO         2905    i.HAL_TIM_IC_CaptureCallback  stm32f7xx_hal_tim.o
    0x08002686   0x00000182   Code   RO         2919    i.HAL_TIM_IRQHandler  stm32f7xx_hal_tim.o
    0x08002808   0x00000002   Code   RO         2922    i.HAL_TIM_OC_DelayElapsedCallback  stm32f7xx_hal_tim.o
    0x0800280a   0x00000002   Code   RO         2949    i.HAL_TIM_PWM_PulseFinishedCallback  stm32f7xx_hal_tim.o
    0x0800280c   0x0000002c   Code   RO          980    i.HAL_TIM_PeriodElapsedCallback  tim.o
    0x08002838   0x00000002   Code   RO         2962    i.HAL_TIM_TriggerCallback  stm32f7xx_hal_tim.o
    0x0800283a   0x00000002   Code   RO         3852    i.HAL_UART_ErrorCallback  stm32f7xx_hal_uart.o
    0x0800283c   0x00000128   Code   RO         3855    i.HAL_UART_IRQHandler  stm32f7xx_hal_uart.o
    0x08002964   0x00000066   Code   RO         3856    i.HAL_UART_Init     stm32f7xx_hal_uart.o
    0x080029ca   0x00000002   PAD
    0x080029cc   0x000000e4   Code   RO         1027    i.HAL_UART_MspInit  usart.o
    0x08002ab0   0x000000ac   Code   RO         3861    i.HAL_UART_Receive_IT  stm32f7xx_hal_uart.o
    0x08002b5c   0x00000058   Code   RO         1028    i.HAL_UART_RxCpltCallback  usart.o
    0x08002bb4   0x000000b6   Code   RO         3864    i.HAL_UART_Transmit  stm32f7xx_hal_uart.o
    0x08002c6a   0x00000002   Code   RO         3867    i.HAL_UART_TxCpltCallback  stm32f7xx_hal_uart.o
    0x08002c6c   0x00000002   Code   RO         1087    i.HardFault_Handler  stm32f7xx_it.o
    0x08002c6e   0x00000002   PAD
    0x08002c70   0x000000dc   Code   RO           14    i.Key_Scan          key.o
    0x08002d4c   0x00000024   Code   RO          732    i.LTDC_Display_Dir  ltdc.o
    0x08002d70   0x0000003c   Code   RO          733    i.LTDC_Draw_Point   ltdc.o
    0x08002dac   0x0000002c   Code   RO          734    i.LTDC_LCD_Clear    ltdc.o
    0x08002dd8   0x000000b0   Code   RO          735    i.LTDC_LCD_Fill     ltdc.o
    0x08002e88   0x00000068   Code   RO          736    i.LTDC_LCD_Init     ltdc.o
    0x08002ef0   0x00000024   Code   RO          737    i.LTDC_Layer_Window_Config  ltdc.o
    0x08002f14   0x000001d0   Code   RO         1865    i.LTDC_SetConfig    stm32f7xx_hal_ltdc.o
    0x080030e4   0x000000e4   Code   RO          263    i.LTDC_ShowChar     lcd.o
    0x080031c8   0x00000032   Code   RO          265    i.LTDC_ShowStr      lcd.o
    0x080031fa   0x00000002   PAD
    0x080031fc   0x0000005c   Code   RO          616    i.MX_DMA_Init       dma.o
    0x08003258   0x000000c8   Code   RO          646    i.MX_FMC_Init       fmc.o
    0x08003320   0x00000002   Code   RO          705    i.MX_GFXSIMULATOR_Init  gfxsimulator.o
    0x08003322   0x00000002   PAD
    0x08003324   0x00000138   Code   RO          592    i.MX_GPIO_Init      gpio.o
    0x0800345c   0x000000a4   Code   RO          740    i.MX_LTDC_Init      ltdc.o
    0x08003500   0x0000003c   Code   RO          828    i.MX_QUADSPI_Init   quadspi.o
    0x0800353c   0x00000040   Code   RO          889    i.MX_SDMMC1_SD_Init  sdmmc.o
    0x0800357c   0x00000068   Code   RO          981    i.MX_TIM3_Init      tim.o
    0x080035e4   0x0000003c   Code   RO         1029    i.MX_USART1_UART_Init  usart.o
    0x08003620   0x00000002   Code   RO         1088    i.MemManage_Handler  stm32f7xx_it.o
    0x08003622   0x00000002   Code   RO         1089    i.NMI_Handler       stm32f7xx_it.o
    0x08003624   0x00000002   Code   RO         1090    i.PendSV_Handler    stm32f7xx_it.o
    0x08003626   0x000001a8   Code   RO         2152    i.QSPI_Config       stm32f7xx_hal_qspi.o
    0x080037ce   0x00000002   PAD
    0x080037d0   0x00000024   Code   RO          829    i.QSPI_Receive      quadspi.o
    0x080037f4   0x00000038   Code   RO          830    i.QSPI_Send_CMD     quadspi.o
    0x0800382c   0x00000024   Code   RO          831    i.QSPI_Transmit     quadspi.o
    0x08003850   0x00000048   Code   RO         2159    i.QSPI_WaitFlagStateUntilTimeout  stm32f7xx_hal_qspi.o
    0x08003898   0x0000000c   Code   RO         1091    i.SDMMC1_IRQHandler  stm32f7xx_it.o
    0x080038a4   0x00000032   Code   RO         2375    i.SDMMC_CmdAppCommand  stm32f7xx_ll_sdmmc.o
    0x080038d6   0x00000002   PAD
    0x080038d8   0x00000034   Code   RO         2376    i.SDMMC_CmdAppOperCommand  stm32f7xx_ll_sdmmc.o
    0x0800390c   0x00000032   Code   RO         2377    i.SDMMC_CmdBlockLength  stm32f7xx_ll_sdmmc.o
    0x0800393e   0x00000032   Code   RO         2378    i.SDMMC_CmdBusWidth  stm32f7xx_ll_sdmmc.o
    0x08003970   0x00000050   Code   RO         2382    i.SDMMC_CmdGoIdleState  stm32f7xx_ll_sdmmc.o
    0x080039c0   0x00000064   Code   RO         2384    i.SDMMC_CmdOperCond  stm32f7xx_ll_sdmmc.o
    0x08003a24   0x00000030   Code   RO         2389    i.SDMMC_CmdSelDesel  stm32f7xx_ll_sdmmc.o
    0x08003a54   0x0000002a   Code   RO         2390    i.SDMMC_CmdSendCID  stm32f7xx_ll_sdmmc.o
    0x08003a7e   0x0000002e   Code   RO         2391    i.SDMMC_CmdSendCSD  stm32f7xx_ll_sdmmc.o
    0x08003aac   0x00000030   Code   RO         2392    i.SDMMC_CmdSendSCR  stm32f7xx_ll_sdmmc.o
    0x08003adc   0x00000032   Code   RO         2393    i.SDMMC_CmdSendStatus  stm32f7xx_ll_sdmmc.o
    0x08003b0e   0x00000030   Code   RO         2394    i.SDMMC_CmdSetRelAdd  stm32f7xx_ll_sdmmc.o
    0x08003b3e   0x00000002   PAD
    0x08003b40   0x00000034   Code   RO         2396    i.SDMMC_CmdStopTransfer  stm32f7xx_ll_sdmmc.o
    0x08003b74   0x00000026   Code   RO         2400    i.SDMMC_ConfigData  stm32f7xx_ll_sdmmc.o
    0x08003b9a   0x00000002   PAD
    0x08003b9c   0x0000011c   Code   RO         2401    i.SDMMC_GetCmdResp1  stm32f7xx_ll_sdmmc.o
    0x08003cb8   0x00000050   Code   RO         2402    i.SDMMC_GetCmdResp2  stm32f7xx_ll_sdmmc.o
    0x08003d08   0x00000040   Code   RO         2403    i.SDMMC_GetCmdResp3  stm32f7xx_ll_sdmmc.o
    0x08003d48   0x00000084   Code   RO         2404    i.SDMMC_GetCmdResp6  stm32f7xx_ll_sdmmc.o
    0x08003dcc   0x00000008   Code   RO         2408    i.SDMMC_GetPowerState  stm32f7xx_ll_sdmmc.o
    0x08003dd4   0x0000000c   Code   RO         2409    i.SDMMC_GetResponse  stm32f7xx_ll_sdmmc.o
    0x08003de0   0x00000022   Code   RO         2410    i.SDMMC_Init        stm32f7xx_ll_sdmmc.o
    0x08003e02   0x00000008   Code   RO         2412    i.SDMMC_PowerState_ON  stm32f7xx_ll_sdmmc.o
    0x08003e0a   0x00000006   Code   RO         2413    i.SDMMC_ReadFIFO    stm32f7xx_ll_sdmmc.o
    0x08003e10   0x00000022   Code   RO         2414    i.SDMMC_SendCommand  stm32f7xx_ll_sdmmc.o
    0x08003e32   0x0000000a   Code   RO         2416    i.SDMMC_WriteFIFO   stm32f7xx_ll_sdmmc.o
    0x08003e3c   0x00000004   Code   RO          213    i.SDRAM_Init        sdram.o
    0x08003e40   0x0000004c   Code   RO          214    i.SDRAM_Initialization_Sequence  sdram.o
    0x08003e8c   0x00000038   Code   RO          215    i.SDRAM_Send_Cmd    sdram.o
    0x08003ec4   0x00000048   Code   RO         2668    i.SD_DMARxAbort     stm32f7xx_hal_sd.o
    0x08003f0c   0x00000048   Code   RO         2670    i.SD_DMATxAbort     stm32f7xx_hal_sd.o
    0x08003f54   0x000000d6   Code   RO         2671    i.SD_FindSCR        stm32f7xx_hal_sd.o
    0x0800402a   0x000000e6   Code   RO         2672    i.SD_InitCard       stm32f7xx_hal_sd.o
    0x08004110   0x000000a6   Code   RO         2673    i.SD_PowerON        stm32f7xx_hal_sd.o
    0x080041b6   0x0000004e   Code   RO         2675    i.SD_WideBus_Disable  stm32f7xx_hal_sd.o
    0x08004204   0x0000004e   Code   RO         2676    i.SD_WideBus_Enable  stm32f7xx_hal_sd.o
    0x08004252   0x00000002   Code   RO         1092    i.SVC_Handler       stm32f7xx_it.o
    0x08004254   0x00000004   Code   RO         1093    i.SysTick_Handler   stm32f7xx_it.o
    0x08004258   0x000000b8   Code   RO          532    i.SystemClock_Config  main.o
    0x08004310   0x00000054   Code   RO         5741    i.SystemInit        system_stm32f7xx.o
    0x08004364   0x0000000c   Code   RO         1094    i.TIM3_IRQHandler   stm32f7xx_it.o
    0x08004370   0x000000cc   Code   RO         2964    i.TIM_Base_SetConfig  stm32f7xx_hal_tim.o
    0x0800443c   0x00000012   Code   RO         2975    i.TIM_ETR_SetConfig  stm32f7xx_hal_tim.o
    0x0800444e   0x00000010   Code   RO         2976    i.TIM_ITRx_SetConfig  stm32f7xx_hal_tim.o
    0x0800445e   0x00000022   Code   RO         2984    i.TIM_TI1_ConfigInputStage  stm32f7xx_hal_tim.o
    0x08004480   0x00000024   Code   RO         2986    i.TIM_TI2_ConfigInputStage  stm32f7xx_hal_tim.o
    0x080044a4   0x000000c8   Code   RO         3869    i.UART_AdvFeatureConfig  stm32f7xx_hal_uart.o
    0x0800456c   0x0000003c   Code   RO         3870    i.UART_CheckIdleState  stm32f7xx_hal_uart.o
    0x080045a8   0x00000014   Code   RO         3871    i.UART_DMAAbortOnError  stm32f7xx_hal_uart.o
    0x080045bc   0x00000020   Code   RO         3881    i.UART_EndRxTransfer  stm32f7xx_hal_uart.o
    0x080045dc   0x0000005a   Code   RO         3883    i.UART_RxISR_16BIT  stm32f7xx_hal_uart.o
    0x08004636   0x0000005a   Code   RO         3884    i.UART_RxISR_8BIT   stm32f7xx_hal_uart.o
    0x08004690   0x00000254   Code   RO         3885    i.UART_SetConfig    stm32f7xx_hal_uart.o
    0x080048e4   0x00000060   Code   RO         3888    i.UART_WaitOnFlagUntilTimeout  stm32f7xx_hal_uart.o
    0x08004944   0x00000020   Code   RO         1095    i.USART1_IRQHandler  stm32f7xx_it.o
    0x08004964   0x00000002   Code   RO         1096    i.UsageFault_Handler  stm32f7xx_it.o
    0x08004966   0x00000002   PAD
    0x08004968   0x00000070   Code   RO          337    i.W25QXX_Init       w25q256.o
    0x080049d8   0x00000040   Code   RO          339    i.W25QXX_Qspi_Enable  w25q256.o
    0x08004a18   0x00000048   Code   RO          341    i.W25QXX_ReadID     w25q256.o
    0x08004a60   0x00000058   Code   RO          342    i.W25QXX_ReadSR     w25q256.o
    0x08004ab8   0x0000002c   Code   RO          346    i.W25QXX_Write_Enable  w25q256.o
    0x08004ae4   0x00000050   Code   RO          349    i.W25QXX_Write_SR   w25q256.o
    0x08004b34   0x00000020   Code   RO         6411    i.__0printf$1       mc_w.l(printf1.o)
    0x08004b54   0x00000022   Code   RO         1241    i.__NVIC_SetPriority  stm32f7xx_hal_cortex.o
    0x08004b76   0x0000000e   Code   RO         6667    i.__scatterload_copy  mc_w.l(handlers.o)
    0x08004b84   0x00000002   Code   RO         6668    i.__scatterload_null  mc_w.l(handlers.o)
    0x08004b86   0x0000000e   Code   RO         6669    i.__scatterload_zeroinit  mc_w.l(handlers.o)
    0x08004b94   0x00000154   Code   RO         6418    i._printf_core      mc_w.l(printf1.o)
    0x08004ce8   0x00000018   Code   RO         1030    i.fputc             usart.o
    0x08004d00   0x00000164   Code   RO          533    i.main              main.o
    0x08004e64   0x0000002c   Code   RO          449    i.my_mem_init       malloc.o
    0x08004e90   0x0000003c   Code   RO          451    i.my_mem_perused    malloc.o
    0x08004ecc   0x0000000e   Code   RO          455    i.mymemset          malloc.o
    0x08004eda   0x00004740   Data   RO          267    .constdata          lcd.o
    0x0800961a   0x00000002   PAD
    0x0800961c   0x00000024   Data   RO          463    .constdata          malloc.o
    0x08009640   0x00000008   Data   RO         4611    .constdata          stm32f7xx_hal_dma.o
    0x08009648   0x00000010   Data   RO         5742    .constdata          system_stm32f7xx.o
    0x08009658   0x00000008   Data   RO         5743    .constdata          system_stm32f7xx.o
    0x08009660   0x00000020   Data   RO         6665    Region$$Table       anon$$obj.o


    Execution Region RW_IRAM1 (Base: 0x20020000, Size: 0x0002b750, Max: 0x00060000, ABSOLUTE)

    Base Addr    Size         Type   Attr      Idx    E Section Name        Object

    0x20020000   0x00000001   Data   RW           15    .data               key.o
    0x20020001   0x00000003   PAD
    0x20020004   0x00000008   Data   RW          268    .data               lcd.o
    0x2002000c   0x00000004   Data   RW          351    .data               w25q256.o
    0x20020010   0x00000024   Data   RW          464    .data               malloc.o
    0x20020034   0x00000008   Data   RW          648    .data               fmc.o
    0x2002003c   0x00000008   Data   RW          743    .data               ltdc.o
    0x20020044   0x00000004   Data   RW         1032    .data               usart.o
    0x20020048   0x0000000c   Data   RW         4990    .data               stm32f7xx_hal.o
    0x20020054   0x00000004   Data   RW         5744    .data               system_stm32f7xx.o
    0x20020058   0x00000004   Data   RW         6641    .data               mc_w.l(stdout.o)
    0x2002005c   0x00000024   PAD
    0x20020080   0x00028000   Zero   RW          461    .bss                malloc.o
    0x20048080   0x00002800   Zero   RW          462    .bss                malloc.o
    0x2004a880   0x00000074   Zero   RW          647    .bss                fmc.o
    0x2004a8f4   0x000000c8   Zero   RW          742    .bss                ltdc.o
    0x2004a9bc   0x0000004c   Zero   RW          832    .bss                quadspi.o
    0x2004aa08   0x00000364   Zero   RW          897    .bss                sdmmc.o
    0x2004ad6c   0x00000040   Zero   RW          982    .bss                tim.o
    0x2004adac   0x000001a4   Zero   RW         1031    .bss                usart.o
    0x2004af50   0x00000800   Zero   RW            1    STACK               startup_stm32f767xx.o



  Load Region LR$$.ARM.__AT_0x20000000 (Base: 0x20000000, Size: 0x00000000, Max: 0x0000f000, ABSOLUTE)

    Execution Region ER$$.ARM.__AT_0x20000000 (Base: 0x20000000, Size: 0x0000f000, Max: 0x0000f000, ABSOLUTE, UNINIT)

    Base Addr    Size         Type   Attr      Idx    E Section Name        Object

    0x20000000   0x0000f000   Zero   RW          457    .ARM.__AT_0x20000000  malloc.o



  Load Region LR$$.ARM.__AT_0x2000F000 (Base: 0x2000f000, Size: 0x00000000, Max: 0x00000f00, ABSOLUTE)

    Execution Region ER$$.ARM.__AT_0x2000F000 (Base: 0x2000f000, Size: 0x00000f00, Max: 0x00000f00, ABSOLUTE, UNINIT)

    Base Addr    Size         Type   Attr      Idx    E Section Name        Object

    0x2000f000   0x00000f00   Zero   RW          458    .ARM.__AT_0x2000F000  malloc.o



  Load Region LR$$.ARM.__AT_0xC0000000 (Base: 0xc0000000, Size: 0x00000000, Max: 0x001f4000, ABSOLUTE)

    Execution Region ER$$.ARM.__AT_0xC0000000 (Base: 0xc0000000, Size: 0x001f4000, Max: 0x001f4000, ABSOLUTE, UNINIT)

    Base Addr    Size         Type   Attr      Idx    E Section Name        Object

    0xc0000000   0x001f4000   Zero   RW          741    .ARM.__AT_0xC0000000  ltdc.o



  Load Region LR$$.ARM.__AT_0xC01F4000 (Base: 0xc01f4000, Size: 0x00000000, Max: 0x01c3c000, ABSOLUTE)

    Execution Region ER$$.ARM.__AT_0xC01F4000 (Base: 0xc01f4000, Size: 0x01c3c000, Max: 0x01c3c000, ABSOLUTE, UNINIT)

    Base Addr    Size         Type   Attr      Idx    E Section Name        Object

    0xc01f4000   0x01c3c000   Zero   RW          459    .ARM.__AT_0xC01F4000  malloc.o



  Load Region LR$$.ARM.__AT_0xC1E30000 (Base: 0xc1e30000, Size: 0x00000000, Max: 0x001c3c00, ABSOLUTE)

    Execution Region ER$$.ARM.__AT_0xC1E30000 (Base: 0xc1e30000, Size: 0x001c3c00, Max: 0x001c3c00, ABSOLUTE, UNINIT)

    Base Addr    Size         Type   Attr      Idx    E Section Name        Object

    0xc1e30000   0x001c3c00   Zero   RW          460    .ARM.__AT_0xC1E30000  malloc.o


==============================================================================

Image component sizes


      Code (inc. data)   RO Data    RW Data    ZI Data      Debug   Object Name

        92          4          0          0          0        738   dma.o
       360         36          0          8        116       2686   fmc.o
         2          0          0          0          0        439   gfxsimulator.o
       312         20          0          0          0       1091   gpio.o
       220         16          0          1          0     913315   key.o
       278         24      18240          8          0       2802   lcd.o
       860         96          0          8    2048200       6597   ltdc.o
       542        106          0          0          0      37483   main.o
       118         18         36         36   31695616       3444   malloc.o
       364         44          0          0         76       3468   quadspi.o
       432         32          0          0        868       2241   sdmmc.o
       136         10          0          0          0       1682   sdram.o
        36          8        504          0       2048        816   startup_stm32f767xx.o
       172         28          0         12          0       9037   stm32f7xx_hal.o
       198         12          0          0          0      38867   stm32f7xx_hal_cortex.o
       804         16          8          0          0       4691   stm32f7xx_hal_dma.o
       506         54          0          0          0       3752   stm32f7xx_hal_gpio.o
       962          6          0          0          0       4773   stm32f7xx_hal_ltdc.o
        48          6          0          0          0        782   stm32f7xx_hal_msp.o
        82          0          0          0          0       1331   stm32f7xx_hal_nand.o
       108          8          0          0          0       1228   stm32f7xx_hal_pwr_ex.o
      1190          8          0          0          0       6924   stm32f7xx_hal_qspi.o
      1292         68          0          0          0       4988   stm32f7xx_hal_rcc.o
      1340         22          0          0          0       2284   stm32f7xx_hal_rcc_ex.o
      2158          8          0          0          0      13748   stm32f7xx_hal_sd.o
       148          0          0          0          0       2640   stm32f7xx_hal_sdram.o
      1020         56          0          0          0       9785   stm32f7xx_hal_tim.o
       102          8          0          0          0       2956   stm32f7xx_hal_tim_ex.o
      1940         82          0          0          0      11760   stm32f7xx_hal_uart.o
       124         46          0          0          0       7080   stm32f7xx_it.o
       390         12          0          0          0       5377   stm32f7xx_ll_fmc.o
      1426         42          0          0          0      19316   stm32f7xx_ll_sdmmc.o
        84         16         24          4          0       1167   system_stm32f7xx.o
       208         28          0          0         64       2134   tim.o
       400         44          0          4        420       3018   usart.o
       460         34          0          4          0       4127   w25q256.o

    ----------------------------------------------------------------------
     18948       1018      18846         88   33747408    1138567   Object Totals
         0          0         32          0          0          0   (incl. Generated)
        34          0          2          3          0          0   (incl. Padding)

    ----------------------------------------------------------------------

      Code (inc. data)   RO Data    RW Data    ZI Data      Debug   Library Member Name

         0          0          0          0          0          0   entry.o
         0          0          0          0          0          0   entry10a.o
         0          0          0          0          0          0   entry11a.o
         8          4          0          0          0          0   entry2.o
         4          0          0          0          0          0   entry5.o
         0          0          0          0          0          0   entry7b.o
         0          0          0          0          0          0   entry8b.o
         8          4          0          0          0          0   entry9a.o
        30          0          0          0          0          0   handlers.o
        36          8          0          0          0         68   init.o
        30          0          0          0          0         68   llshl.o
        32          0          0          0          0         68   llushr.o
        36          0          0          0          0         68   memcpya.o
        36          0          0          0          0        108   memseta.o
       372         14          0          0          0        184   printf1.o
         0          0          0          4          0          0   stdout.o
        44          0          0          0          0         80   uidiv.o
        98          0          0          0          0         92   uldiv.o

    ----------------------------------------------------------------------
       734         30          0          4         36        736   Library Totals
         0          0          0          0         36          0   (incl. Padding)

    ----------------------------------------------------------------------

      Code (inc. data)   RO Data    RW Data    ZI Data      Debug   Library Name

       734         30          0          4          0        736   mc_w.l

    ----------------------------------------------------------------------
       734         30          0          4         36        736   Library Totals

    ----------------------------------------------------------------------

==============================================================================


      Code (inc. data)   RO Data    RW Data    ZI Data      Debug   

     19682       1048      18846         92   33747444    1121395   Grand Totals
     19682       1048      18846         92   33747444    1121395   ELF Image Totals
     19682       1048      18846         92          0          0   ROM Totals

==============================================================================

    Total RO  Size (Code + RO Data)                38528 (  37.63kB)
    Total RW  Size (RW Data + ZI Data)          33747536 (32956.58kB)
    Total ROM Size (Code + RO Data + RW Data)      38620 (  37.71kB)

==============================================================================

