<html>
<body>
<pre>
<h1>µVision Build Log</h1>
<h2>Tool Versions:</h2>
IDE-Version: ¦ÌVision V5.23.0.0
Copyright (C) 2017 ARM Ltd and ARM Germany GmbH. All rights reserved.
License Information: ASD AAA, ASD@QQ, LIC=MGX8T-RU1ZU-HQ50I-TSKU9-7FG81-5HIP7
 
Tool Versions:
Toolchain:       MDK-ARM Professional  Version: 5.23
Toolchain Path:  D:\Keil_v5\ARM\ARMCC\Bin
C Compiler:      Armcc.exe V5.06 update 4 (build 422)
Assembler:       Armasm.exe V5.06 update 4 (build 422)
Linker/Locator:  ArmLink.exe V5.06 update 4 (build 422)
Library Manager: ArmAr.exe V5.06 update 4 (build 422)
Hex Converter:   FromElf.exe V5.06 update 4 (build 422)
CPU DLL:         SARMCM3.DLL V5.23
Dialog DLL:      DCM.DLL V1.15.0.0
Target DLL:      STLink\ST-LINKIII-KEIL_SWO.dll V2.0.18.0
Dialog DLL:      TCM.DLL V1.27.0.0
 
<h2>Project:</h2>
F:\F7_TEST\MDK-ARM\TEST.uvprojx
Project File Date:  04/18/2019

<h2>Output:</h2>
*** Using Compiler 'V5.06 update 4 (build 422)', folder: 'D:\Keil_v5\ARM\ARMCC\Bin'
Build target 'TEST'
compiling lcd.c...
compiling sdram.c...
compiling key.c...
compiling main.c...
../Src/main.c(112): warning:  #223-D: function "strlen" declared implicitly
      HAL_UART_Transmit_DMA(&huart1,data,strlen((char*)data));
../Src/main.c(75): warning:  #177-D: variable "i"  was declared but never referenced
      uint32_t i;
../Src/main.c: 2 warnings, 0 errors
compiling gpio.c...
compiling dma.c...
compiling fmc.c...
compiling tim.c...
compiling ltdc.c...
compiling stm32f7xx_it.c...
compiling usart.c...
compiling stm32f7xx_hal_msp.c...
linking...
Program Size: Code=12872 RO-data=568 RW-data=44 ZI-data=2049764  
FromELF: creating hex file...
"TEST\TEST.axf" - 0 Error(s), 2 Warning(s).

<h2>Software Packages used:</h2>

Package Vendor: ARM
                http://www.keil.com/pack/ARM.CMSIS.5.0.1.pack
                ARM::CMSIS:CORE:5.0.1
                CMSIS (Cortex Microcontroller Software Interface Standard)
   * Component: CORE Version: 5.0.1

<h2>Collection of Component include folders:</h2>
  .\RTE\_TEST
  D:\Keil_v5\ARM\PACK\ARM\CMSIS\5.0.1\CMSIS\Include
  D:\Keil_v5\ARM\PACK\Keil\STM32F7xx_DFP\2.11.0\Drivers\CMSIS\Device\ST\STM32F7xx\Include

<h2>Collection of Component Files used:</h2>

   * Component: ARM::CMSIS:CORE:5.0.1
Build Time Elapsed:  00:00:41
</pre>
</body>
</html>
