Component: ARM Compiler 5.06 update 4 (build 422) Tool: armlink [4d35d2]

==============================================================================

Section Cross References

    startup_stm32f767xx.o(RESET) refers to startup_stm32f767xx.o(STACK) for __initial_sp
    startup_stm32f767xx.o(RESET) refers to startup_stm32f767xx.o(.text) for Reset_Handler
    startup_stm32f767xx.o(RESET) refers to stm32f7xx_it.o(i.NMI_Handler) for NMI_Handler
    startup_stm32f767xx.o(RESET) refers to stm32f7xx_it.o(i.HardFault_Handler) for HardFault_Handler
    startup_stm32f767xx.o(RESET) refers to stm32f7xx_it.o(i.MemManage_Handler) for MemManage_Handler
    startup_stm32f767xx.o(RESET) refers to stm32f7xx_it.o(i.BusFault_Handler) for BusFault_Handler
    startup_stm32f767xx.o(RESET) refers to stm32f7xx_it.o(i.UsageFault_Handler) for UsageFault_Handler
    startup_stm32f767xx.o(RESET) refers to stm32f7xx_it.o(i.SVC_Handler) for SVC_Handler
    startup_stm32f767xx.o(RESET) refers to stm32f7xx_it.o(i.DebugMon_Handler) for DebugMon_Handler
    startup_stm32f767xx.o(RESET) refers to stm32f7xx_it.o(i.PendSV_Handler) for PendSV_Handler
    startup_stm32f767xx.o(RESET) refers to stm32f7xx_it.o(i.SysTick_Handler) for SysTick_Handler
    startup_stm32f767xx.o(RESET) refers to stm32f7xx_it.o(i.TIM3_IRQHandler) for TIM3_IRQHandler
    startup_stm32f767xx.o(RESET) refers to stm32f7xx_it.o(i.USART1_IRQHandler) for USART1_IRQHandler
    startup_stm32f767xx.o(RESET) refers to stm32f7xx_it.o(i.SDMMC1_IRQHandler) for SDMMC1_IRQHandler
    startup_stm32f767xx.o(RESET) refers to stm32f7xx_it.o(i.DMA2_Stream2_IRQHandler) for DMA2_Stream2_IRQHandler
    startup_stm32f767xx.o(RESET) refers to stm32f7xx_it.o(i.DMA2_Stream3_IRQHandler) for DMA2_Stream3_IRQHandler
    startup_stm32f767xx.o(RESET) refers to stm32f7xx_it.o(i.DMA2_Stream6_IRQHandler) for DMA2_Stream6_IRQHandler
    startup_stm32f767xx.o(RESET) refers to stm32f7xx_it.o(i.DMA2_Stream7_IRQHandler) for DMA2_Stream7_IRQHandler
    startup_stm32f767xx.o(.text) refers to system_stm32f7xx.o(i.SystemInit) for SystemInit
    startup_stm32f767xx.o(.text) refers to entry.o(.ARM.Collect$$$$00000000) for __main
    key.o(i.Key_Scan) refers to stm32f7xx_hal_gpio.o(i.HAL_GPIO_ReadPin) for HAL_GPIO_ReadPin
    key.o(i.Key_Scan) refers to stm32f7xx_hal.o(i.HAL_Delay) for HAL_Delay
    key.o(i.Key_Scan) refers to key.o(.data) for key_up
    sdram.o(i.SDRAM_Init) refers to sdram.o(i.SDRAM_Initialization_Sequence) for SDRAM_Initialization_Sequence
    sdram.o(i.SDRAM_Initialization_Sequence) refers to sdram.o(i.SDRAM_Send_Cmd) for SDRAM_Send_Cmd
    sdram.o(i.SDRAM_Initialization_Sequence) refers to stm32f7xx_hal.o(i.HAL_Delay) for HAL_Delay
    sdram.o(i.SDRAM_Initialization_Sequence) refers to stm32f7xx_hal_sdram.o(i.HAL_SDRAM_ProgramRefreshRate) for HAL_SDRAM_ProgramRefreshRate
    sdram.o(i.SDRAM_Initialization_Sequence) refers to fmc.o(.bss) for hsdram1
    sdram.o(i.SDRAM_Send_Cmd) refers to stm32f7xx_hal_sdram.o(i.HAL_SDRAM_SendCommand) for HAL_SDRAM_SendCommand
    sdram.o(i.SDRAM_Send_Cmd) refers to fmc.o(.bss) for hsdram1
    lcd.o(i.LTDC_DrawLine) refers to ltdc.o(i.LTDC_Draw_Point) for LTDC_Draw_Point
    lcd.o(i.LTDC_DrawLine) refers to lcd.o(.data) for POINT_COLOR
    lcd.o(i.LTDC_DrawRectangle) refers to lcd.o(i.LTDC_DrawLine) for LTDC_DrawLine
    lcd.o(i.LTDC_Draw_Circle) refers to ltdc.o(i.LTDC_Draw_Point) for LTDC_Draw_Point
    lcd.o(i.LTDC_Draw_Circle) refers to lcd.o(.data) for POINT_COLOR
    lcd.o(i.LTDC_ShowChar) refers to ltdc.o(i.LTDC_Draw_Point) for LTDC_Draw_Point
    lcd.o(i.LTDC_ShowChar) refers to lcd.o(.constdata) for asc2_1206
    lcd.o(i.LTDC_ShowChar) refers to lcd.o(.data) for POINT_COLOR
    lcd.o(i.LTDC_ShowChar) refers to ltdc.o(.bss) for lcdltdc
    lcd.o(i.LTDC_ShowNum) refers to lcd.o(i.LCD_Pow) for LCD_Pow
    lcd.o(i.LTDC_ShowNum) refers to lcd.o(i.LTDC_ShowChar) for LTDC_ShowChar
    lcd.o(i.LTDC_ShowString) refers to lcd.o(i.LTDC_ShowChar) for LTDC_ShowChar
    lcd.o(i.LTDC_ShowxNum) refers to lcd.o(i.LCD_Pow) for LCD_Pow
    lcd.o(i.LTDC_ShowxNum) refers to lcd.o(i.LTDC_ShowChar) for LTDC_ShowChar
    w25q256.o(i.W25QXX_Erase_Chip) refers to w25q256.o(i.W25QXX_Write_Enable) for W25QXX_Write_Enable
    w25q256.o(i.W25QXX_Erase_Chip) refers to w25q256.o(i.W25QXX_Wait_Busy) for W25QXX_Wait_Busy
    w25q256.o(i.W25QXX_Erase_Chip) refers to quadspi.o(i.QSPI_Send_CMD) for QSPI_Send_CMD
    w25q256.o(i.W25QXX_Erase_Sector) refers to w25q256.o(i.W25QXX_Write_Enable) for W25QXX_Write_Enable
    w25q256.o(i.W25QXX_Erase_Sector) refers to w25q256.o(i.W25QXX_Wait_Busy) for W25QXX_Wait_Busy
    w25q256.o(i.W25QXX_Erase_Sector) refers to quadspi.o(i.QSPI_Send_CMD) for QSPI_Send_CMD
    w25q256.o(i.W25QXX_Init) refers to w25q256.o(i.W25QXX_Qspi_Enable) for W25QXX_Qspi_Enable
    w25q256.o(i.W25QXX_Init) refers to w25q256.o(i.W25QXX_ReadID) for W25QXX_ReadID
    w25q256.o(i.W25QXX_Init) refers to w25q256.o(i.W25QXX_ReadSR) for W25QXX_ReadSR
[...]
    st_word                                  0x08009b37   Thumb Code    12  ff.o(i.st_word)
    i.store_xdir                             0x08009b42   Section        0  ff.o(i.store_xdir)
    store_xdir                               0x08009b43   Thumb Code   114  ff.o(i.store_xdir)
    i.sum_sfn                                0x08009bb4   Section        0  ff.o(i.sum_sfn)
    sum_sfn                                  0x08009bb5   Thumb Code    32  ff.o(i.sum_sfn)
    i.sync_fs                                0x08009bd4   Section        0  ff.o(i.sync_fs)
    sync_fs                                  0x08009bd5   Thumb Code   134  ff.o(i.sync_fs)
    i.sync_window                            0x08009c64   Section        0  ff.o(i.sync_window)
    sync_window                              0x08009c65   Thumb Code    74  ff.o(i.sync_window)
    i.tchar2uni                              0x08009cae   Section        0  ff.o(i.tchar2uni)
    tchar2uni                                0x08009caf   Thumb Code    76  ff.o(i.tchar2uni)
    i.validate                               0x08009cfa   Section        0  ff.o(i.validate)
    validate                                 0x08009cfb   Thumb Code    60  ff.o(i.validate)
    i.xdir_sum                               0x08009d36   Section        0  ff.o(i.xdir_sum)
    xdir_sum                                 0x08009d37   Thumb Code    58  ff.o(i.xdir_sum)
    i.xname_sum                              0x08009d70   Section        0  ff.o(i.xname_sum)
    xname_sum                                0x08009d71   Thumb Code    76  ff.o(i.xname_sum)
    .constdata                               0x08009dbc   Section    18240  lcd.o(.constdata)
    .constdata                               0x0800e4fc   Section       36  malloc.o(.constdata)
    .constdata                               0x0800e520   Section        8  stm32f7xx_hal_dma.o(.constdata)
    flagBitshiftOffset                       0x0800e520   Data           8  stm32f7xx_hal_dma.o(.constdata)
    .constdata                               0x0800e528   Section       24  system_stm32f7xx.o(.constdata)
    .constdata                               0x0800e540   Section       70  ff.o(.constdata)
    LfnOfs                                   0x0800e540   Data          13  ff.o(.constdata)
    DbcTbl                                   0x0800e54d   Data          10  ff.o(.constdata)
    badchr                                   0x0800e557   Data          18  ff.o(.constdata)
    cst                                      0x0800e56a   Data          14  ff.o(.constdata)
    cst32                                    0x0800e578   Data          14  ff.o(.constdata)
    .constdata                               0x0800e586   Section    175030  ffunicode.o(.constdata)
    uni2oem936                               0x0800e586   Data       87172  ffunicode.o(.constdata)
    oem2uni936                               0x08023a0a   Data       87172  ffunicode.o(.constdata)
    cvt1                                     0x08038e8e   Data         498  ffunicode.o(.constdata)
    cvt2                                     0x08039080   Data         188  ffunicode.o(.constdata)
    .ARM.__AT_0x20000000                     0x20000000   Section    61440  malloc.o(.ARM.__AT_0x20000000)
    .ARM.__AT_0x2000F000                     0x2000f000   Section     3840  malloc.o(.ARM.__AT_0x2000F000)
    .data                                    0x20020000   Section        1  key.o(.data)
    key_up                                   0x20020000   Data           1  key.o(.data)
    .data                                    0x20020004   Section        8  lcd.o(.data)
    .data                                    0x2002000c   Section        3  w25q256.o(.data)
    .data                                    0x20020010   Section       36  malloc.o(.data)
    .data                                    0x20020034   Section        8  fmc.o(.data)
    FMC_Initialized                          0x20020034   Data           4  fmc.o(.data)
    FMC_DeInitialized                        0x20020038   Data           4  fmc.o(.data)
    .data                                    0x2002003c   Section        8  ltdc.o(.data)
    .data                                    0x20020044   Section        4  usart.o(.data)
    .data                                    0x20020048   Section        9  stm32f7xx_hal.o(.data)
    .data                                    0x20020054   Section        4  system_stm32f7xx.o(.data)
    .data                                    0x20020058   Section        2  ff.o(.data)
    Fsid                                     0x20020058   Data           2  ff.o(.data)
    .data                                    0x2002005c   Section        4  stdout.o(.data)
    .bss                                     0x20020060   Section     4096  w25q256.o(.bss)
    .bss                                     0x20021080   Section    174080  malloc.o(.bss)
    .bss                                     0x2004b880   Section      116  fmc.o(.bss)
    .bss                                     0x2004b8f4   Section      200  ltdc.o(.bss)
    .bss                                     0x2004b9bc   Section       76  quadspi.o(.bss)
    .bss                                     0x2004ba08   Section      868  sdmmc.o(.bss)
    .bss                                     0x2004bd6c   Section       64  tim.o(.bss)
    .bss                                     0x2004bdac   Section      420  usart.o(.bss)
    .bss                                     0x2004bf50   Section       12  ff.o(.bss)
    FatFs                                    0x2004bf50   Data          12  ff.o(.bss)
    STACK                                    0x2004bf60   Section     4096  startup_stm32f767xx.o(STACK)
    .ARM.__AT_0xC0000000                     0xc0000000   Section    2048000  ltdc.o(.ARM.__AT_0xC0000000)
    .ARM.__AT_0xC01F4000                     0xc01f4000   Section    29605888  malloc.o(.ARM.__AT_0xC01F4000)
    .ARM.__AT_0xC1E30000                     0xc1e30000   Section    1850368  malloc.o(.ARM.__AT_0xC1E30000)

    Global Symbols

    Symbol Name                              Value     Ov Type        Size  Object(Section)

    BuildAttributes$$THM_ISAv4$E$P$D$K$B$S$7EM$VFPv5_D16$PE$PLD8$A:L22UL41UL21$X:L11$S22US41US21$IEEE1$IW$USESV6$~STKCKD$USESV7$~SHL$OSPACE$ROPI$EBA8$MICROLIB$REQ8$PRES8$EABIv2 0x00000000   Number         0  anon$$obj.o ABSOLUTE
    __ARM_use_no_argv                        0x00000000   Number         0  main.o ABSOLUTE
    _printf_a                                0x00000000   Number         0  stubs.o ABSOLUTE
    _printf_c                                0x00000000   Number         0  stubs.o ABSOLUTE
    _printf_charcount                        0x00000000   Number         0  stubs.o ABSOLUTE
    _printf_d                                0x00000000   Number         0  stubs.o ABSOLUTE
    _printf_e                                0x00000000   Number         0  stubs.o ABSOLUTE
    _printf_f                                0x00000000   Number         0  stubs.o ABSOLUTE
    _printf_flags                            0x00000000   Number         0  stubs.o ABSOLUTE
    _printf_fp_dec                           0x00000000   Number         0  stubs.o ABSOLUTE
    _printf_fp_hex                           0x00000000   Number         0  stubs.o ABSOLUTE
    _printf_g                                0x00000000   Number         0  stubs.o ABSOLUTE
    _printf_i                                0x00000000   Number         0  stubs.o ABSOLUTE
    _printf_int_dec                          0x00000000   Number         0  stubs.o ABSOLUTE
    _printf_l                                0x00000000   Number         0  stubs.o ABSOLUTE
    _printf_lc                               0x00000000   Number         0  stubs.o ABSOLUTE
    _printf_ll                               0x00000000   Number         0  stubs.o ABSOLUTE
    _printf_lld                              0x00000000   Number         0  stubs.o ABSOLUTE
    _printf_lli                              0x00000000   Number         0  stubs.o ABSOLUTE
    _printf_llo                              0x00000000   Number         0  stubs.o ABSOLUTE
    _printf_llu                              0x00000000   Number         0  stubs.o ABSOLUTE
    _printf_llx                              0x00000000   Number         0  stubs.o ABSOLUTE
    _printf_longlong_dec                     0x00000000   Number         0  stubs.o ABSOLUTE
    _printf_longlong_hex                     0x00000000   Number         0  stubs.o ABSOLUTE
    _printf_longlong_oct                     0x00000000   Number         0  stubs.o ABSOLUTE
    _printf_ls                               0x00000000   Number         0  stubs.o ABSOLUTE
    _printf_mbtowc                           0x00000000   Number         0  stubs.o ABSOLUTE
    _printf_n                                0x00000000   Number         0  stubs.o ABSOLUTE
    _printf_o                                0x00000000   Number         0  stubs.o ABSOLUTE
    _printf_p                                0x00000000   Number         0  stubs.o ABSOLUTE
    _printf_percent                          0x00000000   Number         0  stubs.o ABSOLUTE
    _printf_pre_padding                      0x00000000   Number         0  stubs.o ABSOLUTE
    _printf_return_value                     0x00000000   Number         0  stubs.o ABSOLUTE
    _printf_s                                0x00000000   Number         0  stubs.o ABSOLUTE
    _printf_sizespec                         0x00000000   Number         0  stubs.o ABSOLUTE
    _printf_str                              0x00000000   Number         0  stubs.o ABSOLUTE
    _printf_truncate_signed                  0x00000000   Number         0  stubs.o ABSOLUTE
    _printf_truncate_unsigned                0x00000000   Number         0  stubs.o ABSOLUTE
    _printf_u                                0x00000000   Number         0  stubs.o ABSOLUTE
    _printf_wc                               0x00000000   Number         0  stubs.o ABSOLUTE
    _printf_wctomb                           0x00000000   Number         0  stubs.o ABSOLUTE
    _printf_widthprec                        0x00000000   Number         0  stubs.o ABSOLUTE
    _printf_x                                0x00000000   Number         0  stubs.o ABSOLUTE
    __cpp_initialize__aeabi_                  - Undefined Weak Reference
    __cxa_finalize                            - Undefined Weak Reference
    __decompress                              - Undefined Weak Reference
    _clock_init                               - Undefined Weak Reference
    _microlib_exit                            - Undefined Weak Reference
    __Vectors_Size                           0x000001f8   Number         0  startup_stm32f767xx.o ABSOLUTE
    __Vectors                                0x08000000   Data           4  startup_stm32f767xx.o(RESET)
    __Vectors_End                            0x080001f8   Data           0  startup_stm32f767xx.o(RESET)
    __main                                   0x080001f9   Thumb Code     0  entry.o(.ARM.Collect$$$$00000000)
    _main_stk                                0x080001f9   Thumb Code     0  entry2.o(.ARM.Collect$$$$00000001)
    _main_scatterload                        0x080001fd   Thumb Code     0  entry5.o(.ARM.Collect$$$$00000004)
    __main_after_scatterload                 0x08000201   Thumb Code     0  entry5.o(.ARM.Collect$$$$00000004)
    _main_clock                              0x08000201   Thumb Code     0  entry7b.o(.ARM.Collect$$$$00000008)
    _main_cpp_init                           0x08000201   Thumb Code     0  entry8b.o(.ARM.Collect$$$$0000000A)
    _main_init                               0x08000201   Thumb Code     0  entry9a.o(.ARM.Collect$$$$0000000B)
    __rt_final_cpp                           0x08000209   Thumb Code     0  entry10a.o(.ARM.Collect$$$$0000000D)
    __rt_final_exit                          0x08000209   Thumb Code     0  entry11a.o(.ARM.Collect$$$$0000000F)
    Reset_Handler                            0x0800020d   Thumb Code     8  startup_stm32f767xx.o(.text)
    ADC_IRQHandler                           0x08000227   Thumb Code     0  startup_stm32f767xx.o(.text)
    CAN1_RX0_IRQHandler                      0x08000227   Thumb Code     0  startup_stm32f767xx.o(.text)
    CAN1_RX1_IRQHandler                      0x08000227   Thumb Code     0  startup_stm32f767xx.o(.text)
    CAN1_SCE_IRQHandler                      0x08000227   Thumb Code     0  startup_stm32f767xx.o(.text)
    CAN1_TX_IRQHandler                       0x08000227   Thumb Code     0  startup_stm32f767xx.o(.text)
    CAN2_RX0_IRQHandler                      0x08000227   Thumb Code     0  startup_stm32f767xx.o(.text)
    CAN2_RX1_IRQHandler                      0x08000227   Thumb Code     0  startup_stm32f767xx.o(.text)
    CAN2_SCE_IRQHandler                      0x08000227   Thumb Code     0  startup_stm32f767xx.o(.text)
    CAN2_TX_IRQHandler                       0x08000227   Thumb Code     0  startup_stm32f767xx.o(.text)
    CAN3_RX0_IRQHandler                      0x08000227   Thumb Code     0  startup_stm32f767xx.o(.text)
    CAN3_RX1_IRQHandler                      0x08000227   Thumb Code     0  startup_stm32f767xx.o(.text)
    CAN3_SCE_IRQHandler                      0x08000227   Thumb Code     0  startup_stm32f767xx.o(.text)
    CAN3_TX_IRQHandler                       0x08000227   Thumb Code     0  startup_stm32f767xx.o(.text)
    CEC_IRQHandler                           0x08000227   Thumb Code     0  startup_stm32f767xx.o(.text)
    DCMI_IRQHandler                          0x08000227   Thumb Code     0  startup_stm32f767xx.o(.text)
    DFSDM1_FLT0_IRQHandler                   0x08000227   Thumb Code     0  startup_stm32f767xx.o(.text)
    DFSDM1_FLT1_IRQHandler                   0x08000227   Thumb Code     0  startup_stm32f767xx.o(.text)
    DFSDM1_FLT2_IRQHandler                   0x08000227   Thumb Code     0  startup_stm32f767xx.o(.text)
    DFSDM1_FLT3_IRQHandler                   0x08000227   Thumb Code     0  startup_stm32f767xx.o(.text)
    DMA1_Stream0_IRQHandler                  0x08000227   Thumb Code     0  startup_stm32f767xx.o(.text)
    DMA1_Stream1_IRQHandler                  0x08000227   Thumb Code     0  startup_stm32f767xx.o(.text)
    DMA1_Stream2_IRQHandler                  0x08000227   Thumb Code     0  startup_stm32f767xx.o(.text)
    DMA1_Stream3_IRQHandler                  0x08000227   Thumb Code     0  startup_stm32f767xx.o(.text)
    DMA1_Stream4_IRQHandler                  0x08000227   Thumb Code     0  startup_stm32f767xx.o(.text)
    DMA1_Stream5_IRQHandler                  0x08000227   Thumb Code     0  startup_stm32f767xx.o(.text)
    DMA1_Stream6_IRQHandler                  0x08000227   Thumb Code     0  startup_stm32f767xx.o(.text)
    DMA1_Stream7_IRQHandler                  0x08000227   Thumb Code     0  startup_stm32f767xx.o(.text)
    DMA2D_IRQHandler                         0x08000227   Thumb Code     0  startup_stm32f767xx.o(.text)
    DMA2_Stream0_IRQHandler                  0x08000227   Thumb Code     0  startup_stm32f767xx.o(.text)
    DMA2_Stream1_IRQHandler                  0x08000227   Thumb Code     0  startup_stm32f767xx.o(.text)
    DMA2_Stream4_IRQHandler                  0x08000227   Thumb Code     0  startup_stm32f767xx.o(.text)
    DMA2_Stream5_IRQHandler                  0x08000227   Thumb Code     0  startup_stm32f767xx.o(.text)
    ETH_IRQHandler                           0x08000227   Thumb Code     0  startup_stm32f767xx.o(.text)
    ETH_WKUP_IRQHandler                      0x08000227   Thumb Code     0  startup_stm32f767xx.o(.text)
    EXTI0_IRQHandler                         0x08000227   Thumb Code     0  startup_stm32f767xx.o(.text)
    EXTI15_10_IRQHandler                     0x08000227   Thumb Code     0  startup_stm32f767xx.o(.text)
    EXTI1_IRQHandler                         0x08000227   Thumb Code     0  startup_stm32f767xx.o(.text)
    EXTI2_IRQHandler                         0x08000227   Thumb Code     0  startup_stm32f767xx.o(.text)
    EXTI3_IRQHandler                         0x08000227   Thumb Code     0  startup_stm32f767xx.o(.text)
    EXTI4_IRQHandler                         0x08000227   Thumb Code     0  startup_stm32f767xx.o(.text)
    EXTI9_5_IRQHandler                       0x08000227   Thumb Code     0  startup_stm32f767xx.o(.text)
    FLASH_IRQHandler                         0x08000227   Thumb Code     0  startup_stm32f767xx.o(.text)
    FMC_IRQHandler                           0x08000227   Thumb Code     0  startup_stm32f767xx.o(.text)
    FPU_IRQHandler                           0x08000227   Thumb Code     0  startup_stm32f767xx.o(.text)
    I2C1_ER_IRQHandler                       0x08000227   Thumb Code     0  startup_stm32f767xx.o(.text)
    I2C1_EV_IRQHandler                       0x08000227   Thumb Code     0  startup_stm32f767xx.o(.text)
    I2C2_ER_IRQHandler                       0x08000227   Thumb Code     0  startup_stm32f767xx.o(.text)
    I2C2_EV_IRQHandler                       0x08000227   Thumb Code     0  startup_stm32f767xx.o(.text)
    I2C3_ER_IRQHandler                       0x08000227   Thumb Code     0  startup_stm32f767xx.o(.text)
    I2C3_EV_IRQHandler                       0x08000227   Thumb Code     0  startup_stm32f767xx.o(.text)
    I2C4_ER_IRQHandler                       0x08000227   Thumb Code     0  startup_stm32f767xx.o(.text)
    I2C4_EV_IRQHandler                       0x08000227   Thumb Code     0  startup_stm32f767xx.o(.text)
    JPEG_IRQHandler                          0x08000227   Thumb Code     0  startup_stm32f767xx.o(.text)
    LPTIM1_IRQHandler                        0x08000227   Thumb Code     0  startup_stm32f767xx.o(.text)
    LTDC_ER_IRQHandler                       0x08000227   Thumb Code     0  startup_stm32f767xx.o(.text)
    LTDC_IRQHandler                          0x08000227   Thumb Code     0  startup_stm32f767xx.o(.text)
    MDIOS_IRQHandler                         0x08000227   Thumb Code     0  startup_stm32f767xx.o(.text)
    OTG_FS_IRQHandler                        0x08000227   Thumb Code     0  startup_stm32f767xx.o(.text)
    OTG_FS_WKUP_IRQHandler                   0x08000227   Thumb Code     0  startup_stm32f767xx.o(.text)
    OTG_HS_EP1_IN_IRQHandler                 0x08000227   Thumb Code     0  startup_stm32f767xx.o(.text)
    OTG_HS_EP1_OUT_IRQHandler                0x08000227   Thumb Code     0  startup_stm32f767xx.o(.text)
    OTG_HS_IRQHandler                        0x08000227   Thumb Code     0  startup_stm32f767xx.o(.text)
    OTG_HS_WKUP_IRQHandler                   0x08000227   Thumb Code     0  startup_stm32f767xx.o(.text)
    PVD_IRQHandler                           0x08000227   Thumb Code     0  startup_stm32f767xx.o(.text)
    QUADSPI_IRQHandler                       0x08000227   Thumb Code     0  startup_stm32f767xx.o(.text)
    RCC_IRQHandler                           0x08000227   Thumb Code     0  startup_stm32f767xx.o(.text)
    RNG_IRQHandler                           0x08000227   Thumb Code     0  startup_stm32f767xx.o(.text)
    RTC_Alarm_IRQHandler                     0x08000227   Thumb Code     0  startup_stm32f767xx.o(.text)
    RTC_WKUP_IRQHandler                      0x08000227   Thumb Code     0  startup_stm32f767xx.o(.text)
    SAI1_IRQHandler                          0x08000227   Thumb Code     0  startup_stm32f767xx.o(.text)
    SAI2_IRQHandler                          0x08000227   Thumb Code     0  startup_stm32f767xx.o(.text)
    SDMMC2_IRQHandler                        0x08000227   Thumb Code     0  startup_stm32f767xx.o(.text)
    SPDIF_RX_IRQHandler                      0x08000227   Thumb Code     0  startup_stm32f767xx.o(.text)
    SPI1_IRQHandler                          0x08000227   Thumb Code     0  startup_stm32f767xx.o(.text)
    SPI2_IRQHandler                          0x08000227   Thumb Code     0  startup_stm32f767xx.o(.text)
    SPI3_IRQHandler                          0x08000227   Thumb Code     0  startup_stm32f767xx.o(.text)
    SPI4_IRQHandler                          0x08000227   Thumb Code     0  startup_stm32f767xx.o(.text)
    SPI5_IRQHandler                          0x08000227   Thumb Code     0  startup_stm32f767xx.o(.text)
    SPI6_IRQHandler                          0x08000227   Thumb Code     0  startup_stm32f767xx.o(.text)
    TAMP_STAMP_IRQHandler                    0x08000227   Thumb Code     0  startup_stm32f767xx.o(.text)
    TIM1_BRK_TIM9_IRQHandler                 0x08000227   Thumb Code     0  startup_stm32f767xx.o(.text)
    TIM1_CC_IRQHandler                       0x08000227   Thumb Code     0  startup_stm32f767xx.o(.text)
    TIM1_TRG_COM_TIM11_IRQHandler            0x08000227   Thumb Code     0  startup_stm32f767xx.o(.text)
    TIM1_UP_TIM10_IRQHandler                 0x08000227   Thumb Code     0  startup_stm32f767xx.o(.text)
    TIM2_IRQHandler                          0x08000227   Thumb Code     0  startup_stm32f767xx.o(.text)
    TIM4_IRQHandler                          0x08000227   Thumb Code     0  startup_stm32f767xx.o(.text)
    TIM5_IRQHandler                          0x08000227   Thumb Code     0  startup_stm32f767xx.o(.text)
    TIM6_DAC_IRQHandler                      0x08000227   Thumb Code     0  startup_stm32f767xx.o(.text)
    TIM7_IRQHandler                          0x08000227   Thumb Code     0  startup_stm32f767xx.o(.text)
    TIM8_BRK_TIM12_IRQHandler                0x08000227   Thumb Code     0  startup_stm32f767xx.o(.text)
    TIM8_CC_IRQHandler                       0x08000227   Thumb Code     0  startup_stm32f767xx.o(.text)
    TIM8_TRG_COM_TIM14_IRQHandler            0x08000227   Thumb Code     0  startup_stm32f767xx.o(.text)
    TIM8_UP_TIM13_IRQHandler                 0x08000227   Thumb Code     0  startup_stm32f767xx.o(.text)
    UART4_IRQHandler                         0x08000227   Thumb Code     0  startup_stm32f767xx.o(.text)
    UART5_IRQHandler                         0x08000227   Thumb Code     0  startup_stm32f767xx.o(.text)
    UART7_IRQHandler                         0x08000227   Thumb Code     0  startup_stm32f767xx.o(.text)
    UART8_IRQHandler                         0x08000227   Thumb Code     0  startup_stm32f767xx.o(.text)
    USART2_IRQHandler                        0x08000227   Thumb Code     0  startup_stm32f767xx.o(.text)
    USART3_IRQHandler                        0x08000227   Thumb Code     0  startup_stm32f767xx.o(.text)
    USART6_IRQHandler                        0x08000227   Thumb Code     0  startup_stm32f767xx.o(.text)
    WWDG_IRQHandler                          0x08000227   Thumb Code     0  startup_stm32f767xx.o(.text)
    __aeabi_uldivmod                         0x08000231   Thumb Code    98  uldiv.o(.text)
    __aeabi_memcpy                           0x08000293   Thumb Code    36  memcpya.o(.text)
    __aeabi_memcpy4                          0x08000293   Thumb Code     0  memcpya.o(.text)
    __aeabi_memcpy8                          0x08000293   Thumb Code     0  memcpya.o(.text)
    __aeabi_memset                           0x080002b7   Thumb Code    14  memseta.o(.text)
    __aeabi_memset4                          0x080002b7   Thumb Code     0  memseta.o(.text)
    __aeabi_memset8                          0x080002b7   Thumb Code     0  memseta.o(.text)
    __aeabi_memclr                           0x080002c5   Thumb Code     4  memseta.o(.text)
    __aeabi_memclr4                          0x080002c5   Thumb Code     0  memseta.o(.text)
    __aeabi_memclr8                          0x080002c5   Thumb Code     0  memseta.o(.text)
    _memset$wrapper                          0x080002c9   Thumb Code    18  memseta.o(.text)
    __aeabi_uidiv                            0x080002db   Thumb Code     0  uidiv.o(.text)
    __aeabi_uidivmod                         0x080002db   Thumb Code    44  uidiv.o(.text)
    __aeabi_llsl                             0x08000307   Thumb Code    30  llshl.o(.text)
    _ll_shift_l                              0x08000307   Thumb Code     0  llshl.o(.text)
    __aeabi_llsr                             0x08000325   Thumb Code    32  llushr.o(.text)
    _ll_ushift_r                             0x08000325   Thumb Code     0  llushr.o(.text)
    __scatterload                            0x08000345   Thumb Code    28  init.o(.text)
    __scatterload_rt2                        0x08000345   Thumb Code     0  init.o(.text)
    BusFault_Handler                         0x08000369   Thumb Code     4  stm32f7xx_it.o(i.BusFault_Handler)
    DMA2_Stream2_IRQHandler                  0x0800036d   Thumb Code    10  stm32f7xx_it.o(i.DMA2_Stream2_IRQHandler)
    DMA2_Stream3_IRQHandler                  0x0800037d   Thumb Code    10  stm32f7xx_it.o(i.DMA2_Stream3_IRQHandler)
    DMA2_Stream6_IRQHandler                  0x0800038d   Thumb Code    10  stm32f7xx_it.o(i.DMA2_Stream6_IRQHandler)
    DMA2_Stream7_IRQHandler                  0x0800039d   Thumb Code    10  stm32f7xx_it.o(i.DMA2_Stream7_IRQHandler)
    DebugMon_Handler                         0x080004b7   Thumb Code     2  stm32f7xx_it.o(i.DebugMon_Handler)
    Error_Handler                            0x080004b9   Thumb Code     2  main.o(i.Error_Handler)
    FMC_NAND_AttributeSpace_Timing_Init      0x080004bb   Thumb Code    40  stm32f7xx_ll_fmc.o(i.FMC_NAND_AttributeSpace_Timing_Init)
    FMC_NAND_CommonSpace_Timing_Init         0x080004e3   Thumb Code    40  stm32f7xx_ll_fmc.o(i.FMC_NAND_CommonSpace_Timing_Init)
    FMC_NAND_Init                            0x0800050d   Thumb Code    50  stm32f7xx_ll_fmc.o(i.FMC_NAND_Init)
    FMC_SDRAM_Init                           0x08000545   Thumb Code   116  stm32f7xx_ll_fmc.o(i.FMC_SDRAM_Init)
    FMC_SDRAM_ProgramRefreshRate             0x080005b9   Thumb Code    14  stm32f7xx_ll_fmc.o(i.FMC_SDRAM_ProgramRefreshRate)
    FMC_SDRAM_SendCommand                    0x080005c7   Thumb Code    38  stm32f7xx_ll_fmc.o(i.FMC_SDRAM_SendCommand)
    FMC_SDRAM_Timing_Init                    0x080005ed   Thumb Code   152  stm32f7xx_ll_fmc.o(i.FMC_SDRAM_Timing_Init)
    Get_DCahceSta                            0x08000689   Thumb Code    10  sdmmc.o(i.Get_DCahceSta)
    HAL_DMA_Abort_IT                         0x08000699   Thumb Code    40  stm32f7xx_hal_dma.o(i.HAL_DMA_Abort_IT)
    HAL_DMA_GetError                         0x080006c1   Thumb Code     6  stm32f7xx_hal_dma.o(i.HAL_DMA_GetError)
    HAL_DMA_IRQHandler                       0x080006c9   Thumb Code   570  stm32f7xx_hal_dma.o(i.HAL_DMA_IRQHandler)
    HAL_DMA_Init                             0x08000909   Thumb Code   232  stm32f7xx_hal_dma.o(i.HAL_DMA_Init)
    HAL_DMA_Start_IT                         0x080009f5   Thumb Code   158  stm32f7xx_hal_dma.o(i.HAL_DMA_Start_IT)
    HAL_Delay                                0x08000a95   Thumb Code    36  stm32f7xx_hal.o(i.HAL_Delay)
    HAL_GPIO_Init                            0x08000ba1   Thumb Code   484  stm32f7xx_hal_gpio.o(i.HAL_GPIO_Init)
    HAL_GPIO_ReadPin                         0x08000db9   Thumb Code    16  stm32f7xx_hal_gpio.o(i.HAL_GPIO_ReadPin)
    HAL_GPIO_TogglePin                       0x08000dc9   Thumb Code    18  stm32f7xx_hal_gpio.o(i.HAL_GPIO_TogglePin)
    HAL_GPIO_WritePin                        0x08000ddb   Thumb Code    12  stm32f7xx_hal_gpio.o(i.HAL_GPIO_WritePin)
    HAL_GetTick                              0x08000de9   Thumb Code     6  stm32f7xx_hal.o(i.HAL_GetTick)
    HAL_IncTick                              0x08000df5   Thumb Code    16  stm32f7xx_hal.o(i.HAL_IncTick)
    HAL_Init                                 0x08000e0d   Thumb Code    44  stm32f7xx_hal.o(i.HAL_Init)
    HAL_InitTick                             0x08000e3d   Thumb Code    64  stm32f7xx_hal.o(i.HAL_InitTick)
    HAL_LTDC_ConfigLayer                     0x08000e89   Thumb Code    94  stm32f7xx_hal_ltdc.o(i.HAL_LTDC_ConfigLayer)
    HAL_LTDC_Init                            0x08000ee9   Thumb Code   274  stm32f7xx_hal_ltdc.o(i.HAL_LTDC_Init)
    HAL_LTDC_MspInit                         0x08001001   Thumb Code   342  ltdc.o(i.HAL_LTDC_MspInit)
    HAL_LTDC_SetWindowPosition               0x08001175   Thumb Code   108  stm32f7xx_hal_ltdc.o(i.HAL_LTDC_SetWindowPosition)
    HAL_LTDC_SetWindowSize                   0x080011e1   Thumb Code   108  stm32f7xx_hal_ltdc.o(i.HAL_LTDC_SetWindowSize)
    HAL_MspInit                              0x0800124d   Thumb Code    60  stm32f7xx_hal_msp.o(i.HAL_MspInit)
    HAL_NAND_Init                            0x0800128d   Thumb Code    82  stm32f7xx_hal_nand.o(i.HAL_NAND_Init)
    HAL_NAND_MspInit                         0x080012df   Thumb Code    10  fmc.o(i.HAL_NAND_MspInit)
    HAL_NVIC_EnableIRQ                       0x080012e9   Thumb Code    32  stm32f7xx_hal_cortex.o(i.HAL_NVIC_EnableIRQ)
    HAL_NVIC_SetPriority                     0x08001309   Thumb Code   124  stm32f7xx_hal_cortex.o(i.HAL_NVIC_SetPriority)
    HAL_NVIC_SetPriorityGrouping             0x08001385   Thumb Code    32  stm32f7xx_hal_cortex.o(i.HAL_NVIC_SetPriorityGrouping)
    HAL_PWREx_EnableOverDrive                0x080013ad   Thumb Code   136  stm32f7xx_hal_pwr_ex.o(i.HAL_PWREx_EnableOverDrive)
    HAL_QSPI_Command                         0x0800143d   Thumb Code   166  stm32f7xx_hal_qspi.o(i.HAL_QSPI_Command)
    HAL_QSPI_Init                            0x080014e5   Thumb Code   208  stm32f7xx_hal_qspi.o(i.HAL_QSPI_Init)
    HAL_QSPI_MspInit                         0x080015bd   Thumb Code   226  quadspi.o(i.HAL_QSPI_MspInit)
    HAL_QSPI_Receive                         0x080016b1   Thumb Code   226  stm32f7xx_hal_qspi.o(i.HAL_QSPI_Receive)
    HAL_QSPI_SetTimeout                      0x08001793   Thumb Code     4  stm32f7xx_hal_qspi.o(i.HAL_QSPI_SetTimeout)
    HAL_QSPI_Transmit                        0x08001797   Thumb Code   210  stm32f7xx_hal_qspi.o(i.HAL_QSPI_Transmit)
    HAL_RCCEx_PeriphCLKConfig                0x08001869   Thumb Code  1876  stm32f7xx_hal_rcc_ex.o(i.HAL_RCCEx_PeriphCLKConfig)
    HAL_RCC_ClockConfig                      0x08001fc1   Thumb Code   382  stm32f7xx_hal_rcc.o(i.HAL_RCC_ClockConfig)
    HAL_RCC_GetHCLKFreq                      0x08002151   Thumb Code     6  stm32f7xx_hal_rcc.o(i.HAL_RCC_GetHCLKFreq)
    HAL_RCC_GetPCLK1Freq                     0x0800215d   Thumb Code    22  stm32f7xx_hal_rcc.o(i.HAL_RCC_GetPCLK1Freq)
    HAL_RCC_GetPCLK2Freq                     0x0800217d   Thumb Code    22  stm32f7xx_hal_rcc.o(i.HAL_RCC_GetPCLK2Freq)
    HAL_RCC_GetSysClockFreq                  0x0800219d   Thumb Code   162  stm32f7xx_hal_rcc.o(i.HAL_RCC_GetSysClockFreq)
    HAL_RCC_OscConfig                        0x0800224d   Thumb Code  1204  stm32f7xx_hal_rcc.o(i.HAL_RCC_OscConfig)
    HAL_SDRAM_Init                           0x08002705   Thumb Code    64  stm32f7xx_hal_sdram.o(i.HAL_SDRAM_Init)
    HAL_SDRAM_MspInit                        0x08002745   Thumb Code    10  fmc.o(i.HAL_SDRAM_MspInit)
    HAL_SDRAM_ProgramRefreshRate             0x0800274f   Thumb Code    40  stm32f7xx_hal_sdram.o(i.HAL_SDRAM_ProgramRefreshRate)
    HAL_SDRAM_SendCommand                    0x08002777   Thumb Code    58  stm32f7xx_hal_sdram.o(i.HAL_SDRAM_SendCommand)
    HAL_SD_AbortCallback                     0x080027b1   Thumb Code     2  stm32f7xx_hal_sd.o(i.HAL_SD_AbortCallback)
    HAL_SD_ConfigWideBusOperation            0x080027b3   Thumb Code   168  stm32f7xx_hal_sd.o(i.HAL_SD_ConfigWideBusOperation)
    HAL_SD_ErrorCallback                     0x0800285b   Thumb Code     2  stm32f7xx_hal_sd.o(i.HAL_SD_ErrorCallback)
    HAL_SD_GetCardCSD                        0x0800285d   Thumb Code   496  stm32f7xx_hal_sd.o(i.HAL_SD_GetCardCSD)
    HAL_SD_GetCardState                      0x08002a4d   Thumb Code    40  stm32f7xx_hal_sd.o(i.HAL_SD_GetCardState)
    HAL_SD_IRQHandler                        0x08002a75   Thumb Code   480  stm32f7xx_hal_sd.o(i.HAL_SD_IRQHandler)
    HAL_SD_Init                              0x08002c5d   Thumb Code    54  stm32f7xx_hal_sd.o(i.HAL_SD_Init)
    HAL_SD_InitCard                          0x08002c93   Thumb Code   136  stm32f7xx_hal_sd.o(i.HAL_SD_InitCard)
    HAL_SD_MspInit                           0x08002d1d   Thumb Code   358  sdmmc.o(i.HAL_SD_MspInit)
    HAL_SD_ReadBlocks_DMA                    0x08002ea1   Thumb Code   288  stm32f7xx_hal_sd.o(i.HAL_SD_ReadBlocks_DMA)
    HAL_SD_RxCpltCallback                    0x08002fc9   Thumb Code     2  stm32f7xx_hal_sd.o(i.HAL_SD_RxCpltCallback)
    HAL_SD_TxCpltCallback                    0x08002fcb   Thumb Code     2  stm32f7xx_hal_sd.o(i.HAL_SD_TxCpltCallback)
    HAL_SD_WriteBlocks_DMA                   0x08002fcd   Thumb Code   286  stm32f7xx_hal_sd.o(i.HAL_SD_WriteBlocks_DMA)
    HAL_SYSTICK_Config                       0x080030f5   Thumb Code    52  stm32f7xx_hal_cortex.o(i.HAL_SYSTICK_Config)
    HAL_TIMEx_Break2Callback                 0x08003129   Thumb Code     2  stm32f7xx_hal_tim_ex.o(i.HAL_TIMEx_Break2Callback)
    HAL_TIMEx_BreakCallback                  0x0800312b   Thumb Code     2  stm32f7xx_hal_tim_ex.o(i.HAL_TIMEx_BreakCallback)
    HAL_TIMEx_CommutCallback                 0x0800312d   Thumb Code     2  stm32f7xx_hal_tim_ex.o(i.HAL_TIMEx_CommutCallback)
    HAL_TIMEx_MasterConfigSynchronization    0x08003131   Thumb Code   110  stm32f7xx_hal_tim_ex.o(i.HAL_TIMEx_MasterConfigSynchronization)
    HAL_TIM_Base_Init                        0x080031a9   Thumb Code    52  stm32f7xx_hal_tim.o(i.HAL_TIM_Base_Init)
    HAL_TIM_Base_MspInit                     0x080031dd   Thumb Code    58  tim.o(i.HAL_TIM_Base_MspInit)
    HAL_TIM_Base_Start_IT                    0x08003221   Thumb Code    50  stm32f7xx_hal_tim.o(i.HAL_TIM_Base_Start_IT)
    HAL_TIM_ConfigClockSource                0x08003259   Thumb Code   264  stm32f7xx_hal_tim.o(i.HAL_TIM_ConfigClockSource)
    HAL_TIM_IC_CaptureCallback               0x08003365   Thumb Code     2  stm32f7xx_hal_tim.o(i.HAL_TIM_IC_CaptureCallback)
    HAL_TIM_IRQHandler                       0x08003367   Thumb Code   440  stm32f7xx_hal_tim.o(i.HAL_TIM_IRQHandler)
    HAL_TIM_OC_DelayElapsedCallback          0x0800351f   Thumb Code     2  stm32f7xx_hal_tim.o(i.HAL_TIM_OC_DelayElapsedCallback)
    HAL_TIM_PWM_PulseFinishedCallback        0x08003521   Thumb Code     2  stm32f7xx_hal_tim.o(i.HAL_TIM_PWM_PulseFinishedCallback)
    HAL_TIM_PeriodElapsedCallback            0x08003525   Thumb Code    30  tim.o(i.HAL_TIM_PeriodElapsedCallback)
    HAL_TIM_TriggerCallback                  0x0800354d   Thumb Code     2  stm32f7xx_hal_tim.o(i.HAL_TIM_TriggerCallback)
    HAL_UART_ErrorCallback                   0x0800354f   Thumb Code     2  stm32f7xx_hal_uart.o(i.HAL_UART_ErrorCallback)
    HAL_UART_IRQHandler                      0x08003551   Thumb Code   366  stm32f7xx_hal_uart.o(i.HAL_UART_IRQHandler)
    HAL_UART_Init                            0x080036c5   Thumb Code   116  stm32f7xx_hal_uart.o(i.HAL_UART_Init)
    HAL_UART_MspInit                         0x08003739   Thumb Code   252  usart.o(i.HAL_UART_MspInit)
    HAL_UART_Receive_IT                      0x0800384d   Thumb Code   218  stm32f7xx_hal_uart.o(i.HAL_UART_Receive_IT)
    HAL_UART_RxCpltCallback                  0x08003931   Thumb Code   120  usart.o(i.HAL_UART_RxCpltCallback)
    HAL_UART_Transmit                        0x080039b9   Thumb Code   208  stm32f7xx_hal_uart.o(i.HAL_UART_Transmit)
    HAL_UART_TxCpltCallback                  0x08003a89   Thumb Code     2  stm32f7xx_hal_uart.o(i.HAL_UART_TxCpltCallback)
    HardFault_Handler                        0x08003a8b   Thumb Code     4  stm32f7xx_it.o(i.HardFault_Handler)
    Key_Scan                                 0x08003a91   Thumb Code   192  key.o(i.Key_Scan)
    LTDC_Display_Dir                         0x08003b61   Thumb Code    40  ltdc.o(i.LTDC_Display_Dir)
    LTDC_Draw_Point                          0x08003b8d   Thumb Code    70  ltdc.o(i.LTDC_Draw_Point)
    LTDC_LCD_Clear                           0x08003bdd   Thumb Code    36  ltdc.o(i.LTDC_LCD_Clear)
    LTDC_LCD_Fill                            0x08003c09   Thumb Code   332  ltdc.o(i.LTDC_LCD_Fill)
    LTDC_LCD_Init                            0x08003d65   Thumb Code   104  ltdc.o(i.LTDC_LCD_Init)
    LTDC_Layer_Window_Config                 0x08003ddd   Thumb Code    44  ltdc.o(i.LTDC_Layer_Window_Config)
    LTDC_Select_Layer                        0x08003e0d   Thumb Code     6  ltdc.o(i.LTDC_Select_Layer)
    LTDC_ShowChar                            0x08004029   Thumb Code   288  lcd.o(i.LTDC_ShowChar)
    LTDC_ShowString                          0x08004165   Thumb Code    56  lcd.o(i.LTDC_ShowString)
    MX_DMA_Init                              0x0800419d   Thumb Code    96  dma.o(i.MX_DMA_Init)
    MX_FMC_Init                              0x08004201   Thumb Code   212  fmc.o(i.MX_FMC_Init)
    MX_GFXSIMULATOR_Init                     0x080042e1   Thumb Code     2  gfxsimulator.o(i.MX_GFXSIMULATOR_Init)
    MX_GPIO_Init                             0x080042e5   Thumb Code   400  gpio.o(i.MX_GPIO_Init)
    MX_LTDC_Init                             0x08004489   Thumb Code   188  ltdc.o(i.MX_LTDC_Init)
    MX_QUADSPI_Init                          0x0800454d   Thumb Code    50  quadspi.o(i.MX_QUADSPI_Init)
    MX_SDMMC1_SD_Init                        0x08004589   Thumb Code    54  sdmmc.o(i.MX_SDMMC1_SD_Init)
    MX_TIM3_Init                             0x080045c9   Thumb Code   104  tim.o(i.MX_TIM3_Init)
    MX_USART1_UART_Init                      0x08004639   Thumb Code    56  usart.o(i.MX_USART1_UART_Init)
    MemManage_Handler                        0x08004679   Thumb Code     4  stm32f7xx_it.o(i.MemManage_Handler)
    NMI_Handler                              0x0800467d   Thumb Code     2  stm32f7xx_it.o(i.NMI_Handler)
    PendSV_Handler                           0x0800467f   Thumb Code     2  stm32f7xx_it.o(i.PendSV_Handler)
    QSPI_Receive                             0x08004869   Thumb Code    36  quadspi.o(i.QSPI_Receive)
    QSPI_Send_CMD                            0x08004891   Thumb Code    70  quadspi.o(i.QSPI_Send_CMD)
    QSPI_Transmit                            0x080048dd   Thumb Code    36  quadspi.o(i.QSPI_Transmit)
    SDMMC1_IRQHandler                        0x08004ae5   Thumb Code    10  stm32f7xx_it.o(i.SDMMC1_IRQHandler)
    SDMMC_CmdAppCommand                      0x08004af5   Thumb Code    58  stm32f7xx_ll_sdmmc.o(i.SDMMC_CmdAppCommand)
    SDMMC_CmdAppOperCommand                  0x08004b31   Thumb Code    56  stm32f7xx_ll_sdmmc.o(i.SDMMC_CmdAppOperCommand)
    SDMMC_CmdBlockLength                     0x08004b6d   Thumb Code    58  stm32f7xx_ll_sdmmc.o(i.SDMMC_CmdBlockLength)
    SDMMC_CmdBusWidth                        0x08004ba7   Thumb Code    58  stm32f7xx_ll_sdmmc.o(i.SDMMC_CmdBusWidth)
    SDMMC_CmdGoIdleState                     0x08004be1   Thumb Code    46  stm32f7xx_ll_sdmmc.o(i.SDMMC_CmdGoIdleState)
    SDMMC_CmdOperCond                        0x08004c0f   Thumb Code    54  stm32f7xx_ll_sdmmc.o(i.SDMMC_CmdOperCond)
    SDMMC_CmdReadMultiBlock                  0x08004c45   Thumb Code    58  stm32f7xx_ll_sdmmc.o(i.SDMMC_CmdReadMultiBlock)
    SDMMC_CmdReadSingleBlock                 0x08004c7f   Thumb Code    58  stm32f7xx_ll_sdmmc.o(i.SDMMC_CmdReadSingleBlock)
    SDMMC_CmdSelDesel                        0x08004cb9   Thumb Code    60  stm32f7xx_ll_sdmmc.o(i.SDMMC_CmdSelDesel)
    SDMMC_CmdSendCID                         0x08004cf5   Thumb Code    52  stm32f7xx_ll_sdmmc.o(i.SDMMC_CmdSendCID)
    SDMMC_CmdSendCSD                         0x08004d29   Thumb Code    52  stm32f7xx_ll_sdmmc.o(i.SDMMC_CmdSendCSD)
    SDMMC_CmdSendSCR                         0x08004d5d   Thumb Code    58  stm32f7xx_ll_sdmmc.o(i.SDMMC_CmdSendSCR)
    SDMMC_CmdSendStatus                      0x08004d97   Thumb Code    58  stm32f7xx_ll_sdmmc.o(i.SDMMC_CmdSendStatus)
    SDMMC_CmdSetRelAdd                       0x08004dd1   Thumb Code    58  stm32f7xx_ll_sdmmc.o(i.SDMMC_CmdSetRelAdd)
    SDMMC_CmdStopTransfer                    0x08004e0d   Thumb Code    56  stm32f7xx_ll_sdmmc.o(i.SDMMC_CmdStopTransfer)
    SDMMC_CmdWriteMultiBlock                 0x08004e49   Thumb Code    58  stm32f7xx_ll_sdmmc.o(i.SDMMC_CmdWriteMultiBlock)
    SDMMC_CmdWriteSingleBlock                0x08004e83   Thumb Code    58  stm32f7xx_ll_sdmmc.o(i.SDMMC_CmdWriteSingleBlock)
    SDMMC_ConfigData                         0x08004ebd   Thumb Code    44  stm32f7xx_ll_sdmmc.o(i.SDMMC_ConfigData)
    SDMMC_GetCommandResponse                 0x08005281   Thumb Code     8  stm32f7xx_ll_sdmmc.o(i.SDMMC_GetCommandResponse)
    SDMMC_GetPowerState                      0x08005289   Thumb Code    10  stm32f7xx_ll_sdmmc.o(i.SDMMC_GetPowerState)
    SDMMC_GetResponse                        0x08005293   Thumb Code    22  stm32f7xx_ll_sdmmc.o(i.SDMMC_GetResponse)
    SDMMC_Init                               0x080052a9   Thumb Code    52  stm32f7xx_ll_sdmmc.o(i.SDMMC_Init)
    SDMMC_PowerState_ON                      0x080052dd   Thumb Code    10  stm32f7xx_ll_sdmmc.o(i.SDMMC_PowerState_ON)
    SDMMC_ReadFIFO                           0x080052e7   Thumb Code     8  stm32f7xx_ll_sdmmc.o(i.SDMMC_ReadFIFO)
    SDMMC_SendCommand                        0x080052ef   Thumb Code    40  stm32f7xx_ll_sdmmc.o(i.SDMMC_SendCommand)
    SDMMC_WriteFIFO                          0x08005317   Thumb Code    12  stm32f7xx_ll_sdmmc.o(i.SDMMC_WriteFIFO)
    SDRAM_Init                               0x08005323   Thumb Code     8  sdram.o(i.SDRAM_Init)
    SDRAM_Initialization_Sequence            0x0800532d   Thumb Code    74  sdram.o(i.SDRAM_Initialization_Sequence)
    SDRAM_Send_Cmd                           0x0800537d   Thumb Code    68  sdram.o(i.SDRAM_Send_Cmd)
    SD_ReadBlocks_DMA                        0x08005831   Thumb Code    92  sdmmc.o(i.SD_ReadBlocks_DMA)
    SD_ReadDisk                              0x08005891   Thumb Code    90  sdmmc.o(i.SD_ReadDisk)
    SD_WriteBlocks_DMA                       0x08005a21   Thumb Code    92  sdmmc.o(i.SD_WriteBlocks_DMA)
    SD_WriteDisk                             0x08005a81   Thumb Code    98  sdmmc.o(i.SD_WriteDisk)
    SVC_Handler                              0x08005b13   Thumb Code     2  stm32f7xx_it.o(i.SVC_Handler)
    SysTick_Handler                          0x08005b15   Thumb Code     8  stm32f7xx_it.o(i.SysTick_Handler)
    SystemClock_Config                       0x08005b1d   Thumb Code   232  main.o(i.SystemClock_Config)
    SystemInit                               0x08005c11   Thumb Code    82  system_stm32f7xx.o(i.SystemInit)
    TIM3_IRQHandler                          0x08005c75   Thumb Code    10  stm32f7xx_it.o(i.TIM3_IRQHandler)
    TIM_Base_SetConfig                       0x08005c85   Thumb Code   170  stm32f7xx_hal_tim.o(i.TIM_Base_SetConfig)
    TIM_ETR_SetConfig                        0x08005d5d   Thumb Code    22  stm32f7xx_hal_tim.o(i.TIM_ETR_SetConfig)
    UART_AdvFeatureConfig                    0x08005dd3   Thumb Code   248  stm32f7xx_hal_uart.o(i.UART_AdvFeatureConfig)
    UART_CheckIdleState                      0x08005ecb   Thumb Code    72  stm32f7xx_hal_uart.o(i.UART_CheckIdleState)
    UART_SetConfig                           0x08006041   Thumb Code   884  stm32f7xx_hal_uart.o(i.UART_SetConfig)
    UART_WaitOnFlagUntilTimeout              0x080063e5   Thumb Code   104  stm32f7xx_hal_uart.o(i.UART_WaitOnFlagUntilTimeout)
    USART1_IRQHandler                        0x0800644d   Thumb Code    20  stm32f7xx_it.o(i.USART1_IRQHandler)
    UsageFault_Handler                       0x08006469   Thumb Code     4  stm32f7xx_it.o(i.UsageFault_Handler)
    W25QXX_Erase_Sector                      0x0800646d   Thumb Code    46  w25q256.o(i.W25QXX_Erase_Sector)
    W25QXX_Init                              0x0800649d   Thumb Code   110  w25q256.o(i.W25QXX_Init)
    W25QXX_Qspi_Enable                       0x08006511   Thumb Code    62  w25q256.o(i.W25QXX_Qspi_Enable)
    W25QXX_Read                              0x08006555   Thumb Code    44  w25q256.o(i.W25QXX_Read)
    W25QXX_ReadID                            0x08006581   Thumb Code    90  w25q256.o(i.W25QXX_ReadID)
    W25QXX_ReadSR                            0x080065e1   Thumb Code   110  w25q256.o(i.W25QXX_ReadSR)
    W25QXX_Wait_Busy                         0x08006655   Thumb Code    20  w25q256.o(i.W25QXX_Wait_Busy)
    W25QXX_Write                             0x08006669   Thumb Code   180  w25q256.o(i.W25QXX_Write)
    W25QXX_Write_Enable                      0x08006721   Thumb Code    56  w25q256.o(i.W25QXX_Write_Enable)
    W25QXX_Write_NoCheck                     0x0800675d   Thumb Code    70  w25q256.o(i.W25QXX_Write_NoCheck)
    W25QXX_Write_Page                        0x080067a3   Thumb Code    52  w25q256.o(i.W25QXX_Write_Page)
    W25QXX_Write_SR                          0x080067d9   Thumb Code   104  w25q256.o(i.W25QXX_Write_SR)
    __0printf$1                              0x08006845   Thumb Code    22  printf1.o(i.__0printf$1)
    __1printf$1                              0x08006845   Thumb Code     0  printf1.o(i.__0printf$1)
    __2printf                                0x08006845   Thumb Code     0  printf1.o(i.__0printf$1)
    __scatterload_copy                       0x0800689d   Thumb Code    14  handlers.o(i.__scatterload_copy)
    __scatterload_null                       0x080068ab   Thumb Code     2  handlers.o(i.__scatterload_null)
    __scatterload_zeroinit                   0x080068ad   Thumb Code    14  handlers.o(i.__scatterload_zeroinit)
    disk_initialize                          0x0800792b   Thumb Code    50  diskio.o(i.disk_initialize)
    disk_ioctl                               0x0800795d   Thumb Code   144  diskio.o(i.disk_ioctl)
    disk_read                                0x080079f1   Thumb Code   104  diskio.o(i.disk_read)
    disk_status                              0x08007a59   Thumb Code     6  diskio.o(i.disk_status)
    disk_write                               0x08007a5f   Thumb Code   120  diskio.o(i.disk_write)
    f_close                                  0x08007ad7   Thumb Code    34  ff.o(i.f_close)
    f_mount                                  0x08007af9   Thumb Code    80  ff.o(i.f_mount)
    f_open                                   0x08007b4d   Thumb Code   772  ff.o(i.f_open)
    f_read                                   0x08007e51   Thumb Code   552  ff.o(i.f_read)
    f_sync                                   0x08008079   Thumb Code   424  ff.o(i.f_sync)
    f_write                                  0x08008221   Thumb Code   644  ff.o(i.f_write)
    ff_memalloc                              0x080084a5   Thumb Code    14  ffsystem.o(i.ff_memalloc)
    ff_memfree                               0x080084b3   Thumb Code    14  ffsystem.o(i.ff_memfree)
    ff_oem2uni                               0x080084c1   Thumb Code   100  ffunicode.o(i.ff_oem2uni)
    ff_uni2oem                               0x08008529   Thumb Code   112  ffunicode.o(i.ff_uni2oem)
    ff_wtoupper                              0x0800859d   Thumb Code   166  ffunicode.o(i.ff_wtoupper)
    fputc                                    0x08008cfd   Thumb Code    22  usart.o(i.fputc)
    get_fattime                              0x08008f75   Thumb Code     4  diskio.o(i.get_fattime)
    main                                     0x080091f5   Thumb Code   370  main.o(i.main)
    my_mem_free                              0x08009529   Thumb Code    96  malloc.o(i.my_mem_free)
    my_mem_init                              0x08009595   Thumb Code    34  malloc.o(i.my_mem_init)
    my_mem_malloc                            0x080095c1   Thumb Code   156  malloc.o(i.my_mem_malloc)
    my_mem_perused                           0x08009669   Thumb Code    56  malloc.o(i.my_mem_perused)
    myfree                                   0x080096a9   Thumb Code    30  malloc.o(i.myfree)
    mymalloc                                 0x080096cd   Thumb Code    34  malloc.o(i.mymalloc)
    mymemset                                 0x080096f5   Thumb Code    20  malloc.o(i.mymemset)
    asc2_1206                                0x08009dbc   Data        1140  lcd.o(.constdata)
    asc2_1608                                0x0800a230   Data        1520  lcd.o(.constdata)
    asc2_2412                                0x0800a820   Data        3420  lcd.o(.constdata)
    asc2_3216                                0x0800b57c   Data       12160  lcd.o(.constdata)
    memtblsize                               0x0800e4fc   Data          12  malloc.o(.constdata)
    memblksize                               0x0800e508   Data          12  malloc.o(.constdata)
    memsize                                  0x0800e514   Data          12  malloc.o(.constdata)
    AHBPrescTable                            0x0800e528   Data          16  system_stm32f7xx.o(.constdata)
    APBPrescTable                            0x0800e538   Data           8  system_stm32f7xx.o(.constdata)
    Region$$Table$$Base                      0x0803913c   Number         0  anon$$obj.o(Region$$Table)
    Region$$Table$$Limit                     0x0803915c   Number         0  anon$$obj.o(Region$$Table)
    mem3base                                 0x20000000   Data       61440  malloc.o(.ARM.__AT_0x20000000)
    mem3mapbase                              0x2000f000   Data        3840  malloc.o(.ARM.__AT_0x2000F000)
    POINT_COLOR                              0x20020004   Data           4  lcd.o(.data)
    BACK_COLOR                               0x20020008   Data           4  lcd.o(.data)
    W25QXX_TYPE                              0x2002000c   Data           2  w25q256.o(.data)
    W25QXX_QPI_MODE                          0x2002000e   Data           1  w25q256.o(.data)
    mallco_dev                               0x20020010   Data          36  malloc.o(.data)
    ltdc_framebuf                            0x2002003c   Data           8  ltdc.o(.data)
    aRecBuff                                 0x20020044   Data           1  usart.o(.data)
    USART_RX_STA                             0x20020046   Data           2  usart.o(.data)
    uwTick                                   0x20020048   Data           4  stm32f7xx_hal.o(.data)
    uwTickPrio                               0x2002004c   Data           4  stm32f7xx_hal.o(.data)
    uwTickFreq                               0x20020050   Data           1  stm32f7xx_hal.o(.data)
    SystemCoreClock                          0x20020054   Data           4  system_stm32f7xx.o(.data)
    __stdout                                 0x2002005c   Data           4  stdout.o(.data)
    W25QXX_BUFFER                            0x20020060   Data        4096  w25q256.o(.bss)
    mem1base                                 0x20021080   Data       163840  malloc.o(.bss)
    mem1mapbase                              0x20049080   Data       10240  malloc.o(.bss)
    hnand1                                   0x2004b880   Data          64  fmc.o(.bss)
    hsdram1                                  0x2004b8c0   Data          52  fmc.o(.bss)
    lcdltdc                                  0x2004b8f4   Data          32  ltdc.o(.bss)
    hltdc                                    0x2004b914   Data         168  ltdc.o(.bss)
    hqspi                                    0x2004b9bc   Data          76  quadspi.o(.bss)
    SDIO_DATA_BUFFER                         0x2004ba08   Data         512  sdmmc.o(.bss)
    SDCardInfo                               0x2004bc08   Data          32  sdmmc.o(.bss)
    hsd1                                     0x2004bc28   Data         132  sdmmc.o(.bss)
    hdma_sdmmc1_rx                           0x2004bcac   Data          96  sdmmc.o(.bss)
    hdma_sdmmc1_tx                           0x2004bd0c   Data          96  sdmmc.o(.bss)
    htim3                                    0x2004bd6c   Data          64  tim.o(.bss)
    Uart1Buff                                0x2004bdac   Data         100  usart.o(.bss)
    huart1                                   0x2004be10   Data         128  usart.o(.bss)
    hdma_usart1_rx                           0x2004be90   Data          96  usart.o(.bss)
    hdma_usart1_tx                           0x2004bef0   Data          96  usart.o(.bss)
    __initial_sp                             0x2004cf60   Data           0  startup_stm32f767xx.o(STACK)
    ltdc_lcd_framebuf                        0xc0000000   Data       2048000  ltdc.o(.ARM.__AT_0xC0000000)
    mem2base                                 0xc01f4000   Data       29605888  malloc.o(.ARM.__AT_0xC01F4000)
    mem2mapbase                              0xc1e30000   Data       1850368  malloc.o(.ARM.__AT_0xC1E30000)



==============================================================================

Memory Map of the image

  Image Entry point : 0x080001f9

  Load Region LR_IROM1 (Base: 0x08000000, Size: 0x000391bc, Max: 0x00100000, ABSOLUTE)

    Execution Region ER_IROM1 (Base: 0x08000000, Size: 0x0003915c, Max: 0x00100000, ABSOLUTE)

    Base Addr    Size         Type   Attr      Idx    E Section Name        Object

    0x08000000   0x000001f8   Data   RO            3    RESET               startup_stm32f767xx.o
    0x080001f8   0x00000000   Code   RO         6462  * .ARM.Collect$$$$00000000  mc_w.l(entry.o)
    0x080001f8   0x00000004   Code   RO         6734    .ARM.Collect$$$$00000001  mc_w.l(entry2.o)
    0x080001fc   0x00000004   Code   RO         6737    .ARM.Collect$$$$00000004  mc_w.l(entry5.o)
    0x08000200   0x00000000   Code   RO         6739    .ARM.Collect$$$$00000008  mc_w.l(entry7b.o)
    0x08000200   0x00000000   Code   RO         6741    .ARM.Collect$$$$0000000A  mc_w.l(entry8b.o)
    0x08000200   0x00000008   Code   RO         6742    .ARM.Collect$$$$0000000B  mc_w.l(entry9a.o)
    0x08000208   0x00000000   Code   RO         6744    .ARM.Collect$$$$0000000D  mc_w.l(entry10a.o)
    0x08000208   0x00000000   Code   RO         6746    .ARM.Collect$$$$0000000F  mc_w.l(entry11a.o)
    0x08000208   0x00000004   Code   RO         6735    .ARM.Collect$$$$00002712  mc_w.l(entry2.o)
    0x0800020c   0x00000024   Code   RO            4    .text               startup_stm32f767xx.o
    0x08000230   0x00000062   Code   RO         6465    .text               mc_w.l(uldiv.o)
    0x08000292   0x00000024   Code   RO         6467    .text               mc_w.l(memcpya.o)
    0x080002b6   0x00000024   Code   RO         6469    .text               mc_w.l(memseta.o)
    0x080002da   0x0000002c   Code   RO         6749    .text               mc_w.l(uidiv.o)
    0x08000306   0x0000001e   Code   RO         6751    .text               mc_w.l(llshl.o)
    0x08000324   0x00000020   Code   RO         6753    .text               mc_w.l(llushr.o)
    0x08000344   0x00000024   Code   RO         6766    .text               mc_w.l(init.o)
    0x08000368   0x00000004   Code   RO         1099    i.BusFault_Handler  stm32f7xx_it.o
    0x0800036c   0x00000010   Code   RO         1100    i.DMA2_Stream2_IRQHandler  stm32f7xx_it.o
    0x0800037c   0x00000010   Code   RO         1101    i.DMA2_Stream3_IRQHandler  stm32f7xx_it.o
    0x0800038c   0x00000010   Code   RO         1102    i.DMA2_Stream6_IRQHandler  stm32f7xx_it.o
    0x0800039c   0x00000010   Code   RO         1103    i.DMA2_Stream7_IRQHandler  stm32f7xx_it.o
    0x080003ac   0x00000034   Code   RO         4712    i.DMA_CalcBaseAndBitshift  stm32f7xx_hal_dma.o
    0x080003e0   0x000000aa   Code   RO         4713    i.DMA_CheckFifoParam  stm32f7xx_hal_dma.o
    0x0800048a   0x0000002c   Code   RO         4714    i.DMA_SetConfig     stm32f7xx_hal_dma.o
    0x080004b6   0x00000002   Code   RO         1104    i.DebugMon_Handler  stm32f7xx_it.o
    0x080004b8   0x00000002   Code   RO          537    i.Error_Handler     main.o
    0x080004ba   0x00000028   Code   RO         1381    i.FMC_NAND_AttributeSpace_Timing_Init  stm32f7xx_ll_fmc.o
    0x080004e2   0x00000028   Code   RO         1382    i.FMC_NAND_CommonSpace_Timing_Init  stm32f7xx_ll_fmc.o
    0x0800050a   0x00000002   PAD
    0x0800050c   0x00000038   Code   RO         1387    i.FMC_NAND_Init     stm32f7xx_ll_fmc.o
    0x08000544   0x00000074   Code   RO         1396    i.FMC_SDRAM_Init    stm32f7xx_ll_fmc.o
    0x080005b8   0x0000000e   Code   RO         1397    i.FMC_SDRAM_ProgramRefreshRate  stm32f7xx_ll_fmc.o
    0x080005c6   0x00000026   Code   RO         1398    i.FMC_SDRAM_SendCommand  stm32f7xx_ll_fmc.o
    0x080005ec   0x0000009c   Code   RO         1400    i.FMC_SDRAM_Timing_Init  stm32f7xx_ll_fmc.o
    0x08000688   0x00000010   Code   RO          903    i.Get_DCahceSta     sdmmc.o
    0x08000698   0x00000028   Code   RO         4716    i.HAL_DMA_Abort_IT  stm32f7xx_hal_dma.o
    0x080006c0   0x00000006   Code   RO         4718    i.HAL_DMA_GetError  stm32f7xx_hal_dma.o
    0x080006c6   0x00000002   PAD
    0x080006c8   0x00000240   Code   RO         4720    i.HAL_DMA_IRQHandler  stm32f7xx_hal_dma.o
    0x08000908   0x000000ec   Code   RO         4721    i.HAL_DMA_Init      stm32f7xx_hal_dma.o
    0x080009f4   0x0000009e   Code   RO         4725    i.HAL_DMA_Start_IT  stm32f7xx_hal_dma.o
    0x08000a92   0x00000002   PAD
    0x08000a94   0x00000028   Code   RO         5082    i.HAL_Delay         stm32f7xx_hal.o
    0x08000abc   0x000000e4   Code   RO          657    i.HAL_FMC_MspInit   fmc.o
    0x08000ba0   0x00000218   Code   RO         4649    i.HAL_GPIO_Init     stm32f7xx_hal_gpio.o
    0x08000db8   0x00000010   Code   RO         4651    i.HAL_GPIO_ReadPin  stm32f7xx_hal_gpio.o
    0x08000dc8   0x00000012   Code   RO         4652    i.HAL_GPIO_TogglePin  stm32f7xx_hal_gpio.o
    0x08000dda   0x0000000c   Code   RO         4653    i.HAL_GPIO_WritePin  stm32f7xx_hal_gpio.o
    0x08000de6   0x00000002   PAD
    0x08000de8   0x0000000c   Code   RO         5092    i.HAL_GetTick       stm32f7xx_hal.o
    0x08000df4   0x00000018   Code   RO         5098    i.HAL_IncTick       stm32f7xx_hal.o
    0x08000e0c   0x00000030   Code   RO         5099    i.HAL_Init          stm32f7xx_hal.o
    0x08000e3c   0x0000004c   Code   RO         5100    i.HAL_InitTick      stm32f7xx_hal.o
    0x08000e88   0x0000005e   Code   RO         1852    i.HAL_LTDC_ConfigLayer  stm32f7xx_hal_ltdc.o
    0x08000ee6   0x00000002   PAD
    0x08000ee8   0x00000118   Code   RO         1869    i.HAL_LTDC_Init     stm32f7xx_hal_ltdc.o
    0x08001000   0x00000174   Code   RO          746    i.HAL_LTDC_MspInit  ltdc.o
    0x08001174   0x0000006c   Code   RO         1884    i.HAL_LTDC_SetWindowPosition  stm32f7xx_hal_ltdc.o
    0x080011e0   0x0000006c   Code   RO         1886    i.HAL_LTDC_SetWindowSize  stm32f7xx_hal_ltdc.o
    0x0800124c   0x00000040   Code   RO         1217    i.HAL_MspInit       stm32f7xx_hal_msp.o
    0x0800128c   0x00000052   Code   RO         1541    i.HAL_NAND_Init     stm32f7xx_hal_nand.o
    0x080012de   0x0000000a   Code   RO          659    i.HAL_NAND_MspInit  fmc.o
    0x080012e8   0x00000020   Code   RO         1246    i.HAL_NVIC_EnableIRQ  stm32f7xx_hal_cortex.o
    0x08001308   0x0000007c   Code   RO         1252    i.HAL_NVIC_SetPriority  stm32f7xx_hal_cortex.o
    0x08001384   0x00000028   Code   RO         1253    i.HAL_NVIC_SetPriorityGrouping  stm32f7xx_hal_cortex.o
    0x080013ac   0x00000090   Code   RO         4989    i.HAL_PWREx_EnableOverDrive  stm32f7xx_hal_pwr_ex.o
    0x0800143c   0x000000a6   Code   RO         2148    i.HAL_QSPI_Command  stm32f7xx_hal_qspi.o
    0x080014e2   0x00000002   PAD
    0x080014e4   0x000000d8   Code   RO         2157    i.HAL_QSPI_Init     stm32f7xx_hal_qspi.o
    0x080015bc   0x000000f4   Code   RO          844    i.HAL_QSPI_MspInit  quadspi.o
    0x080016b0   0x000000e2   Code   RO         2161    i.HAL_QSPI_Receive  stm32f7xx_hal_qspi.o
    0x08001792   0x00000004   Code   RO         2167    i.HAL_QSPI_SetTimeout  stm32f7xx_hal_qspi.o
    0x08001796   0x000000d2   Code   RO         2170    i.HAL_QSPI_Transmit  stm32f7xx_hal_qspi.o
    0x08001868   0x00000758   Code   RO         4365    i.HAL_RCCEx_PeriphCLKConfig  stm32f7xx_hal_rcc_ex.o
    0x08001fc0   0x00000190   Code   RO         4258    i.HAL_RCC_ClockConfig  stm32f7xx_hal_rcc.o
    0x08002150   0x0000000c   Code   RO         4263    i.HAL_RCC_GetHCLKFreq  stm32f7xx_hal_rcc.o
    0x0800215c   0x00000020   Code   RO         4265    i.HAL_RCC_GetPCLK1Freq  stm32f7xx_hal_rcc.o
    0x0800217c   0x00000020   Code   RO         4266    i.HAL_RCC_GetPCLK2Freq  stm32f7xx_hal_rcc.o
    0x0800219c   0x000000b0   Code   RO         4267    i.HAL_RCC_GetSysClockFreq  stm32f7xx_hal_rcc.o
    0x0800224c   0x000004b8   Code   RO         4270    i.HAL_RCC_OscConfig  stm32f7xx_hal_rcc.o
    0x08002704   0x00000040   Code   RO         1699    i.HAL_SDRAM_Init    stm32f7xx_hal_sdram.o
    0x08002744   0x0000000a   Code   RO          661    i.HAL_SDRAM_MspInit  fmc.o
    0x0800274e   0x00000028   Code   RO         1702    i.HAL_SDRAM_ProgramRefreshRate  stm32f7xx_hal_sdram.o
    0x08002776   0x0000003a   Code   RO         1708    i.HAL_SDRAM_SendCommand  stm32f7xx_hal_sdram.o
    0x080027b0   0x00000002   Code   RO         2675    i.HAL_SD_AbortCallback  stm32f7xx_hal_sd.o
    0x080027b2   0x000000a8   Code   RO         2677    i.HAL_SD_ConfigWideBusOperation  stm32f7xx_hal_sd.o
    0x0800285a   0x00000002   Code   RO         2680    i.HAL_SD_ErrorCallback  stm32f7xx_hal_sd.o
    0x0800285c   0x000001f0   Code   RO         2682    i.HAL_SD_GetCardCSD  stm32f7xx_hal_sd.o
    0x08002a4c   0x00000028   Code   RO         2684    i.HAL_SD_GetCardState  stm32f7xx_hal_sd.o
    0x08002a74   0x000001e8   Code   RO         2688    i.HAL_SD_IRQHandler  stm32f7xx_hal_sd.o
    0x08002c5c   0x00000036   Code   RO         2689    i.HAL_SD_Init       stm32f7xx_hal_sd.o
    0x08002c92   0x00000088   Code   RO         2690    i.HAL_SD_InitCard   stm32f7xx_hal_sd.o
    0x08002d1a   0x00000002   PAD
    0x08002d1c   0x00000184   Code   RO          905    i.HAL_SD_MspInit    sdmmc.o
    0x08002ea0   0x00000128   Code   RO         2694    i.HAL_SD_ReadBlocks_DMA  stm32f7xx_hal_sd.o
    0x08002fc8   0x00000002   Code   RO         2696    i.HAL_SD_RxCpltCallback  stm32f7xx_hal_sd.o
    0x08002fca   0x00000002   Code   RO         2697    i.HAL_SD_TxCpltCallback  stm32f7xx_hal_sd.o
    0x08002fcc   0x00000128   Code   RO         2699    i.HAL_SD_WriteBlocks_DMA  stm32f7xx_hal_sd.o
    0x080030f4   0x00000034   Code   RO         1257    i.HAL_SYSTICK_Config  stm32f7xx_hal_cortex.o
    0x08003128   0x00000002   Code   RO         3627    i.HAL_TIMEx_Break2Callback  stm32f7xx_hal_tim_ex.o
    0x0800312a   0x00000002   Code   RO         3628    i.HAL_TIMEx_BreakCallback  stm32f7xx_hal_tim_ex.o
    0x0800312c   0x00000002   Code   RO         3629    i.HAL_TIMEx_CommutCallback  stm32f7xx_hal_tim_ex.o
    0x0800312e   0x00000002   PAD
    0x08003130   0x00000078   Code   RO         3648    i.HAL_TIMEx_MasterConfigSynchronization  stm32f7xx_hal_tim_ex.o
    0x080031a8   0x00000034   Code   RO         2931    i.HAL_TIM_Base_Init  stm32f7xx_hal_tim.o
    0x080031dc   0x00000044   Code   RO          997    i.HAL_TIM_Base_MspInit  tim.o
    0x08003220   0x00000038   Code   RO         2936    i.HAL_TIM_Base_Start_IT  stm32f7xx_hal_tim.o
    0x08003258   0x0000010c   Code   RO         2940    i.HAL_TIM_ConfigClockSource  stm32f7xx_hal_tim.o
    0x08003364   0x00000002   Code   RO         2960    i.HAL_TIM_IC_CaptureCallback  stm32f7xx_hal_tim.o
    0x08003366   0x000001b8   Code   RO         2974    i.HAL_TIM_IRQHandler  stm32f7xx_hal_tim.o
    0x0800351e   0x00000002   Code   RO         2977    i.HAL_TIM_OC_DelayElapsedCallback  stm32f7xx_hal_tim.o
    0x08003520   0x00000002   Code   RO         3004    i.HAL_TIM_PWM_PulseFinishedCallback  stm32f7xx_hal_tim.o
    0x08003522   0x00000002   PAD
    0x08003524   0x00000028   Code   RO          998    i.HAL_TIM_PeriodElapsedCallback  tim.o
    0x0800354c   0x00000002   Code   RO         3017    i.HAL_TIM_TriggerCallback  stm32f7xx_hal_tim.o
    0x0800354e   0x00000002   Code   RO         3918    i.HAL_UART_ErrorCallback  stm32f7xx_hal_uart.o
    0x08003550   0x00000174   Code   RO         3921    i.HAL_UART_IRQHandler  stm32f7xx_hal_uart.o
    0x080036c4   0x00000074   Code   RO         3922    i.HAL_UART_Init     stm32f7xx_hal_uart.o
    0x08003738   0x00000114   Code   RO         1045    i.HAL_UART_MspInit  usart.o
    0x0800384c   0x000000e4   Code   RO         3927    i.HAL_UART_Receive_IT  stm32f7xx_hal_uart.o
    0x08003930   0x00000088   Code   RO         1046    i.HAL_UART_RxCpltCallback  usart.o
    0x080039b8   0x000000d0   Code   RO         3930    i.HAL_UART_Transmit  stm32f7xx_hal_uart.o
    0x08003a88   0x00000002   Code   RO         3933    i.HAL_UART_TxCpltCallback  stm32f7xx_hal_uart.o
    0x08003a8a   0x00000004   Code   RO         1105    i.HardFault_Handler  stm32f7xx_it.o
    0x08003a8e   0x00000002   PAD
    0x08003a90   0x000000d0   Code   RO           13    i.Key_Scan          key.o
    0x08003b60   0x0000002c   Code   RO          748    i.LTDC_Display_Dir  ltdc.o
    0x08003b8c   0x00000050   Code   RO          749    i.LTDC_Draw_Point   ltdc.o
    0x08003bdc   0x0000002c   Code   RO          750    i.LTDC_LCD_Clear    ltdc.o
    0x08003c08   0x0000015c   Code   RO          751    i.LTDC_LCD_Fill     ltdc.o
    0x08003d64   0x00000078   Code   RO          752    i.LTDC_LCD_Init     ltdc.o
    0x08003ddc   0x00000030   Code   RO          753    i.LTDC_Layer_Window_Config  ltdc.o
    0x08003e0c   0x0000000c   Code   RO          755    i.LTDC_Select_Layer  ltdc.o
    0x08003e18   0x00000210   Code   RO         1888    i.LTDC_SetConfig    stm32f7xx_hal_ltdc.o
    0x08004028   0x0000013c   Code   RO          266    i.LTDC_ShowChar     lcd.o
    0x08004164   0x00000038   Code   RO          268    i.LTDC_ShowString   lcd.o
    0x0800419c   0x00000064   Code   RO          632    i.MX_DMA_Init       dma.o
    0x08004200   0x000000e0   Code   RO          662    i.MX_FMC_Init       fmc.o
    0x080042e0   0x00000002   Code   RO          721    i.MX_GFXSIMULATOR_Init  gfxsimulator.o
    0x080042e2   0x00000002   PAD
    0x080042e4   0x000001a4   Code   RO          608    i.MX_GPIO_Init      gpio.o
    0x08004488   0x000000c4   Code   RO          756    i.MX_LTDC_Init      ltdc.o
    0x0800454c   0x0000003c   Code   RO          845    i.MX_QUADSPI_Init   quadspi.o
    0x08004588   0x00000040   Code   RO          906    i.MX_SDMMC1_SD_Init  sdmmc.o
    0x080045c8   0x00000070   Code   RO          999    i.MX_TIM3_Init      tim.o
    0x08004638   0x00000040   Code   RO         1047    i.MX_USART1_UART_Init  usart.o
    0x08004678   0x00000004   Code   RO         1106    i.MemManage_Handler  stm32f7xx_it.o
    0x0800467c   0x00000002   Code   RO         1107    i.NMI_Handler       stm32f7xx_it.o
    0x0800467e   0x00000002   Code   RO         1108    i.PendSV_Handler    stm32f7xx_it.o
    0x08004680   0x000001e8   Code   RO         2175    i.QSPI_Config       stm32f7xx_hal_qspi.o
    0x08004868   0x00000028   Code   RO          846    i.QSPI_Receive      quadspi.o
    0x08004890   0x0000004c   Code   RO          847    i.QSPI_Send_CMD     quadspi.o
    0x080048dc   0x00000028   Code   RO          848    i.QSPI_Transmit     quadspi.o
    0x08004904   0x0000004c   Code   RO         2182    i.QSPI_WaitFlagStateUntilTimeout  stm32f7xx_hal_qspi.o
    0x08004950   0x0000007c   Code   RO          907    i.SCB_CleanInvalidateDCache  sdmmc.o
    0x080049cc   0x0000009c   Code   RO          538    i.SCB_EnableDCache  main.o
    0x08004a68   0x0000007c   Code   RO          539    i.SCB_EnableICache  main.o
    0x08004ae4   0x00000010   Code   RO         1109    i.SDMMC1_IRQHandler  stm32f7xx_it.o
    0x08004af4   0x0000003a   Code   RO         2398    i.SDMMC_CmdAppCommand  stm32f7xx_ll_sdmmc.o
    0x08004b2e   0x00000002   PAD
    0x08004b30   0x0000003c   Code   RO         2399    i.SDMMC_CmdAppOperCommand  stm32f7xx_ll_sdmmc.o
    0x08004b6c   0x0000003a   Code   RO         2400    i.SDMMC_CmdBlockLength  stm32f7xx_ll_sdmmc.o
    0x08004ba6   0x0000003a   Code   RO         2401    i.SDMMC_CmdBusWidth  stm32f7xx_ll_sdmmc.o
    0x08004be0   0x0000002e   Code   RO         2405    i.SDMMC_CmdGoIdleState  stm32f7xx_ll_sdmmc.o
    0x08004c0e   0x00000036   Code   RO         2407    i.SDMMC_CmdOperCond  stm32f7xx_ll_sdmmc.o
    0x08004c44   0x0000003a   Code   RO         2408    i.SDMMC_CmdReadMultiBlock  stm32f7xx_ll_sdmmc.o
    0x08004c7e   0x0000003a   Code   RO         2409    i.SDMMC_CmdReadSingleBlock  stm32f7xx_ll_sdmmc.o
    0x08004cb8   0x0000003c   Code   RO         2412    i.SDMMC_CmdSelDesel  stm32f7xx_ll_sdmmc.o
    0x08004cf4   0x00000034   Code   RO         2413    i.SDMMC_CmdSendCID  stm32f7xx_ll_sdmmc.o
    0x08004d28   0x00000034   Code   RO         2414    i.SDMMC_CmdSendCSD  stm32f7xx_ll_sdmmc.o
    0x08004d5c   0x0000003a   Code   RO         2415    i.SDMMC_CmdSendSCR  stm32f7xx_ll_sdmmc.o
    0x08004d96   0x0000003a   Code   RO         2416    i.SDMMC_CmdSendStatus  stm32f7xx_ll_sdmmc.o
    0x08004dd0   0x0000003a   Code   RO         2417    i.SDMMC_CmdSetRelAdd  stm32f7xx_ll_sdmmc.o
    0x08004e0a   0x00000002   PAD
    0x08004e0c   0x0000003c   Code   RO         2419    i.SDMMC_CmdStopTransfer  stm32f7xx_ll_sdmmc.o
    0x08004e48   0x0000003a   Code   RO         2421    i.SDMMC_CmdWriteMultiBlock  stm32f7xx_ll_sdmmc.o
    0x08004e82   0x0000003a   Code   RO         2422    i.SDMMC_CmdWriteSingleBlock  stm32f7xx_ll_sdmmc.o
    0x08004ebc   0x0000002c   Code   RO         2423    i.SDMMC_ConfigData  stm32f7xx_ll_sdmmc.o
    0x08004ee8   0x00000040   Code   RO         2424    i.SDMMC_GetCmdError  stm32f7xx_ll_sdmmc.o
    0x08004f28   0x000001a4   Code   RO         2425    i.SDMMC_GetCmdResp1  stm32f7xx_ll_sdmmc.o
    0x080050cc   0x0000005c   Code   RO         2426    i.SDMMC_GetCmdResp2  stm32f7xx_ll_sdmmc.o
    0x08005128   0x00000050   Code   RO         2427    i.SDMMC_GetCmdResp3  stm32f7xx_ll_sdmmc.o
    0x08005178   0x000000b0   Code   RO         2428    i.SDMMC_GetCmdResp6  stm32f7xx_ll_sdmmc.o
    0x08005228   0x00000058   Code   RO         2429    i.SDMMC_GetCmdResp7  stm32f7xx_ll_sdmmc.o
    0x08005280   0x00000008   Code   RO         2430    i.SDMMC_GetCommandResponse  stm32f7xx_ll_sdmmc.o
    0x08005288   0x0000000a   Code   RO         2433    i.SDMMC_GetPowerState  stm32f7xx_ll_sdmmc.o
    0x08005292   0x00000016   Code   RO         2434    i.SDMMC_GetResponse  stm32f7xx_ll_sdmmc.o
    0x080052a8   0x00000034   Code   RO         2435    i.SDMMC_Init        stm32f7xx_ll_sdmmc.o
    0x080052dc   0x0000000a   Code   RO         2437    i.SDMMC_PowerState_ON  stm32f7xx_ll_sdmmc.o
    0x080052e6   0x00000008   Code   RO         2438    i.SDMMC_ReadFIFO    stm32f7xx_ll_sdmmc.o
    0x080052ee   0x00000028   Code   RO         2439    i.SDMMC_SendCommand  stm32f7xx_ll_sdmmc.o
    0x08005316   0x0000000c   Code   RO         2441    i.SDMMC_WriteFIFO   stm32f7xx_ll_sdmmc.o
    0x08005322   0x00000008   Code   RO          216    i.SDRAM_Init        sdram.o
    0x0800532a   0x00000002   PAD
    0x0800532c   0x00000050   Code   RO          217    i.SDRAM_Initialization_Sequence  sdram.o
    0x0800537c   0x00000048   Code   RO          218    i.SDRAM_Send_Cmd    sdram.o
    0x080053c4   0x00000066   Code   RO         2701    i.SD_DMAError       stm32f7xx_hal_sd.o
    0x0800542a   0x00000046   Code   RO         2702    i.SD_DMAReceiveCplt  stm32f7xx_hal_sd.o
    0x08005470   0x0000004c   Code   RO         2703    i.SD_DMARxAbort     stm32f7xx_hal_sd.o
    0x080054bc   0x00000012   Code   RO         2704    i.SD_DMATransmitCplt  stm32f7xx_hal_sd.o
    0x080054ce   0x0000004c   Code   RO         2705    i.SD_DMATxAbort     stm32f7xx_hal_sd.o
    0x0800551a   0x0000012c   Code   RO         2706    i.SD_FindSCR        stm32f7xx_hal_sd.o
    0x08005646   0x000000fc   Code   RO         2707    i.SD_InitCard       stm32f7xx_hal_sd.o
    0x08005742   0x000000ee   Code   RO         2709    i.SD_PowerON        stm32f7xx_hal_sd.o
    0x08005830   0x00000060   Code   RO          909    i.SD_ReadBlocks_DMA  sdmmc.o
    0x08005890   0x00000064   Code   RO          910    i.SD_ReadDisk       sdmmc.o
    0x080058f4   0x00000026   Code   RO         2710    i.SD_Read_IT        stm32f7xx_hal_sd.o
    0x0800591a   0x00000032   Code   RO         2712    i.SD_SendStatus     stm32f7xx_hal_sd.o
    0x0800594c   0x0000006a   Code   RO         2713    i.SD_WideBus_Disable  stm32f7xx_hal_sd.o
    0x080059b6   0x0000006a   Code   RO         2714    i.SD_WideBus_Enable  stm32f7xx_hal_sd.o
    0x08005a20   0x00000060   Code   RO          911    i.SD_WriteBlocks_DMA  sdmmc.o
    0x08005a80   0x0000006c   Code   RO          912    i.SD_WriteDisk      sdmmc.o
    0x08005aec   0x00000026   Code   RO         2715    i.SD_Write_IT       stm32f7xx_hal_sd.o
    0x08005b12   0x00000002   Code   RO         1110    i.SVC_Handler       stm32f7xx_it.o
    0x08005b14   0x00000008   Code   RO         1111    i.SysTick_Handler   stm32f7xx_it.o
    0x08005b1c   0x000000f4   Code   RO          540    i.SystemClock_Config  main.o
    0x08005c10   0x00000064   Code   RO         5857    i.SystemInit        system_stm32f7xx.o
    0x08005c74   0x00000010   Code   RO         1112    i.TIM3_IRQHandler   stm32f7xx_it.o
    0x08005c84   0x000000d8   Code   RO         3019    i.TIM_Base_SetConfig  stm32f7xx_hal_tim.o
    0x08005d5c   0x00000016   Code   RO         3030    i.TIM_ETR_SetConfig  stm32f7xx_hal_tim.o
    0x08005d72   0x00000012   Code   RO         3031    i.TIM_ITRx_SetConfig  stm32f7xx_hal_tim.o
    0x08005d84   0x00000026   Code   RO         3039    i.TIM_TI1_ConfigInputStage  stm32f7xx_hal_tim.o
    0x08005daa   0x00000028   Code   RO         3041    i.TIM_TI2_ConfigInputStage  stm32f7xx_hal_tim.o
    0x08005dd2   0x000000f8   Code   RO         3935    i.UART_AdvFeatureConfig  stm32f7xx_hal_uart.o
    0x08005eca   0x00000048   Code   RO         3936    i.UART_CheckIdleState  stm32f7xx_hal_uart.o
    0x08005f12   0x00000018   Code   RO         3937    i.UART_DMAAbortOnError  stm32f7xx_hal_uart.o
    0x08005f2a   0x00000022   Code   RO         3947    i.UART_EndRxTransfer  stm32f7xx_hal_uart.o
    0x08005f4c   0x00000020   Code   RO         3948    i.UART_EndTransmit_IT  stm32f7xx_hal_uart.o
    0x08005f6c   0x0000006c   Code   RO         3950    i.UART_RxISR_16BIT  stm32f7xx_hal_uart.o
    0x08005fd8   0x00000068   Code   RO         3951    i.UART_RxISR_8BIT   stm32f7xx_hal_uart.o
    0x08006040   0x000003a4   Code   RO         3952    i.UART_SetConfig    stm32f7xx_hal_uart.o
    0x080063e4   0x00000068   Code   RO         3955    i.UART_WaitOnFlagUntilTimeout  stm32f7xx_hal_uart.o
    0x0800644c   0x0000001c   Code   RO         1113    i.USART1_IRQHandler  stm32f7xx_it.o
    0x08006468   0x00000004   Code   RO         1114    i.UsageFault_Handler  stm32f7xx_it.o
    0x0800646c   0x0000002e   Code   RO          339    i.W25QXX_Erase_Sector  w25q256.o
    0x0800649a   0x00000002   PAD
    0x0800649c   0x00000074   Code   RO          340    i.W25QXX_Init       w25q256.o
    0x08006510   0x00000044   Code   RO          342    i.W25QXX_Qspi_Enable  w25q256.o
    0x08006554   0x0000002c   Code   RO          343    i.W25QXX_Read       w25q256.o
    0x08006580   0x00000060   Code   RO          344    i.W25QXX_ReadID     w25q256.o
    0x080065e0   0x00000074   Code   RO          345    i.W25QXX_ReadSR     w25q256.o
    0x08006654   0x00000014   Code   RO          346    i.W25QXX_Wait_Busy  w25q256.o
    0x08006668   0x000000b8   Code   RO          347    i.W25QXX_Write      w25q256.o
    0x08006720   0x0000003c   Code   RO          349    i.W25QXX_Write_Enable  w25q256.o
    0x0800675c   0x00000046   Code   RO          350    i.W25QXX_Write_NoCheck  w25q256.o
    0x080067a2   0x00000034   Code   RO          351    i.W25QXX_Write_Page  w25q256.o
    0x080067d6   0x00000002   PAD
    0x080067d8   0x0000006c   Code   RO          352    i.W25QXX_Write_SR   w25q256.o
    0x08006844   0x00000020   Code   RO         6518    i.__0printf$1       mc_w.l(printf1.o)
    0x08006864   0x00000010   Code   RO         1259    i.__NVIC_GetPriorityGrouping  stm32f7xx_hal_cortex.o
    0x08006874   0x00000028   Code   RO         1260    i.__NVIC_SetPriority  stm32f7xx_hal_cortex.o
    0x0800689c   0x0000000e   Code   RO         6774    i.__scatterload_copy  mc_w.l(handlers.o)
    0x080068aa   0x00000002   Code   RO         6775    i.__scatterload_null  mc_w.l(handlers.o)
    0x080068ac   0x0000000e   Code   RO         6776    i.__scatterload_zeroinit  mc_w.l(handlers.o)
    0x080068ba   0x00000002   PAD
    0x080068bc   0x00000154   Code   RO         6525    i._printf_core      mc_w.l(printf1.o)
    0x08006a10   0x0000008a   Code   RO         5950    i.change_bitmap     ff.o
    0x08006a9a   0x00000002   PAD
    0x08006a9c   0x0000009c   Code   RO         5951    i.check_fs          ff.o
    0x08006b38   0x00000014   Code   RO         5952    i.chk_chr           ff.o
    0x08006b4c   0x00000062   Code   RO         5953    i.clmt_clust        ff.o
    0x08006bae   0x0000001a   Code   RO         5954    i.clst2sect         ff.o
    0x08006bc8   0x00000098   Code   RO         5955    i.cmp_lfn           ff.o
    0x08006c60   0x000001cc   Code   RO         5956    i.create_chain      ff.o
    0x08006e2c   0x00000254   Code   RO         5957    i.create_name       ff.o
    0x08007080   0x00000092   Code   RO         5958    i.create_xdir       ff.o
    0x08007112   0x00000002   PAD
    0x08007114   0x00000034   Code   RO         5959    i.dbc_1st           ff.o
    0x08007148   0x00000048   Code   RO         5960    i.dbc_2nd           ff.o
    0x08007190   0x0000007c   Code   RO         5961    i.dir_alloc         ff.o
    0x0800720c   0x000000c6   Code   RO         5962    i.dir_clear         ff.o
    0x080072d2   0x000001a8   Code   RO         5963    i.dir_find          ff.o
    0x0800747a   0x000000e0   Code   RO         5964    i.dir_next          ff.o
    0x0800755a   0x00000102   Code   RO         5965    i.dir_read          ff.o
    0x0800765c   0x00000224   Code   RO         5966    i.dir_register      ff.o
    0x08007880   0x000000aa   Code   RO         5968    i.dir_sdi           ff.o
    0x0800792a   0x00000032   Code   RO         5893    i.disk_initialize   diskio.o
    0x0800795c   0x00000094   Code   RO         5894    i.disk_ioctl        diskio.o
    0x080079f0   0x00000068   Code   RO         5895    i.disk_read         diskio.o
    0x08007a58   0x00000006   Code   RO         5896    i.disk_status       diskio.o
    0x08007a5e   0x00000078   Code   RO         5897    i.disk_write        diskio.o
    0x08007ad6   0x00000022   Code   RO         5969    i.f_close           ff.o
    0x08007af8   0x00000054   Code   RO         5977    i.f_mount           ff.o
    0x08007b4c   0x00000304   Code   RO         5978    i.f_open            ff.o
    0x08007e50   0x00000228   Code   RO         5983    i.f_read            ff.o
    0x08008078   0x000001a8   Code   RO         5988    i.f_sync            ff.o
    0x08008220   0x00000284   Code   RO         5991    i.f_write           ff.o
    0x080084a4   0x0000000e   Code   RO         6409    i.ff_memalloc       ffsystem.o
    0x080084b2   0x0000000e   Code   RO         6410    i.ff_memfree        ffsystem.o
    0x080084c0   0x00000068   Code   RO         6436    i.ff_oem2uni        ffunicode.o
    0x08008528   0x00000074   Code   RO         6437    i.ff_uni2oem        ffunicode.o
    0x0800859c   0x000000b0   Code   RO         6438    i.ff_wtoupper       ffunicode.o
    0x0800864c   0x00000036   Code   RO         5992    i.fill_first_frag   ff.o
    0x08008682   0x00000044   Code   RO         5993    i.fill_last_frag    ff.o
    0x080086c6   0x000000a4   Code   RO         5994    i.find_bitmap       ff.o
    0x0800876a   0x00000002   PAD
    0x0800876c   0x000004cc   Code   RO         5995    i.find_volume       ff.o
    0x08008c38   0x000000c4   Code   RO         5996    i.follow_path       ff.o
    0x08008cfc   0x0000001c   Code   RO         1048    i.fputc             usart.o
    0x08008d18   0x000000cc   Code   RO         5997    i.gen_numname       ff.o
    0x08008de4   0x00000190   Code   RO         5998    i.get_fat           ff.o
    0x08008f74   0x00000004   Code   RO         5898    i.get_fattime       diskio.o
    0x08008f78   0x0000004e   Code   RO         6000    i.get_ldnumber      ff.o
    0x08008fc6   0x00000032   Code   RO         6002    i.init_alloc_info   ff.o
    0x08008ff8   0x00000026   Code   RO         6003    i.ld_clust          ff.o
    0x0800901e   0x00000018   Code   RO         6004    i.ld_dword          ff.o
    0x08009036   0x00000062   Code   RO         6005    i.ld_qword          ff.o
    0x08009098   0x0000000c   Code   RO         6006    i.ld_word           ff.o
    0x080090a4   0x00000040   Code   RO         6007    i.load_obj_xdir     ff.o
    0x080090e4   0x0000010e   Code   RO         6008    i.load_xdir         ff.o
    0x080091f2   0x00000002   PAD
    0x080091f4   0x000002b0   Code   RO          541    i.main              main.o
    0x080094a4   0x00000024   Code   RO         6009    i.mem_cmp           ff.o
    0x080094c8   0x0000001a   Code   RO         6010    i.mem_cpy           ff.o
    0x080094e2   0x00000012   Code   RO         6011    i.mem_set           ff.o
    0x080094f4   0x00000034   Code   RO         6012    i.move_window       ff.o
    0x08009528   0x0000006c   Code   RO          453    i.my_mem_free       malloc.o
    0x08009594   0x0000002c   Code   RO          454    i.my_mem_init       malloc.o
    0x080095c0   0x000000a8   Code   RO          455    i.my_mem_malloc     malloc.o
    0x08009668   0x00000040   Code   RO          456    i.my_mem_perused    malloc.o
    0x080096a8   0x00000024   Code   RO          457    i.myfree            malloc.o
    0x080096cc   0x00000028   Code   RO          458    i.mymalloc          malloc.o
    0x080096f4   0x00000014   Code   RO          460    i.mymemset          malloc.o
    0x08009708   0x00000088   Code   RO         6013    i.pick_lfn          ff.o
    0x08009790   0x00000144   Code   RO         6014    i.put_fat           ff.o
    0x080098d4   0x00000080   Code   RO         6015    i.put_lfn           ff.o
    0x08009954   0x0000014a   Code   RO         6020    i.remove_chain      ff.o
    0x08009a9e   0x00000024   Code   RO         6021    i.st_clust          ff.o
    0x08009ac2   0x00000018   Code   RO         6022    i.st_dword          ff.o
    0x08009ada   0x0000005c   Code   RO         6023    i.st_qword          ff.o
    0x08009b36   0x0000000c   Code   RO         6024    i.st_word           ff.o
    0x08009b42   0x00000072   Code   RO         6025    i.store_xdir        ff.o
    0x08009bb4   0x00000020   Code   RO         6026    i.sum_sfn           ff.o
    0x08009bd4   0x00000090   Code   RO         6027    i.sync_fs           ff.o
    0x08009c64   0x0000004a   Code   RO         6028    i.sync_window       ff.o
    0x08009cae   0x0000004c   Code   RO         6029    i.tchar2uni         ff.o
    0x08009cfa   0x0000003c   Code   RO         6030    i.validate          ff.o
    0x08009d36   0x0000003a   Code   RO         6031    i.xdir_sum          ff.o
    0x08009d70   0x0000004c   Code   RO         6032    i.xname_sum         ff.o
    0x08009dbc   0x00004740   Data   RO          270    .constdata          lcd.o
    0x0800e4fc   0x00000024   Data   RO          467    .constdata          malloc.o
    0x0800e520   0x00000008   Data   RO         4727    .constdata          stm32f7xx_hal_dma.o
    0x0800e528   0x00000018   Data   RO         5858    .constdata          system_stm32f7xx.o
    0x0800e540   0x00000046   Data   RO         6035    .constdata          ff.o
    0x0800e586   0x0002abb6   Data   RO         6439    .constdata          ffunicode.o
    0x0803913c   0x00000020   Data   RO         6772    Region$$Table       anon$$obj.o


    Execution Region RW_IRAM1 (Base: 0x20020000, Size: 0x0002cf60, Max: 0x00060000, ABSOLUTE)

    Base Addr    Size         Type   Attr      Idx    E Section Name        Object

    0x20020000   0x00000001   Data   RW           14    .data               key.o
    0x20020001   0x00000003   PAD
    0x20020004   0x00000008   Data   RW          271    .data               lcd.o
    0x2002000c   0x00000003   Data   RW          354    .data               w25q256.o
    0x2002000f   0x00000001   PAD
    0x20020010   0x00000024   Data   RW          468    .data               malloc.o
    0x20020034   0x00000008   Data   RW          664    .data               fmc.o
    0x2002003c   0x00000008   Data   RW          759    .data               ltdc.o
    0x20020044   0x00000004   Data   RW         1050    .data               usart.o
    0x20020048   0x00000009   Data   RW         5106    .data               stm32f7xx_hal.o
    0x20020051   0x00000003   PAD
    0x20020054   0x00000004   Data   RW         5859    .data               system_stm32f7xx.o
    0x20020058   0x00000002   Data   RW         6036    .data               ff.o
    0x2002005a   0x00000002   PAD
    0x2002005c   0x00000004   Data   RW         6748    .data               mc_w.l(stdout.o)
    0x20020060   0x00001000   Zero   RW          353    .bss                w25q256.o
    0x20021060   0x00000020   PAD
    0x20021080   0x0002a800   Zero   RW          466    .bss                malloc.o
    0x2004b880   0x00000074   Zero   RW          663    .bss                fmc.o
    0x2004b8f4   0x000000c8   Zero   RW          758    .bss                ltdc.o
    0x2004b9bc   0x0000004c   Zero   RW          849    .bss                quadspi.o
    0x2004ba08   0x00000364   Zero   RW          914    .bss                sdmmc.o
    0x2004bd6c   0x00000040   Zero   RW         1000    .bss                tim.o
    0x2004bdac   0x000001a4   Zero   RW         1049    .bss                usart.o
    0x2004bf50   0x0000000c   Zero   RW         6034    .bss                ff.o
    0x2004bf5c   0x00000004   PAD
    0x2004bf60   0x00001000   Zero   RW            1    STACK               startup_stm32f767xx.o



  Load Region LR$$.ARM.__AT_0x20000000 (Base: 0x20000000, Size: 0x00000000, Max: 0x0000f000, ABSOLUTE)

    Execution Region ER$$.ARM.__AT_0x20000000 (Base: 0x20000000, Size: 0x0000f000, Max: 0x0000f000, ABSOLUTE, UNINIT)

    Base Addr    Size         Type   Attr      Idx    E Section Name        Object

    0x20000000   0x0000f000   Zero   RW          462    .ARM.__AT_0x20000000  malloc.o



  Load Region LR$$.ARM.__AT_0x2000F000 (Base: 0x2000f000, Size: 0x00000000, Max: 0x00000f00, ABSOLUTE)

    Execution Region ER$$.ARM.__AT_0x2000F000 (Base: 0x2000f000, Size: 0x00000f00, Max: 0x00000f00, ABSOLUTE, UNINIT)

    Base Addr    Size         Type   Attr      Idx    E Section Name        Object

    0x2000f000   0x00000f00   Zero   RW          463    .ARM.__AT_0x2000F000  malloc.o



  Load Region LR$$.ARM.__AT_0xC0000000 (Base: 0xc0000000, Size: 0x00000000, Max: 0x001f4000, ABSOLUTE)

    Execution Region ER$$.ARM.__AT_0xC0000000 (Base: 0xc0000000, Size: 0x001f4000, Max: 0x001f4000, ABSOLUTE, UNINIT)

    Base Addr    Size         Type   Attr      Idx    E Section Name        Object

    0xc0000000   0x001f4000   Zero   RW          757    .ARM.__AT_0xC0000000  ltdc.o



  Load Region LR$$.ARM.__AT_0xC01F4000 (Base: 0xc01f4000, Size: 0x00000000, Max: 0x01c3c000, ABSOLUTE)

    Execution Region ER$$.ARM.__AT_0xC01F4000 (Base: 0xc01f4000, Size: 0x01c3c000, Max: 0x01c3c000, ABSOLUTE, UNINIT)

    Base Addr    Size         Type   Attr      Idx    E Section Name        Object

    0xc01f4000   0x01c3c000   Zero   RW          464    .ARM.__AT_0xC01F4000  malloc.o



  Load Region LR$$.ARM.__AT_0xC1E30000 (Base: 0xc1e30000, Size: 0x00000000, Max: 0x001c3c00, ABSOLUTE)

    Execution Region ER$$.ARM.__AT_0xC1E30000 (Base: 0xc1e30000, Size: 0x001c3c00, Max: 0x001c3c00, ABSOLUTE, UNINIT)

    Base Addr    Size         Type   Attr      Idx    E Section Name        Object

    0xc1e30000   0x001c3c00   Zero   RW          465    .ARM.__AT_0xC1E30000  malloc.o


==============================================================================

Image component sizes


      Code (inc. data)   RO Data    RW Data    ZI Data      Debug   Object Name

       432          4          0          0          0       7652   diskio.o
       100          4          0          0          0        722   dma.o
     11168        118         70          2         12      67307   ff.o
        28          0          0          0          0       1051   ffsystem.o
       396         28     175030          0          0       2856   ffunicode.o
       472         40          0          8        116       2858   fmc.o
         2          0          0          0          0        439   gfxsimulator.o
       420         20          0          0          0       1163   gpio.o
       208         16          0          1          0     915663   key.o
       372         28      18240          8          0       2587   lcd.o
      1264        102          0          8    2048200       6931   ltdc.o
      1214        346          0          0          0      38543   main.o
       480         54         36         36   31695616       6122   malloc.o
       460         42          0          0         76       3784   quadspi.o
       992         82          0          0        868       6080   sdmmc.o
       160         10          0          0          0       1782   sdram.o
        36          8        504          0       4096        816   startup_stm32f767xx.o
       200         34          0          9          0       9025   stm32f7xx_hal.o
       304         22          0          0          0      39283   stm32f7xx_hal_cortex.o
      1282         16          8          0          0       6641   stm32f7xx_hal_dma.o
       582         52          0          0          0       3616   stm32f7xx_hal_gpio.o
      1118          6          0          0          0       4517   stm32f7xx_hal_ltdc.o
        64          4          0          0          0        782   stm32f7xx_hal_msp.o
        82          0          0          0          0       1180   stm32f7xx_hal_nand.o
       144          8          0          0          0       1232   stm32f7xx_hal_pwr_ex.o
      1386          8          0          0          0       6864   stm32f7xx_hal_qspi.o
      1860         70          0          0          0       5392   stm32f7xx_hal_rcc.o
      1880         16          0          0          0       2196   stm32f7xx_hal_rcc_ex.o
      3452         26          0          0          0      19113   stm32f7xx_hal_sd.o
       162          0          0          0          0       2648   stm32f7xx_hal_sdram.o
      1158         56          0          0          0       9251   stm32f7xx_hal_tim.o
       126         10          0          0          0       2968   stm32f7xx_hal_tim_ex.o
      2586         64          0          0          0      11852   stm32f7xx_hal_uart.o
       156         44          0          0          0       7256   stm32f7xx_it.o
       460         10          0          0          0       5473   stm32f7xx_ll_fmc.o
      2090         40          0          0          0      23484   stm32f7xx_ll_sdmmc.o
       100         18         24          4          0       1095   system_stm32f7xx.o
       220         28          0          0         64       2090   tim.o
       504         54          0          4        420       2954   usart.o
       980         36          0          3       4096       7608   w25q256.o

    ----------------------------------------------------------------------
     39140       1524     193944         92   33753600    1242876   Object Totals
         0          0         32          0          0          0   (incl. Generated)
        40          0          0          9         36          0   (incl. Padding)

    ----------------------------------------------------------------------

      Code (inc. data)   RO Data    RW Data    ZI Data      Debug   Library Member Name

         0          0          0          0          0          0   entry.o
         0          0          0          0          0          0   entry10a.o
         0          0          0          0          0          0   entry11a.o
         8          4          0          0          0          0   entry2.o
         4          0          0          0          0          0   entry5.o
         0          0          0          0          0          0   entry7b.o
         0          0          0          0          0          0   entry8b.o
         8          4          0          0          0          0   entry9a.o
        30          0          0          0          0          0   handlers.o
        36          8          0          0          0         68   init.o
        30          0          0          0          0         68   llshl.o
        32          0          0          0          0         68   llushr.o
        36          0          0          0          0         68   memcpya.o
        36          0          0          0          0        108   memseta.o
       372         14          0          0          0        184   printf1.o
         0          0          0          4          0          0   stdout.o
        44          0          0          0          0         80   uidiv.o
        98          0          0          0          0         92   uldiv.o

    ----------------------------------------------------------------------
       736         30          0          4          0        736   Library Totals
         2          0          0          0          0          0   (incl. Padding)

    ----------------------------------------------------------------------

      Code (inc. data)   RO Data    RW Data    ZI Data      Debug   Library Name

       734         30          0          4          0        736   mc_w.l

    ----------------------------------------------------------------------
       736         30          0          4          0        736   Library Totals

    ----------------------------------------------------------------------

==============================================================================


      Code (inc. data)   RO Data    RW Data    ZI Data      Debug   

     39876       1554     193944         96   33753600    1214504   Grand Totals
     39876       1554     193944         96   33753600    1214504   ELF Image Totals
     39876       1554     193944         96          0          0   ROM Totals

==============================================================================

    Total RO  Size (Code + RO Data)               233820 ( 228.34kB)
    Total RW  Size (RW Data + ZI Data)          33753696 (32962.59kB)
    Total ROM Size (Code + RO Data + RW Data)     233916 ( 228.43kB)

==============================================================================

